[    0.000000] Initializing cgroup subsys cpuset
[    0.000000] Iniiaizngcgroup subsys cpu
[    0.000000] Initializing cgroup subsys cpuacct
[    0.000000] Linux version 4.4.0-119-generic (buildd@lcy01-amd64-01) gcc version 5.4.0 20160609 (Ubuntu 5..0-6ubuntu16.04.9) ) #143Ubuntu SMP Mon Apr 2 16:08:24 UTC 2018 (Ubuntu 4.4.0-119.143-generic 4.4.114)
[    0.000000]Comand lie:BOT_MAGE=/boot/vmlinuz-4.4.0-119-generic root=LABEL=coumgrootfs ro console=tty1 console=ttyS0
[    0.000000] KERNEL supported cpus:
[    0.000000]   Intel GenuineIntel
[    0.000000  AM AthenticMD
[    0.000000]   Centaur CentaurHauls
[    0.000000] x86/fu: xsatee_offset[2]:  576, xstate_sizes[2]:  256
[    0.000000] x86/fpu: Supporng XSAVE feature 0x01: 'x87 floating point registers'
[    0.000000] x86/fpu: Supporting XSAVE feature 0x02: 'SSE registers'
[    0.000000] x86/fpu: Supporting XSVE feature 0x04: 'AVX registers'
[    0.000000] x86/fpu: Enabled xstate features 0x7, contex size is 832 bytes, using 'standard' format.
[    0.000000] x86/fpu: Using 'lazy' FPU context switches.
[    0.000000] e820: BIOS-provided physical RAM mp:
[    0000000] BIOS-e820: [mem 0x000000000000000-0x00000000009fbff] usable
[    0.000000] BIOS-e820: [mem 0x000000000009fc00-0x000000000009ffff] reserved
[    0.000000] BIOS-e820: [mem 0x00000000000f0000-0x00000000000fffff] reserved
[    0.000000] BIOS-e820: [mem 0x0000000000100000-0x000000007ffeffff] usable
[    0.000000] BIOS-e82: mem 0x0000000fff0000-0x000000007fffffff] ACPI data
[    0.000000] BIOS-e820: [mem 0x00000000fec00000-0x00000000fec00fff] reserved
[    0.000000] BIOS-e820: [mem 0x00000000fee00000-0x00000000fee00fff] reserved
[    0.000000] BIOS-e820: [mem 0x00000000fffc0000-0x00000000ffffffff] reserved
[    0.000000] NX (Execute Disable) protection: active
[    0.000000] SMBIOS 2.5 present.
[    0.000000] Hypervisor detected: KVM
[    0.00000] e820: last_pfn = 0x7fff0 max_archpfn = 0x400000000
[    0.000000]MTRR: Disabled
[    00000] x86/AT MRRs disabled, skipping PAT initialization too
[    0.000000] CPU MTRRs all blnk - virtualized system.
[    0.00000] 86AT: Configuration [0-7]: WB  WT  UC- UC  WB  WT  UC- UC  
[    00000] ound SMP MPtablat[mem 0x0009fff0-0x0009ffff] mapped at [ffff88000009ff0]
[    0.0000] Scanning 1 areas for low memoryoruption
[   00000] RAMDIS: [m 0x3ae400-0x3759fff]
[    0.000000] ACPI: Early tablecheckumveifcation disbl
    0.000000] ACPI: RSDP 0x00000000000E0000 000024 (v02 VBOX  )
[    0.000000] AI:XST 0x00000007FFF0300003Cv0 VX   VBXXDT0000001 ASL  00000061)
[    0.000000] ACPI: FCP0x000000007FFF00F0 0000F4 (v04 VBOX   VOXFACP 00000001 ASL  00000061)
[    0.000000] ACPI: DSDT 0x000000007FFF0470 0021FF (v02 VBOX   VBOXBIOS 00000002 INTL 20100528)
[    0.000000] ACPI: FACS 0x000000007FFF0200 000040
[    0.000000] ACPI: FACS 0x000000007FFF0200 000040
[   0000000] ACPI: APIC 0x000000007FFF0240 00005C (v02 VBOX   VBXAPIC 00000001 ASL  00000061)
[    0.00000] ACPI: SSDT 0x000000007FFF02A0 0001CC(v01 VBOX   VBXCPUT 000002 INTL 2010058)
[    0.000000] No NUMA configuration found
[    0.000000]Fain anode at [mem 0x0000000000000000-0x000000007ffeffff][   0.000000] NODE_DATA(0) allocated [mem 0x7ffeb000-0x7ffeffff]
[    0.000000] kvm-clock: Using msrs 4b564d01 and 4b564d00
[    0.000000] kvm-clock: cpu 0, msr 0:7ffe3001, primary cpu clock
[    0.000000] kvm-clock: using sched offs o 349150198 cycles
[    0.000000] clocksource: kvm-clock: mask: 0xffffffffffffffff max_cycles: 0x1cd42e4dffb, max_idle_ns: 881590591483 
   0.000000] Zone rranges:
[    0.000000]   DMA      [mem 0x000000000000100-00000000fffff]
[    0.000000]   DMA32    [mem 0x0000000001000000-0x000000fefff]
[    0.000000]    Norm   mpty
    0.000000  evce   empty
[    0.0000] Mabe one start for each de
[   0.000] Elymeor node rangs[    0.000000]   nod   0:me0x0000000000001000-0x000000000009efff]
[    0.000000]   node   0: [mem 0x0000000000100000-0x0000007fefff]
[    0000] Initmem setup ne 0 [mem 0x0000000000001000-0x000000007fffff]
[    0.000000] ACPI: PM-Timer IO Port 040
[   0000] IAP[0: apicid, erio32 addes0xec00000, GI 23
[    0000] ACPI: INT_SR_OR (bs 0 bus_iirq global_irq 2 dfl dfl)
[    0.000000] ACPI: INT_SRC_OVR (bus 0 bu_irq 9 global_irq 9 low level)
[    0.000000] Using ACPI (MADT) orSMcofiguraonnformation
[    0.000000] smpboot: Allowing 2 CPUs, 0 htpg CPUs
[    0.000000] PM: Registered nosave memry: [mem 0x00000000-0x00000fff]
[    0.000000] PM: Registered nosave mmo: [mem 0x0009f000-0x0009ffff]
[    0.000000] PM: Registered nosave memory: [mem 0x000a0000-0x00effff]
[    0.000000] PM: Reisrenosavmery [me 0x00000-0x00fff][    0.000]e820 [mem 0x80000000-0xfebfffff] available for PCIdeces
  0.0000]oongparavirtuliederel on VM[   0.000] clocouce refin-jfies: as 0xffffff max_cycles: 0xfffff, max_dl_n 76451601168 ns
[    0.000]setup_percpu NCPS:512 nr_cpumask_bts:2 r_cpu_ids:2 nr_node_ids:1
[    0.000000] PRC: mbdded 34 pages/cpu @ffff88007fc00000 s99544 r8192 d31528 u1048576
[   0.000] PV qspinock hash table entries25(oorder: 0, 4096 bytes)
[    0.000000] Built 1 zonelists in Node order, mobility grouping on.  Total pages: 515960
[    0.000000] Policy zone:DM32
[    0.000000] ernel command line: BOOT_IMAGE=/bootvmluz-4.4.0-119-generic oot=LABEL=cloudimg-rootfs ro console=tty1 console=ttyS0
[    0.000000] PID hash table entries: 4096 (order: 3, 32768 bytes)
[    0.000000] Memory: 2033940K/2096696K available (8532K kernel code, 1313K rda, 996K rodata, 1508K init, 1316K bss, 62756K reserved, 0K cma-reservd)
[  0.000000] SLUB: HWalign=64, Order=0-3, MinObjects=0, CPUs=2, Nodes=1
[    0.000000] Kernel/User page tables isolation: enabled
[    0.000000] Hierarchical RCU implementation.
[    0.000000] Build-time adjustment of leaf fanout to 64.
[    0.000000] 	RCU restricting CPUs from NR_CPUS=512 to nr_cpu_ids=2.
[    0.000000] RCU: Adjusting geometry for rcu_fanout_leaf=64, nr_cpu_ids=2
[    0.000000] NR_IRQS:33024 nr_irqs:440 16
[    0.000000] Console: colour VGA+ 80x25
[    0.0000] console [tty1] enabled
[    0.000000] console [ttyS0] enabled
[   0.000000] tsc:: Detected 2495.998 MHz processor
[    5.645620] Calibrating delay loop (skipped) preset value.. 4991.99 BogoMIPS (lpj=9983992)
[    5.662960] pid_max: default: 32768 minimum: 301
[    5.664148] ACPI: Core revision 20150930
[    5.665945] ACPI: 2 ACPI AML tables successfully acquired and loaded
[    5.668705] Security Framework initialized
[    5.676814] Yama: becoming mindful.
[    5.677796] AppArmor: AppArmor initialized
[    5.680841] Dentry cache hash table entries: 262144 (order: 9, 2097152 bytes)
[    5.684049] Inode-cache hash table entries: 131072 (order: 8, 1048576 bytes)
[    5.688617] Mount-cache hash table entries: 4096 (order: 3, 32768 bytes)
[    5.695922] Mountpoint-cache hash table entries: 4096 (order: 3, 32768 bytes)
[    5.697769] Initializing cgroup subsys io
[    5.698894] Initializing cgroup subsys memory
[    5.700218] Initializing cgroup subsys devices
[    5.701594] Initializing cgroup subsys freezer
[    5.703237] Initializing cgroup subsys net_cls
[    5.704391] Initializing cgroup subsys perf_event
[    5.715836] Initializing cgroup subsys net_prio
[    5.734888] Initializing cgroup subsys hugetlb
[    5.736028] Initializing cgroup subsys pids
[    5.737180] CPU: Physical Processor ID: 0
[    5.738252] CPU: Processor Core ID: 0
[    5.747549] FEATURE SPEC_CTRL Not Present
[    5.766471] mce: CPU supports 0 MCE banks
[    5.779650] Last level iTLB entries: 4KB 64, 2MB 8, 4MB 8
[    5.817259] Last level dTLB entries: 4KB 64, 2MB 0, 4MB 0, 1GB 4
[    5.895839] Spectre V2 mitigation: Mitigation: Full generic retpoline
[    5.959011] Spectre V2 mitigation: Speculation control IBPB not-supported IBRS not-supported
[    6.026393] Spectre V2 mitigation: Filling RSB on context switch
[    6.064209] Freeing SMP alternatives memory: 32K
[    6.112423] ftrace: allocating 32195 entries in 126 pages
[    6.267721] smpboot: APIC(0) Converting physical 0 to logical package 0
[    6.336438] smpboot: Max logical packages: 1
[    6.344309] x2apic enabled
[    6.345195] Switched APIC routing to physical x2apic.
[    6.386762] ..TIMER: vector=0x30 apic1=0 pin1=2 apic2=-1 pin2=-1
[    6.535196] smpboot: CPU0: Intel(R) Core(TM) i7-7660U CPU @ 2.50GHz (family: 0x6, model: 0x8e, stepping: 0x9)
[    6.548301] Performance Events: unsupported p6 CPU model 142 no PMU driver, software events only.
[    6.596953] KVM setup paravirtual spinlock
[    6.600531] x86: Booting SMP configuration:
[    6.605391] .... node  #0, CPUs:      #1
[    6.606628] kvm-clock: cpu 1, msr 0:7ffe3041, secondary cpu clock
[    6.614766] mce: CPU supports 0 MCE banks
[    6.642983] x86: Booted up 1 node, 2 CPUs
[    6.650252] smpboot: Total of 2 processors activated (9983.99 BogoMIPS)
[    6.670014] devtmpfs: initialized
[    6.683498] evm: security.selinux
[    6.701577] evm: security.SMACK64
[    6.702872] evm: security.SMACK64EXEC
[    6.705321] evm: security.SMACK64TRANSMUTE
[    6.737723] evm: security.SMACK64MMAP
[    6.766857] evm: security.ima
[    6.775529] evm: security.capability
[    6.799068] clocksource: jiffies: mask: 0xffffffff max_cycles: 0xffffffff, max_idle_ns: 7645041785100000 ns
[    6.823969] futex hash table entries: 512 (order: 3, 32768 bytes)
[    6.833652] pinctrl core: initialized pinctrl subsystem
[    6.839382] RTC time: 14:07:15, date: 07/02/18
[    6.841768] NET: Registered protocol family 16
[    6.858709] cpuidle: using governor ladder
[    6.890845] cpuidle: using governor menu
[    6.937944] PCCT header not found.
[    6.942273] ACPI: bus type PCI registered
[    6.951763] acpiphp: ACPI Hot Plug PCI Controller Driver version: 0.5
[    6.979733] PCI: Using configuration type 1 for base access
[    7.013250] ACPI: Added _OSI(Module Device)
[    7.028098] ACPI: Added _OSI(Processor Device)
[    7.037641] ACPI: Added _OSI(3.0 _SCP Extensions)
[    7.043788] ACPI: Added _OSI(Processor Aggregator Device)
[    7.065453] ACPI: Executed 1 blocks of module-level executable AML code
[    7.089948] ACPI: Interpreter enabled
[    7.099914] ACPI: (supports S0 S5)
[    7.106544] ACPI: Using IOAPIC for interrupt routing
[    7.112769] PCI: Using host bridge windows from ACPI; if necessary, use "pci=nocrs" and report a bug
[    7.142849] ACPI: PCI Root Bridge [PCI0] (domain 0000 [bus 00-ff])
[    7.152158] acpi PNP0A03:00: _OSC: OS supports [ASPM ClockPM Segments MSI]
[    7.154855] acpi PNP0A03:00: _OSC: not requesting OS control; OS requires [ExtendedConfig ASPM ClockPM MSI]
[    7.167894] acpi PNP0A03:00: fail to add MMCONFIG information, can't access extended PCI configuration space under this bridge.
[    7.179037] PCI host bridge to bus 0000:00
[    7.209496] pci_bus 0000:00: root bus resource [io  0x0000-0x0cf7 window]
[    7.221106] pci_bus 0000:00: root bus resource [io  0x0d00-0xffff window]
[    7.234526] pci_bus 0000:00: root bus resource [mem 0x000a0000-0x000bffff window]
[    7.257498] pci_bus 0000:00: root bus resource [mem 0x80000000-0xfdffffff window]
[    7.274223] pci_bus 0000:00: root bus resource [bus 00-ff]
[    7.278030] pci 0000:00:01.1: legacy IDE quirk: reg 0x10: [io  0x01f0-0x01f7]
[    7.281153] pci 0000:00:01.1: legacy IDE quirk: reg 0x14: [io  0x03f6]
[    7.301557] pci 0000:00:01.1: legacy IDE quirk: reg 0x18: [io  0x0170-0x0177]
[    7.330274] pci 0000:00:01.1: legacy IDE quirk: reg 0x1c: [io  0x0376]
[    7.368529] pci 0000:00:07.0: quirk: [io  0x4000-0x403f] claimed by PIIX4 ACPI
[    7.375798] pci 0000:00:07.0: quirk: [io  0x4100-0x410f] claimed by PIIX4 SMB
[    7.392873] ACPI: PCI Interrupt Link [LNKA] (IRQs 5 9 10 *11)
[    7.415523] ACPI: PCI Interrupt Link [LNKB] (IRQs 5 9 *10 11)
[    7.432164] ACPI: PCI Interrupt Link [LNKC] (IRQs 5 *9 10 11)
[    7.435399] ACPI: PCI Interrupt Link [LNKD] (IRQs 5 9 10 *11)
[    7.460625] ACPI: Enabled 2 GPEs in block 00 to 07
[    7.469584] vgaarb: setting as boot device: PCI:0000:00:02.0
[    7.505479] vgaarb: device added: PCI:0000:00:02.0,decodes=io+mem,owns=io+mem,locks=none
[    7.507152] vgaarb: loaded
[    7.531031] vgaarb: bridge control possible 0000:00:02.0
[    7.539348] SCSI subsystem initialized
[    7.548406] ACPI: bus type USB registered
[    7.549507] usbcore: registered new interface driver usbfs
[    7.550966] usbcore: registered new interface driver hub
[    7.586218] usbcore: registered new device driver usb
[    7.587867] PCI: Using ACPI for IRQ routing
[    7.600629] NetLabel: Initializing
[    7.606259] NetLabel:  domain hash size = 128
[    7.607522] NetLabel:  protocols = UNLABELED CIPSOv4
[    7.608959] NetLabel:  unlabeled traffic allowed by default
[    7.611153] amd_nb: Cannot enumerate AMD northbridges
[    7.613739] clocksource: Switched to clocksource kvm-clock
[    7.631031] AppArmor: AppArmor Filesystem Enabled
[    .6605] pnp: PnP ACPIin
   7359]npPnACPI: found 3 devices

[  8.1363]clocksource: acpi_p: mask: 0xffff max_cycles: 0xffffff, max_idle_ns: 208570124 
[    8.432609] NET: Regiserd otcol family 2

[    8.567348] TCP established hash table entries: 16384 (order: 5, 131072 bytes)
[    8.71999]TCP indhah tbl entries: 1684orer6,6244 bytes)
[    9.051843] TCP: Hash tables configured (established 1634 bi 1684)
[   .19192] UDP hash table entries: 1024 (order:3,32768 yt)
[    9.430851] UDP-Lite hh table entries: 1024 (order: 3, 32768 bte)
[    9.629960] NET: Registered protocol famil 1
[    9.62228]pc 0000:.0: Limingdiect PCI/PCI transfs[   10.273138] pci 00::00: Actvating ISA DMA hang workarounds
[   10.67326] npacking initramfs...

[   12.874079] Freeing initrd memory: 10776K
[   12.940301] platform rtc_cmos: registered platform RTC device (no PNP device found)
[  1.928] anning fo lw memory orrptonevry60ecds
[   13.457967] audit: initializing netlink subsys (disabled)
[   13.520393] audit: type=2000 audit(1530540439.899:1): initialized
[   13.570648] Initialise system trusted keyring
[   13.628888]ugTLB reiser 2 MB page sie, pre-allocated 0 pages
[   1887312] zbu: oad

[   4.0242] tsc: Refined TSC clocksource calibration:2495.361 MH
[   14.259990] cockource t: mask:0xffffffffffaxycs:x2f81bb8411, max_idle_ns: 440795310964 ns

[   4.6015 VFS:isk quotas dquot_6.6.0

[   14.260348] VFS: Dquot-cache hash table entries: 512 (order 0, 4096 bytes)
[   14.260651] squashfs: version 4.0 (2009/01/31) Phillip Lougher
[   14.260900] fuse init (API version 7.23)
[   14.261015] Key type big_key registered
[   14.261033] Allocating IMA MOK and blacklist keyrings.
[   14.261258] Key type asymmetric registered
[   14.261266] Asymmetric key parser 'x509' registered
[   14.261302] Block layer SCSI generic (bsg) driver version 0.4 loaded (major 249)
[   14.261332] io scheduler noop registered
[   14.261334] io scheduler deadline registered (default)
[   14.261366] io scheduler cfq registered
[   14.261525] pci_hotplug: PCI Hot Plug PCI Core version: 0.5
[   14.261532] pciehp: PCI Express Hot Plug Controller Driver version: 0.4
[   14.262017] ACPI: AC Adapter [AC] (off-line)
[   14.262110] input: Power Button as /devices/LNXSYSTM:00/LNXPWRBN:00/input/input0
[   14.262114] ACPI: Power Button [PWRF]
[   14.262224] input: Sleep Button as /devices/LNXSYSTM:00/LNXSLPBN:00/input/input1
[   14.262226] ACPI: Sleep Button [SLPF]
[   14.262424] GHES: HEST is not enabled!
[   14.264085] ACPI: Battery Slot [BAT0] (battery present)
[   14.264160] Serial: 8250/16550 driver, 32 ports, IRQ sharing enabled
[   14.914034] 00:02: ttyS0 at I/O 0x3f8 (irq = 4, base_baud = 115200) is a 16550A
[   15.054780] Linux agpgart interface v0.103
[   15.065567] loop: module loaded
[   15.066177] scsi host0: ata_piix
[   15.066241] scsi host1: ata_piix
[   15.066275] ata1: PATA max UDMA/33 cmd 0x1f0 ctl 0x3f6 bmdma 0xd000 irq 14
[   15.066276] ata2: PATA max UDMA/33 cmd 0x170 ctl 0x376 bmdma 0xd008 irq 15
[   15.066356] libphy: Fixed MDIO Bus: probed
[   15.066358] tun: Universal TUN/TAP device driver, 1.6
[   15.066359] tun: (C) 1999-2004 Max Krasnyansky <maxk@qualcomm.com>
[   15.066804] PPP generic driver version 2.4.2
[   15.066864] ehci_hcd: USB 2.0 'Enhanced' Host Controller (EHCI) Driver
[   15.066869] ehci-pci: EHCI PCI platform driver
[   15.066886] ehci-platform: EHCI generic platform driver
[   15.066895] ohci_hcd: USB 1.1 'Open' Host Controller (OHCI) Driver
[   15.066899] ohci-pci: OHCI PCI platform driver
[   15.066907] ohci-platform: OHCI generic platform driver
[   15.066915] uhci_hcd: USB Universal Host Controller Interface driver
[   15.066973] i8042: PNP: PS/2 Controller [PNP0303:PS2K,PNP0f03:PS2M] at 0x60,0x64 irq 1,12
[   15.098696] serio: i8042 KBD port at 0x60,0x64 irq 1
[   15.098704] serio: i8042 AUX port at 0x60,0x64 irq 12
[   15.098842] mousedev: PS/2 mouse device common for all mice
[   15.099288] rtc_cmos rtc_cmos: rtc core: registered rtc_cmos as rtc0
[   15.099344] rtc_cmos rtc_cmos: alarms up to one day, 114 bytes nvram
[   15.099353] i2c /dev entries driver
[   15.099414] device-mapper: uevent: version 1.0.3
[   15.099473] device-mapper: ioctl: 4.34.0-ioctl (2015-10-28) initialised: dm-devel@redhat.com
[   15.099494] ledtrig-cpu: registered to indicate activity on CPUs
[   15.099785] NET: Registered protocol family 10
[   15.099933] NET: Registered protocol family 17
[   15.099943] Key type dns_resolver registered
[   15.100168] registered taskstats version 1
[   15.100181] Loading compiled-in X.509 certificates
[   15.100847] Loaded X.509 cert 'Build time autogenerated kernel key: f854e06633b5f496ced5b2e02c7b14f761b69302'
[   15.100868] zswap: loaded using pool lzo/zbud
[   15.102568] Key type trusted registered
[   15.105253] Key type encrypted registered
[   15.105260] AppArmor: AppArmor sha1 policy hashing enabled
[   15.105263] ima: No TPM chip found, activating TPM-bypass!
[   15.105284] evm: HMAC attrs: 0x1
[   15.105898]   Magic number: 10:703:130
[   15.115768] rtc_cmos rtc_cmos: setting system clock to 2018-07-02 14:07:23 UTC (1530540443)
[   15.117080] BIOS EDD facility v0.16 2004-Jun-25, 0 devices found
[   15.117081] EDD information not available.
[   15.247284] input: AT Translated Set 2 keyboard as /devices/platform/i8042/serio0/input/input2
[   16.431147] Freeing unused kernel memory: 1508K
[   16.530224] Write protecting the kernel read-only data: 14336k
[   16.566900] Freeing unused kernel memory: 1696K
[   16.580761] Freeing unused kernel memory: 100K
Loading, please wait...
starting version[   16.617789] random: systemd-udevd: uninitialized urandom read (16 bytes read, 5 bits of entropy available)
 229
[   16.618359] random: udevadm: uninitialized urandom read (16 bytes read, 5 bits of entropy available)
[   16.618377] random: udevadm: uninitialized urandom read (16 bytes read, 5 bits of entropy available)
[   16.627071] random: udevadm: uninitialized urandom read (16 bytes read, 5 bits of entropy available)
[   16.627104] random: udevadm: uninitialized urandom read (16 bytes read, 5 bits of entropy available)
[   16.627206] random: udevadm: uninitialized urandom read (16 bytes read, 5 bits of entropy available)
[   16.627241] random: udevadm: uninitialized urandom read (16 bytes read, 5 bits of entropy available)
[   16.627275] random: udevadm: uninitialized urandom read (16 bytes read, 5 bits of entropy available)
[   16.627311] random: udevadm: uninitialized urandom read (16 bytes read, 5 bits of entropy available)
[   16.627344] random: udevadm: uninitialized urandom read (16 bytes read, 5 bits of entropy available)
[   16.896364] Fusion MPT base driver 3.04.20
[   16.911585] Copyright (c) 1999-2008 LSI Corporation
[   16.916786] e1000: Intel(R) PRO/1000 Network Driver - version 7.3.21-k8-NAPI
[   16.916786] e1000: Copyright (c) 1999-2006 Intel Corporation.
[   16.936266] Fusion MPT SPI Host driver 3.04.20
[   16.955800] AVX2 version of gcm_enc/dec engaged.
[   16.994841] AES CTR mode by8 optimization enabled
[   17.136338] input: ImExPS/2 Generic Explorer Mouse as /devices/platform/i8042/serio1/input/input4
[   17.385646] e1000 0000:00:03.0 eth0: (PCI:33MHz:32-bit) 02:62:8c:65:d6:7a
[   17.419841] e1000 0000:00:03.0 eth0: Intel(R) PRO/1000 Network Connection
[   17.444784] mptbase: ioc0: Initiating bringup
[   17.514443] ioc0: LSI53C1030 A0: Capabilities={Initiator}
[   17.726383] scsi host2: ioc0: LSI53C1030 A0, FwRev=00000000h, Ports=1, MaxQ=256, IRQ=20
[   17.938202] scsi 2:0:0:0: Direct-Access     VBOX     HARDDISK         1.0  PQ: 0 ANSI: 5
[   18.023912] scsi target2:0:0: Beginning Domain Validation
[   18.026979] scsi target2:0:0: Domain Validation skipping write tests
[   18.053995] scsi target2:0:0: Ending Domain Validation
[   18.082718] scsi target2:0:0: asynchronous
[   18.088389] scsi 2:0:1:0: Direct-Access     VBOX     HARDDISK         1.0  PQ: 0 ANSI: 5
[   18.140769] scsi target2:0:1: Beginning Domain Validation
[   18.153093] scsi target2:0:1: Domain Validation skipping write tests
[   18.202592] scsi target2:0:1: Ending Domain Validation
[   18.222134] scsi target2:0:1: asynchronous
[   18.238407] sd 2:0:0:0: Attached scsi generic sg0 type 0
[   18.251455] sd 2:0:0:0: [sda] 20971520 512-byte logical blocks: (10.7 GB/10.0 GiB)
[   18.251754] sd 2:0:1:0: Attached scsi generic sg1 type 0
[   18.252061] sd 2:0:1:0: [sdb] 20480 512-byte logical blocks: (10.5 MB/10.0 MiB)
[   18.252232] sd 2:0:1:0: [sdb] Write Protect is off
[   18.252332] sd 2:0:1:0: [sdb] Incomplete mode parameter data
[   18.252333] sd 2:0:1:0: [sdb] Assuming drive cache: write through
[   18.255436] sd 2:0:1:0: [sdb] Attached SCSI disk
[   18.320235] sd 2:0:0:0: [sda] Write Protect is off
[   18.332697] sd 2:0:0:0: [sda] Incomplete mode parameter data
[   18.342732] sd 2:0:0:0: [sda] Assuming drive cache: write through
[   18.355120]  sda: sda1
[   18.359234] sd 2:0:0:0: [sda] Attached SCSI disk
[   18.403085] e1000 0000:00:08.0 eth1: (PCI:33MHz:32-bit) 08:00:27:b0:2e:29
[   18.423607] e1000 0000:00:08.0 eth1: Intel(R) PRO/1000 Network Connection
[   18.456751] e1000 0000:00:08.0 enp0s8: renamed from eth1
[   18.474779] e1000 0000:00:03.0 enp0s3: renamed from eth0
[   19.914364] floppy0: no floppy controllers found
Begin: Loading e[   22.307302] md: linear personality registered for level -1
ssential drivers[   22.341380] md: multipath personality registered for level -4
 ... [   22.394799] md: raid0 personality registered for level 0
[   22.468062] md: raid1 personality registered for level 1
[   22.566011] raid6: sse2x1   gen()  9062 MB/s
[   22.642050] raid6: sse2x1   xor()  5719 MB/s
[   22.713835] raid6: sse2x2   gen()  4924 MB/s
[   22.785900] raid6: sse2x2   xor()  5169 MB/s
[   22.858056] raid6: sse2x4   gen()  5485 MB/s
[   22.937833] raid6: sse2x4   xor()  3898 MB/s
[   23.014052] raid6: avx2x1   gen() 11472 MB/s
[   23.086007] raid6: avx2x2   gen() 12226 MB/s
[   23.169859] raid6: avx2x4   gen() 15814 MB/s
[   23.174985] raid6: using algorithm avx2x4 gen() 15814 MB/s
[   23.206848] raid6: using avx2x2 recovery algorithm
[   23.215771] xor: automatically using best checksumming function:
[   23.301909]    avx       : 17861.000 MB/sec
[   23.349174] async_tx: api initialized (async)
[   23.366718] md: raid6 personality registered for level 6
[   23.375590] md: raid5 personality registered for level 5
[   23.390826] md: raid4 personality registered for level 4
[   23.400816] md: raid10 personality registered for level 10
done.
Begin: Running /scripts/init-premount ... done.
Begin: Mounting root file system ... Begin: Running /scripts/[   23.446235] Btrfs loaded
local-top ... done.
Begin: Running /scripts/local-premount ... Scanning for Btrfs filesystems
done.
Warning: fsck not present, so skipping root file[   23.512707] EXT4-fs (sda1): mounted filesystem with ordered data mode. Opts: (null)
 system
done.
Begin: Running /scripts/local-bottom ... done.
Begin: Running /scripts/init-bottom ... done.
[   23.641997] systemd[1]: systemd 229 running in system mode. (+PAM +AUDIT +SELINUX +IMA +APPARMOR +SMACK +SYSVINIT +UTMP +LIBCRYPTSETUP +GCRYPT +GNUTLS +ACL +XZ -LZ4 +SECCOMP +BLKID +ELFUTILS +KMOD -IDN)
[   23.844077] systemd[1]: Detected virtualization oracle.
[   23.871051] systemd[1]: Detected architecture x86-64.

Welcome to [1mUbuntu 16.04.4 LTS[0m!

[   23.705]ysmd]:etosna t<unt>.
[   24.439437] systemd[1]: Initializing machine ID from random generator.
[   24.546455] systemd[1]: Installed transient /etc/machine-id file.
[ 244568] std[]:isni oJonaSoet

[[0;32m  OK  [0m] Listening on Journal Socket.
[   25024]syem1]: reedlie stm lice
[ 259167 rdo nblockg ols itlid
[[0;32m  OK  [0m] Created slice System Slice.
[   26.590605] systemd[1]: Starting Create list of required static device nodes for the current kernel...
         Starting Create list of required st... nodes for the current kernel...
[   26.734241] systemd[1]: Mounting Debug File System...
         Mounting Debug File System...
[   26.792190] systemd[1]: Listening on udev Kernel Socket.
[[0;32m  OK  [0m] Listening on udev Kernel Socket.
[ 2688035] stemd[1]: Reached target Sap
[[0;32m  OK  [0m] Reached target Swap.
[   27.11187 stemd[1]: Created slice system-serial\x2dgttslce

[[0;32m  OK  [0m] Created slice system-serial\x2dgetty.slice.
[   27.424650] systemd[1]: Listening on LVM2 metaatdamon ck.
[[0;32m  OK  [0m] Listening on LVM2 metadata daemon socket.
[   27.666284] systemd[1]: Starting Uncomplicated firewall...
         Starting Uncomplicated firewall...
[   27.734483] systemd[1]: Listening on Device-mapper event daemon FIFOs.
[[0;32m  OK  [0m] Listening on Device-mapper event daemon FIFOs.
[  27.790693] systemd[1]: Created slice User and Session Slie.

[[0;32m  OK  [0m] Created slice User and Session Slice.
[   27.998419] systemd[1: istenig  Slo Sckt.

[[0;32m  OK  [0m] Listening on Syslog Socket.
[  2.33115]syemd[1]: ReacedaretseanGrp ame Loup
[[0;32m  OK  [0m] Reached target User and Group Name Lookups.
[ 290321syted[]:LitengonLVM pl daemon oct.
[[0;32m  OK  [0m] Listening on LVM2 poll daemon socket.
[  26669 ste[1 Rch tgeSyemimSyhriz.
[[0;32m  OK  [0m] Reached target System Time Synchronized.
[   30.418628] systemd[1]: Starting Nameserver information manager...
         Starting Nameserver information manager...
[   30.447552] systemd[1]: Starting Set console keymap...
         Starting Set console keymap...
[   30.518108] systemd[1]: Started Trigger resolvconf update for networkd DNS.
[[0;32m  OK  [0m] Started Trigger resolvconf update for networkd DNS.
[   0.630356 ste[1 Lteng n evnitlomtiliy amed Pipe.
[[0;32m  OK  [0m] Listening on /dev/initctl Compatibility Named Pipe.
[   31.330347] systemd[1]: Mounting POSIX Message Queue File System...
         Mounting POSIX Message Queue File System...
[  31.382708] systemd[1 Lteningn ournl Audit Socke
[[0;32m  OK  [0m] Listening on Journal Audit Socket.
[   31.744367 sstemd[1]: Listning o Journal Soke(/v/og).
[[0;32m  OK  [0m] Listening on Journal Socket (/dev/log).
[  32.157 ste[1: Reachd target Encypd olumes.
[[0;32m  OK  [0m] Reached target Encrypted Volumes.
[   32.650536] systemd[1]: Starting Load Kernel Modules...
         [   32.696451] Loading iSCSI transport class v2.0-870.
Starting Load Ke[   32.766694] iscsi: registered transport (tcp)
rnel Modules...
[   32.815203] systemd[1]: Reached target Slices.
[[0;32m  OK  [0m] Reached targe[   32.910768] iscsi: registered transport (iser)
t Slices.
[   32.938285] systemd[1]: Started Forward Password Requests to Wall Directory Watch.
[[0;32m  OK  [0m] Started Forward Password Requests to Wall Directory Watch.
[   33.142159] systemd[1]: Mounting Huge Pages File System...
         Mounting Huge Pages File System...
[   33.183167] systemd[1]: Starting Remount Root and Kernel File Systems...
         [   33.274553] EXT4-fs (sda1): re-mounted. Opts: (null)
Starting Remount Root and Kernel File Systems...
[   33.354116] systemd[1]: Starting Monitoring of LVM2 mirrors, snapshots etc. using dmeventd or progress polling...
         Starting Monitoring of LVM2 mirrors... dmeventd or progress polling...
[ 33.54689] systd[: sting o udevonroSoet
[[0;32m  OK  [0m] Listening on udev Control Socket.
[   34.146221] systemd[1]: Starting Journal Service...
         Starting Journal Service...
[   34.198482] systemd[1]: Set up automount Arbitrary Executable File Formats File System Automount Point.
[[0;32m  OK  [0m] Set up automount Arbitrary Executab...ats File System Automount Point.
[   34.390603] systemd[1]: Mounted POSIX Message Queue File System.
[[0;32m  OK  [0m] Mounted POSIX Message Queue File System.
[  34.53497] ystemd]:Mote HgePage File Systm.

[[0;32m  OK  [0m] Mounted Huge Pages File System.
[   34.930576] systemd[1]: Mounted ebug ilSytem

[[0;32m  OK  [0m] Mounted Debug File System.
[   35.122] stemd1]Started Journal Service.
[[0;32m  OK  [0m] Started Journal Service.
[[0;32m  OK  [0m] Started Create list of required sta...ce nodes for the current kernel.
[[0;32m  OK  [0m] Started Uncomplicated firewall.
[[0;32m  OK  [0m] Started Set console keymap.
[[0;32m  OK  [0m] Started Load Kernel Modules.
[[0;32m  OK  [0m] Started Remount Root and Kernel File Systems.
[[0;32m  OK  [0m] Started Nameserver information manager.
[[0;32m  OK  [0m] Started LVM2 metadata daemon.
         Starting udev Coldplug all Devices...
         Starting Load/Save Random Seed...
         Starting Initial cloud-init job (pre-networking)...
         Starting Apply Kernel Variables...
         Mounting FUSE Control File System...
         Starting Create Static Device Nodes in /dev...
         Starting Flush Journal to Persistent Storage...
[[0;32m  OK  [0m] Mounted FUSE Control File System.
[[0;32m  OK  [0m] Started Load/Save Random Seed.
[[0;32m  OK  [0m] Started Apply Kernel Variables.
[[0;32m  OK  [0m] Started Create Static Device Nodes in /dev.
[[0;32m  OK  [0m] Started udev Coldplug all Devices.
[[0;32m  OK  [0m] Started Monitoring of LVM2 mirrors,...ng dmeventd or progress polling.
[[0;32m  OK  [0m] Started Flush Journal to Persistent Storage.
         Starting udev Kernel Device Manager...
[[0;32m  OK  [0m] Started udev Kernel Device Manager.
[[0;32m  OK  [0m] Reached target Local File Systems (Pre).
[[0;32m  OK  [0m] Reached target Local File Systems.
         Starting Create Volatile Files and Directories...
         Starting Set console font and keymap...
         Starting Commit a transient machine-id on disk...
         Starting Tell Plymouth To Write Out Runtime Data...
         Starting LSB: AppArmor initialization...
[[0;32m  OK  [0m] Started Dispatch Password Requests to Console Directory Watch.
[[0;32m  OK  [0m] Started Create Volatile Files and Directories.
[[0;32m  OK  [0m] Started Commit a transient machine-id on disk.
[[0;32m  OK  [0m] Started Tell Plymouth To Write Out Runtime Data.
[[0;32m  OK  [0m] Found device /dev/ttyS0.
         Starting Update UTMP about System Boot/Shutdown...
[[0;32m  OK  [0m] Started Update UTMP about System Boot/Shutdown.
[[0;32m  OK  [0m] Listening on Load/Save RF Kill Switch Status /dev/rfkill Watch.
[[0;32m  OK  [0m] Started Set console font and keymap.
[   30.009011] cloud-init[454]: Cloud-init v. 18.2 running 'init-local' at Mon, 02 Jul 2018 14:07:44 +0000. Up 29.50 seconds.
[[0;32m  OK  [0m] Created slice system-getty.slice.
[[0;32m  OK  [0m] Started LSB: AppArmor initialization.
[[0;32m  OK  [0m] Started Initial cloud-init job (pre-networking).
[[0;32m  OK  [0m] Reached target Network (Pre).
         Starting Raise network interfaces...
[[0;32m  OK  [0m] Started Raise network interfaces.
[[0;32m  OK  [0m] Reached target Network.
         Starting Initial cloud-init job (metadata service crawler)...
[   33.536498] cloud-init[957]: Cloud-init v. 18.2 running 'init' at Mon, 02 Jul 2018 14:07:48 +0000. Up 32.83 seconds.
[   33.786724] [cloud-init[0;32m  OK  [0m[957]: ] ci-info: ++++++++++++++++++++++++++++++++++++++Net device info++++++++++++++++++++++++++++++++++++++Started Initial cloud-init job (metadata service crawler).

[   33.787377] cloud-init[957]: ci-info: +--------+-------+----------------------------+---------------+-------+-------------------+
[   34.051110] [cloud-init[0;32m  OK  [0m[957]: ] ci-info: | Device |   Up  |          Address           |      Mask     | Scope |     Hw-Address    |Reached target Network is Online.

[   34.051812] cloud-init[957]: ci-info: +--------+-------+----------------------------+---------------+-------+-------------------+
         Starting iSCSI initiator daemon (iscsid)...
[   34.191865] cloud-init[957]: ci-info: | enp0s3 |  True |         10.0.2.15          | 255.255.255.0 |   .   | 02:62:8c:65:d6:7a |
[   34.232533] [[0;32m  OK  [0m] Reached target System Initialization.
cloud-init[957]: ci-info: | enp0s3 |  True | fe80::62:8cff:fe65:d67a/64 |       .       |  link | 02:62:8c:65:d6:7a |
[[0;32m  OK  [0m] Started ACPI Events Check.
[[0;32m  OK  [0m] Reached target Paths.
[[0;32m  OK  [0m] Started Daily Cleanup of Temporary Directories.
         Starting Socket activation for snappy daemon.
[[0;32m  OK  [0m] Started Timer to automatically refresh installed snaps.
[[0;32m  OK  [0m] Listening on D-Bus System Message Bus Socket.
[[0;32m  OK  [0m] Started Daily apt download activities.
[[0;32m  OK  [0m] Listening on UUID daemon activation socket.
[[0;32m  OK  [0m] Started Daily apt upgrade and clean activities.
[[0;32m  OK  [0m] Reached target Timers.
[   34.307395] cloud-init[957]: ci-info: | enp0s8 | False |             .              |       .       |   .   | 08:00:27:b0:2e:29 |
[   34.556720] cloud-init[957]: ci-info: |   lo   |  True |         127.0.0.1          |   255.0.0.0   |   .   |         .         |
         Starting LXD - unix socket.
[[0;32m  OK  [0m] Listening on ACPID Listen Socket.
[[0;32m  OK  [0m] Reached target Cloud-config availability.
[   34.557353] cloud-init[957]: ci-info: |   lo   |  True |          ::1/128           |       .       |  host |         .         |
[   34.764994] cloud-init[957]: ci-info: +--------+-------+----------------------------+---------------+-------+-------------------+
[[0;32m  OK  [0m] Listening on Socket activation for snappy daemon.
[[0;32m  OK  [0m] Listening on LXD - unix socket.
[[0;32m  OK  [0m] Started iSCSI initiator daemon (iscsid).
[   34.879814] cloud-init[957]: ci-info: +++++++++++++++++++++++++++Route IPv4 info++++++++++++++++++++++++++++
[   35.093295] cloud-init[957]: ci-info: +-------+-------------+----------+---------------+-----------+-------+
[   35.156345] cloud-init[957]: ci-info: | Route | Destination | Gateway  |    Genmask    | Interface | Flags |
         Starting Login to default iSCSI targets...
[[0;32m  OK  [0m] Reached target Sockets.
[[0;32m  OK  [0m] Reached target Basic System.
[   35.222592] cloud-init[957]: ci-info: +-------+-------------+----------+---------------+-----------+-------+
[   35.394506] cloud-init[957]: ci-info: |   0   |   0.0.0.0   | 10.0.2.2 |    0.0.0.0    |   enp0s3  |   UG  |
[   35.448914] cloud-init[957]: ci-info: |   1   |   10.0.2.0  | 0.0.0.0  | 255.255.255.0 |   enp0s3  |   U   |
[   35.502460] cloud-init[957]: ci-info: +-------+-------------+----------+---------------+-----------+-------+
[   35.552715] cloud-init[957]: Generating public/private rsa key pair.
[   35.552822] cloud-init[957]: Your identification has been saved in /etc/ssh/ssh_host_rsa_key.
[[0;32m  OK  [0m] Started D-Bus System Message Bus.
[   35.553144] cloud-init[957]: Your public key has been saved in /etc/ssh/ssh_host_rsa_key.pub.
[   35.740763] cloud-init[957]: The key fingerprint is:
[   35.741234] cloud-init[957]: SHA256:j/YyWTIJo2qsXXk5t/zz3vjo6au2alpJisf1f6c1tOs root@ubuntu-xenial
         Starting Login Service...
[   35.741506] cloud-init[957]: The key's randomart image is:
[   35.896688] cloud-init[957]: +---[RSA 2048]----+
[   35.897397] cloud-init[957]: |                 |
[[0;32m  OK  [0m] Started ACPI event daemon.
[[   35.897678] cloud-init[957]: |                 |
[   35.989719] cloud-init[957]: |                 |
[0;32m  OK  [0m] Started Unattended Upgrades Shutdown.
[   35.989909] cloud-init[957]: |      o          |
[   36.148471] cloud-init[957]: |     . oS.     . |
[   36.149042] cloud-init[957]: |    .+ =+=.   . .|
         Starting LSB: MD monitoring daemon...
[   36.149278] cloud-init[957]: | . .+ B *=o    o.|
[   36.192693] cloud-init[957]: | .+. o *=oo. =..+|
[   36.193398] cloud-init[957]: |.o.   .o+*=O@+=E |
[[0;32m  OK  [0m] Started Deferred execution scheduler.
[   36.193671] cloud-init[957]: +----[SHA256]-----+
[   36.325183] cloud-init[957]: Generating public/private dsa key pair.
         Starting /etc/rc.local Compatibility...
[   36.327918] cloud-init[957]: Your identification has been saved in /etc/ssh/ssh_host_dsa_key.
[   36.440905] cloud-init[957]: Your public key has been saved in /etc/ssh/ssh_host_dsa_key.pub.
[   36.441459] cloud-init[957]: The key fingerprint is:
[   36.441879] cloud-init[957]: SHA256:40J691vfrEomVPfH7aM/ufFiRXLohtYQRFfXYWSEAAk root@ubuntu-xenial
         Starting Apply the settings specified in cloud-config...
[   36.441926] cloud-init[957]: The key's randomart image is:
[[0;32m  OK  [0m] Started Regular background program processing daemon.
[   36.773219] cloud-init[957]: +---[DSA 1024]----+
         Starting LXD - container startup/shutdown...
[   36.852164] cloud-init[957]: |       E..o++ =B=|
         Starting Accounts Service...
[   36.907400] cloud-init[957]: |         .  .oo o|
[   36.931869] cloud-init[957]: |            .... |
[   36.933281] cloud-init[957]: |           ...oo+|
         [   36.933745] Starting Pollinate to seed the pseudo random number generator...cloud-init
[957]: |      . S .  = +=|
[   36.933798] cloud-init[957]: |     o . o  o +.o|
[   36.933841] cloud-init[957]: |    . o o ..+. +o|
[   37.085652] cloud-init[957]: |     . o . = .+=+|
[   37.088076] cloud-init[957]: |          o..++=*|
[   37.091012] cloud-init[957]: +----[SHA256]-----+
[   37.092141] cloud-init[957]: Generating public/private ecdsa key pair.
[   37.092759] cloud-init[957]: Your identification has been saved in /etc/ssh/ssh_host_ecdsa_key.
[   37.093029] cloud-init[957]: Your public key has been saved in /etc/ssh/ssh_host_ecdsa_key.pub.
         Starting LSB: Record successful boot for GRUB...
[   37.093071] cloud-init[957]: The key fingerprint is:
[   37.240270] cloud-init[957]: SHA256:6JrQvXBXRG2H6uVv3WmusFivx3SQOFuhAtyOMjwjR6E root@ubuntu-xenial
         [   37.284714] Starting Virtualbox guest utils...cloud-init
[957]: The key's randomart image is:
[   37.305228] cloud-init[957]: +---[ECDSA 256]---+
[   37.326827] cloud-init[957]: |     .o . .. .   |
[   37.327559] cloud-init[957]: |    .. o o  +..  |
         Starting System Logging Service...
[   37.328185] cloud-init[957]: |   Eo   + .oo.o  |
[   37.395666] cloud-init[957]: |   . B o +.+.+   |
[   37.423934] [cloud-init[0;32m  OK  [0m[957]: ] |    o * S.oo+ .  |Started FUSE filesystem for LXC.

[   37.424618] cloud-init[957]: |   . o   ..... . |
         Starting Snappy daemon...
[   37.504496] cloud-init[957]: |  . o + .  oo...o|
[   37.560451] cloud-init[957]: |   . = o  o +oooo|
[   37.560974] cloud-init[957]: |    o .  . oo++. |
[[0;32m  OK  [0m] Started System Logging Service.
[   37.561568] cloud-init[957]: +----[SHA256]-----+
[   37.613633] cloud-init[957]: Generating public/private ed25519 key pair.
[   37.613950] cloud-init[957]: Your identification has been saved in /etc/ssh/ssh_host_ed25519_key.
[[0;32m  OK  [0m[   37.614000] ] cloud-initStarted Snappy daemon.[957]: 
Your public key has been saved in /etc/ssh/ssh_host_ed25519_key.pub.
[   37.737420] cloud-init[957]: The key fingerprint is:
[   37.737942] cloud-init[957]: SHA256:RWOUKQmF4SvpPmxfRFnaQQTtiHnjqmabskwGXnCEQoM root@ubuntu-xenial
[[0;32m  OK  [0m] Started /etc/rc.local Compatibility.
[   37.738339] cloud-init[957]: The key's randomart image is:
[   37.820932] cloud-init[957]: +--[ED25519 256]--+
[   37.820987] cloud-init[957]: |oo..  o=oBXo     |
[   37.821030] cloud-init[957]: |E.o  .. oB+o     |
[   37.821071] cloud-init[957]: |.. .  .o++o      |
[   37.821111] cloud-init[957]: |  o  .oo+..      |
[   37.821150] cloud-init[957]: |.  .o .oS.       |
[   37.823233] cloud-init[957]: |.... . ..        |
[   37.823316] cloud-init[957]: | .o..  ..        |
[   37.823362] cloud-init[957]: | +..*...         |
[[0;32m  OK  [0m] Started LXD - container startup/shutdown.
[   37.827632] cloud-init[957]: |  o*==.          |
[   38.233153] cloud-init[957]: +----[SHA256]-----+
[[0;32m  OK  [0m] Started Login to default iSCSI targets.
[   38.267313] cloud-init[1074]: Generating locales (this might take a while)...
[   38.336787] cloud-init[1074]:   en_US.UTF-8... done
[   38.421159] cloud-init[1074]: Generation complete.
[[0;32m  OK  [0m] Started LSB: MD monitoring daemon.
[[0;32m  OK  [0m] Started LSB: Record successful boot for GRUB.
[[0;32m  OK  [0m] Started Virtualbox guest utils.
[[0;32m  OK  [0m] Started Login Service.
[   38.612792] cloud-init[1074]: Cloud-init v. 18.2 running 'modules:config' at Mon, 02 Jul 2018 14:07:52 +0000. Up 36.83 seconds.
         Starting Authenticate and Authorize Users to Run Privileged Tasks...
[[0;32m  OK  [0m] Reached target Remote File Systems (Pre).
[[0;32m  OK  [0m] Reached target Remote File Systems.
         Starting LSB: daemon to balance interrupts for SMP systems...
         Starting Permit User Sessions...
         Starting LSB: Set the CPU Frequency Scaling governor to "ondemand"...
         Starting LSB: automatic crash report generation...
[[0;32m  OK  [0m] Started Apply the settings specified in cloud-config.
[[0;32m  OK  [0m] Started Permit User Sessions.
[[0;32m  OK  [0m] Started Authenticate and Authorize Users to Run Privileged Tasks.
[[0;32m  OK  [0m] Started Accounts Service.
[[0;32m  OK  [0m] Started LSB: Set the CPU Frequency Scaling governor to "ondemand".
[[0;32m  OK  [0m] Started LSB: daemon to balance interrupts for SMP systems.
[[0;32m  OK  [0m] Started LSB: automatic crash report generation.
[[0;32m  OK  [0m] Started Pollinate to seed the pseudo random number generator.
         Starting OpenBSD Secure Shell server...
         Starting Hold until boot process finishes up...
         Starting Terminate Plymouth Boot Screen...
[[0;32m  OK  [0m] Started OpenBSD Secure Shell server.
[[0;32m  OK  [0m] Started Hold until boot process finishes up.
[[0;32m  OK  [0m] Started Terminate Plymouth Boot Screen.
[[0;32m  OK  [0m] Created slice User Slice of vagrant.
[[0;32m  OK  [0m] Started Session 1 of user vagrant.
         Starting User Manager for UID 1000...
[[0;32m  OK  [0m] Started Getty on tty1.
         Starting Set console scheme...
[[0;32m  OK  [0m] Started Serial Getty on ttyS0.
[[0;32m  OK  [0m] Reached target Login Prompts.
[[0;32m  OK  [0m] Reached target Multi-User System.
         Starting Execute cloud user/final scripts...
[[0;32m  OK  [0m] Reached target Graphical Interface.
         Starting Update UTMP about System Runlevel Changes...
[[0;32m  OK  [0m] Started User Manager for UID 1000.
[[0;32m  OK  [0m] Started Set console scheme.
[[0;32m  OK  [0m] Started Update UTMP about System Runlevel Changes.
ci-info: no authorized ssh keys fingerprints found for user ubuntu.
<14>Jul  2 14:07:55 ec2: 
<14>Jul  2 14:07:55 ec2: #############################################################
<14>Jul  2 14:07:55 ec2: -----BEGIN SSH HOST KEY FINGERPRINTS-----
<14>Jul  2 14:07:55 ec2: 1024 SHA256:40J691vfrEomVPfH7aM/ufFiRXLohtYQRFfXYWSEAAk root@ubuntu-xenial (DSA)
<14>Jul  2 14:07:55 ec2: 256 SHA256:6JrQvXBXRG2H6uVv3WmusFivx3SQOFuhAtyOMjwjR6E root@ubuntu-xenial (ECDSA)
<14>Jul  2 14:07:55 ec2: 256 SHA256:RWOUKQmF4SvpPmxfRFnaQQTtiHnjqmabskwGXnCEQoM root@ubuntu-xenial (ED25519)
<14>Jul  2 14:07:55 ec2: 2048 SHA256:j/YyWTIJo2qsXXk5t/zz3vjo6au2alpJisf1f6c1tOs root@ubuntu-xenial (RSA)
<14>Jul  2 14:07:55 ec2: -----END SSH HOST KEY FINGERPRINTS-----
<14>Jul  2 14:07:55 ec2: #############################################################
-----BEGIN SSH HOST KEY KEYS-----
ecdsa-sha2-nistp256 AAAAE2VjZHNhLXNoYTItbmlzdHAyNTYAAAAIbmlzdHAyNTYAAABBBB3oAuuW14TN1W53foVsMgQP3LKWQ/+Rt5Pz/cnq8gDfHN5VWQ5bJJpRrpqvTRHBODXCVG3mhcGExVVsK54ekG8= root@ubuntu-xenial
ssh-ed25519 AAAAC3NzaC1lZDI1NTE5AAAAIL24OZI1L2N95B5R/ZoI2K3dxZa2OjtiqOqazNjTWd1y root@ubuntu-xenial
ssh-rsa AAAAB3NzaC1yc2EAAAADAQABAAABAQDo3vDFZcpBZRmu/NkLgbDLu0y+9RBTdZKIHRETyvYt9ukagVumyrTjLFbr6s4h7ekGfGK+RbiCt3twvy5ZD4NTDlqahA38JruZdxouGpf/dfxi4Sm4KW4Gvj2yxDLWa3YSUn1oia1irI3cJz/Se4dWNQpLrZLqYcP0yeWmaWE/gTp4IciucWKd/i2TitwL8RDfxW7rZPvR5mUTV8iueSadGnQ1u0nI6pz8Mz5i10GXMyCt3St6dnWjlyYvo6T7jkAHueA4Chrm7Wwb3cLDfrKdh6JhYISf41tWxx7PnDkYWsSto3E6lHyQf9e+fSbAbgs8rB7KMKxvgYVzb09PwylJ root@ubuntu-xenial
-----END SSH HOST KEY KEYS-----
[   40.659674] cloud-init[1316]: Cloud-init v. 18.2 running 'modules:final' at Mon, 02 Jul 2018 14:07:55 +0000. Up 39.84 seconds.
[   40.705753] cloud-init[1316]: ci-info: no authorized ssh keys fingerprints found for user ubuntu.
[   40.730921] [[0;32m  OK  [0m] Started Execute cloud user/final scripts.
cloud-init[[0;32m  OK  [0m] Reached target Cloud-init target.
[1316]: Cloud-init v. 18.2 finished at Mon, 02 Jul 2018 14:07:56 +0000. Datasource DataSourceNoCloud [seed=/dev/sdb][dsmode=net].  Up 40.65 seconds

Ubuntu 16.04.4 LTS ubuntu-xenial ttyS0

ubuntu-xenial login: [[0;32m  OK  [0m] Stopped target Timers.
[[0;32m  OK  [0m] Closed Load/Save RF Kill S         Stopping LSB: daemon to balance interrupts for SMP systems...
         Stopping LXD - container startup/shutdown...
         Stopping Regular background program processing daemon...
         Stopping LSB: Set the CPU Frequency Scaling governor to "ondemand"...
         Stopping Snappy daemon...
         Stopping Getty on tty1...
         Stopping D-Bus System Message Bus...
[[0;32m  OK  [0m] Stopped Daily apt upgrade and clean activities.
[[0;32m  OK  [0m] Stopped Daily apt download activities.
         Stopping ACPI event daemon...
[[0;32m  OK  [0m] Unmounted /var/lib/lxcfs.
[[0;32m  OK  [0m] Stopped Deferred execution scheduler.
[[0;32m  OK  [0m] Stopped Regular background program processing daemon.
[[0;32m  OK  [0m] Stopped ACPI event daemon.
[[0;32m  OK  [0m] Stopped Accounts Service.
[[0;32m  OK  [0m] Stopped System Logging Service.
[[0;32m  OK  [0m] Stopped Authenticate and Authorize Users to Run Privileged Tasks.
[[0;32m  OK  [0m] Stopped OpenBSD Secure Shell server.
[[0;32m  OK  [0m] Stopped User Manager for UID 1000.
[[0;32m  OK  [0m] Stopped Getty on tty1.
[[0;32m  OK  [0m] Stopped Serial Getty on ttyS0.
[[0;32m  OK  [0m] Stopped Session 2 of user vagrant.
[[0;32m  OK  [0m] Stopped Snappy daemon.
[[0;32m  OK  [0m] Stopped Puppet agent.
[[0;32m  OK  [0m] Stopped Unattended Upgrades Shutdown.
[[0;32m  OK  [0m] Stopped Session 3 of user vagrant.
[[0;32m  OK  [0m] Stopped D-Bus System Message Bus.
[[0;32m  OK  [0m] Stopped FUSE filesystem for LXC.
[[0;32m  OK  [0m] Stopped LSB: Controls chronyd NTP time daemon.
[[0;32m  OK  [0m] Stopped LSB: MD monitoring daemon.
[[0;32m  OK  [0m] Stopped Virtualbox guest utils.
[[0;32m  OK  [0m] Stopped LSB: Record successful boot for GRUB.
[[0;32m  OK  [0m] Stopped LSB: automatic crash report generation.
[[0;32m  OK  [0m] Stopped LSB: daemon to balance interrupts for SMP systems.
[[0;32m  OK  [0m] Stopped LXD - container startup/shutdown.
[[0;32m  OK  [0m] Stopped LSB: Set the CPU Frequency Scaling governor to "ondemand".
[[0;32m  OK  [0m] Stopped target System Time Synchronized.
[[0;32m  OK  [0m] Removed slice system-serial\x2dgetty.slice.
[[0;32m  OK  [0m] Removed slice system-getty.slice.
[[0;32m  OK  [0m] Stopped /etc/rc.local Compatibility.
[[0;32m  OK  [0m] Removed slice User Slice of vagrant.
         Stopping Login Service...
         Stopping Permit User Sessions...
[[0;32m  OK  [0m] Stopped Permit User Sessions.
[[0;32m  OK  [0m] Stopped Login Service.
[[0;32m  OK  [0m] Stopped target User and Group Name Lookups.
[[0;32m  OK  [0m] Stopped target Remote File Systems.
[[0;32m  OK  [0m] Stopped target Remote File Systems (Pre).
         Stopping Login to default iSCSI targets...
[[0;32m  OK  [0m] Stopped target Basic System.
[[0;32m  OK  [0m] Stopped target Paths.
[[0;32m  OK  [0m] Stopped ACPI Events Check.
[[0;32m  OK  [0m] Stopped Forward Password Requests to Wall Directory Watch.
[[0;32m  OK  [0m] Stopped Dispatch Password Requests to Console Directory Watch.
[[0;32m  OK  [0m] Stopped target Slices.
[[0;32m  OK  [0m] Removed slice User and Session Slice.
[[0;32m  OK  [0m] Stopped target Sockets.
[[0;32m  OK  [0m] Closed UUID daemon activation socket.
[[0;32m  OK  [0m] Closed ACPID Listen Socket.
[[0;32m  OK  [0m] Closed Socket activation for snappy daemon.
[[0;32m  OK  [0m] Closed D-Bus System Message Bus Socket.
[[0;32m  OK  [0m] Closed LXD - unix socket.
[[0;32m  OK  [0m] Stopped target System Initialization.
         Stopping Update UTMP about System Boot/Shutdown...
[[0;32m  OK  [0m] Stopped target Swap.
[[0;32m  OK  [0m] Stopped target Encrypted Volumes.
         Stopping Load/Save Random Seed...
[[0;32m  OK  [0m] Stopped Commit a transient machine-id on disk.
[[0;32m  OK  [0m] Closed Syslog Socket.
[[0;32m  OK  [0m] Stopped Load/Save Random Seed.
[[0;32m  OK  [0m] Stopped Update UTMP about System Boot/Shutdown.
[[0;32m  OK  [0m] Stopped Login to default iSCSI targets.
         Stopping iSCSI initiator daemon (iscsid)...
[[0;32m  OK  [0m] Stopped Create Volatile Files and Directories.
[[0;32m  OK  [0m] Stopped iSCSI initiator daemon (iscsid).
[[0;32m  OK  [0m] Stopped target Network is Online.
[[0;32m  OK  [0m] Stopped Initial cloud-init job (metadata service crawler).
[[0;32m  OK  [0m] Stopped target Network.
         Stopping Raise network interfaces...
[[0;32m  OK  [0m] Stopped Raise network interfaces.
[[0;32m  OK  [0m] Stopped target Local File Systems.
         Unmounting /vagrant...
         Unmounting /run/user/1000...
[[0;32m  OK  [0m] Stopped Apply Kernel Variables.
[[0;32m  OK  [0m] Stopped Load Kernel Modules.
[[0;32m  OK  [0m] Stopped target Network (Pre).
[[0;32m  OK  [0m] Stopped Initial cloud-init job (pre-networking).
[[0;32m  OK  [0m] Unmounted /vagrant.
[[0;32m  OK  [0m] Unmounted /run/user/1000.
[[0;32m  OK  [0m] Reached target Unmount All Filesystems.
[[0;32m  OK  [0m] Stopped target Local File Systems (Pre).
[[0;32m  OK  [0m] Stopped Remount Root and Kernel File Systems.
[[0;32m  OK  [0m] Stopped Create Static Device Nodes in /dev.
[[0;32m  OK  [0m] Reached target Shutdown.
[  640.908010] reboot: Restarting system
[   0.000000] Initializing cgoup subsys cpuset
[    0.000000] Initializing cgrou sbss cpu
[    0.0000]Iniiazing cgroup subsys cpuacct
[    0.000000] Linux version 4.4.0-119-geerc (buildd@lcy01-amd64-013) (gcc version 5.4.0 20160609 (Ubuntu 5.4.0-6ubuntu1~16.04.9) ) #143-Ubuntu SMP Mon Apr 2 16:08:24 UTC 2018 (Ubuntu 4.4.0-119.143-generic 4.4.114)
[    0.000000] Command line: BOOTIMAGE=/boot/vmlinuz4..0-9-geneicrot=UID=64ac3f76-5f69-4be9-a256-9b774ce859b3 ro consolett consoe=ty0
    0.000000] KERNEL supported cpus:
[    0.000000]   Intel GenuineIntel
[    00000]   AM AuthenticAMD
[    0.000000]   Centaur CentaurHauls
[    0.000000] x86/fpu: xstate_offset[2]:  576, xstate_sizes[2]:  256
[    0.000000] x86/fpu:Suporting XSAVE feature 0x01: x87 floting point register'
[    0000000] x86/fpu: Supporting XSAVE fatre 0x02: 'SSE regtes'
[    0.000000] x86/fpu: Supporting XSAVE feature 0x04: 'AVX registers'
[    0.000000] x86/fpu: Enabled xstate features 0x7, context size is 832 bytes, using 'standard' format.
[    0.000000] x86/fpu: Using 'lazy' FPU context switches.
[    0.000000] e820: BIO-provided physica RM map:
[    0.000000] BIOS-e820: [mem 0x0000000000000000-0x000000000009fbff] usable
[    0.000000] BIOS-e820: [mem x00000000009fc00-0x000000000009ffff] reserved
[    0.00000] BIOS-e820: [mmem 0x0000000000f000-0x00000000000fffff] reserved
[    0.000000] BIOS-e820: [mem 0x0000000001000-0x000000007ffeff] sable
[    0.000000] BIOS-e820: [mm 0x00000007fff0000-0x000000007fffffff] ACPI data
[    0.00000] BOS-e820: [mem 0x00000000fec00000-0x00000000fec00fff] reserved
[    0.0000] BIOS-e820: [mem 0x00000000fee00000-0x00000000fee00fff] reservd[    0.000000] BIOS-e82: [mem x0000000fffc0000-0x00000000ffffffff] reserved
[    0.000000] NX (Execute Dsable) protection: active
[    0.0000] SMBIOS 2.5 present.
[   .00000] Hypervisor detected: KVM
[    0.000000] e820: last_pfn = 0x7fff0max_arh_fn = x400000000
[    0.000000 MTRR: Disabled
[   0.000000] x6/AT MTRRs disabled, skipping PAT initiaizion to
[    0.00000] CU MTRRs all blank - virtualized system.
[    0.000000] x86/PAT: Configuration [0-7] W  WT  UC- UC  WB  WT  UC- UC  
   0.000000] found SMP MP-table at [mem 0x0009fff0-0x0009ffff] mapped at [ffff88000009fff0]
[    0.000000] Scanning 1 areas or low memory corruption
[    0.000000] RAMDISK: [mem 0x36204000-0x370f9fff]
[   0000000] ACPI Early table checksum verification disabled
[    0.000000] ACPI: RSDP x000000000E00 000024 (v02 VBOX  )
[    0.00000] ACPI: XSDT 0x000000007FFF0030 0000 (v01 VBOX   VBOOXXSDT 000000 ASL  00000061)
[    0.000000] ACPI: FACP0x0000000FFF00F0 0000F4 (v04 VBOX   VBOXFACP 000001 ASL  00000061)
[   0.0000] ACPI: DSDT 0x000000007FFF047 0021FF (02 VBOX   VBOXBIOS 00000002 INTL 20100528)
[    0.000000] ACPI: FACS 0x000000007FFF0200 000040
[    0.000000] ACPI: FACS 0x000000007FFF020 000040
[   0.00000] ACPI: APIC0x00000007FFF0240 00005C (v02 VBOX   VBOAPC 00000001 ASL  00000061)
[    0.000000] ACPI: SSDT 0x0000007FFF02A0 0001CC (v01 VBOX   VBOXCPUT 00000002 INTL 20100528)
[    0.000000] No NUMA configuration found
[    0.000000] Faking a node at [mem 0x0000000000000000-0x000000007ffeffff]
[    0.0000]NODE_DATA(0) allocated [mem 0x7ffeb000-0x7ffff]
[    0.000000] kvm-clock: Using msrs 4b564d01 and 4b564d00
[    0.000000] kvm-clock: cpu 0, msr 0:7e3001, primary cpu clock
[    0.000000] kvm-clok: using sched offset of 648952392632 cycl
[   0.000000] clocksource: kvm-clock: mask: 0xffffffffffffffff max_cycles: 0x1cd42e4dffb,ma_ilens: 8815905983ns
[    0.000000] Zone ranges:
[    0.000000]   DMA      [mem 0x0000000000001000-0x0000000000ffffff]
[    0.000000]   DMA32    [mem 0x0000000001000000-0x000000007ffeffff]
[    0.000000]   Normal   empty
[    000000]   Device   empty
[    .00000] Movable zone start for each node
[    0.000000] Early memory node ranges
[    0.000000]   node   0: [mem 0x0000000000001000-0x000000009efff]
[    0.000000]   node    [mem 0x0000000000100000-0x000000007ffeffff]
[    0.000000] Initmem setup node 0 [mem 0x0000000000001000-0x000000007ffeffff]
[   0.000000] ACPI: PM-Timer IO Port: 0x4008
[    0.000000] IOAPIC[0]: apic_id 2, version 32, address 0xfec000, GSI 0-23
[    0.000000] ACPI: INT_SRC_OVR (bus 0 bus_irq 0 gloal_irq  dfl dfl)
[    0.0000] AI: INT_SRC_OVR (bus 0 bus_irq 9 gobl_ir9 l level
[    0000000] Using ACPI (MADT) for SMP configuration information
[    0.000000] smpboot: Allowig  CUs, 0 htplug CPUs
[    0.000000] PM: Registere nosave memory: [mem 0x00000000-0x00000fff]
[    0.000000] PM: Registered nosave memory: [mem 0x0009f000-0x009ffff]
[    0.000000] PM: Registered nosave memory: [mem 0x000a0000-0x000effff]
[    0.000000] PM: Registered novememory: [mem 0x000f0000-0x000fffff]
[    0.000000] e820: [mem 0x80000000-0xfebfffff] available for PCI devices
[    0.000000] Booting paravirtualizd kernel on KVM
[    0.000000] clocksource: refined-jiffies: mask: 0xfffffff max_cycles: 0xffffffff, max_idle_ns: 7645519600211568 ns
[    0.000000] setup_percp: R_CPS:5 nr_cpumask_bits:512 nr_cpu_ids:2 r_node_ids:1
[    0.000000] PERCPU: Embedded 34 pages/cpu @ffff88007fc00000 s99544 r8192 d31528 u1048576
[    0.000000] PV qspinlock hash able entries: 256 (order: 0, 4096 bytes)
[    0.000000] Built 1 zonelists in Node order, mobility grouping on.  Total pages: 515960
[    0.000000] Policy ne: DMA32
[    0.000000] Kernel command line: BOOT_IMAGE=/boot/vmlinuz-4.4.0-119-generic root=UUID=64ac3f76-5f69-4be9-a256-9b774ce859b3 ro console=tty1 console=ttyS0
[    0.00000] PID hash table entries: 4096 (order: 3, 32768 bytes)
[    0.000000] Memory: 2029396K/2096696K available (8532K kernel code, 1313K rwdata, 3996K rodata, 1508K init, 1316K bss67300K reserved, 0K cma-reserved)
[    0.000000] SLUB: HWalign=64,rder=-3, MinObjects=0, CPUs=2, Nodes=1
[    0.000000] Kernl/User ag tables isolation: nabled
[    0.000000] Hierarrchical RCU implementation.
[    0.000000]	Build-time adjustment of leaf nout to 64.
[    0.000000] 	RCU restricting CPUs from NR_CPUS=512 to nr_cpu_ids=2.
[   0.000000] RCU: Adjusting geomeryfor rcu_fanout_leaf=64, nr_cpu_ids=2
[    0.000000] NR_IRQS3324 nr_irq:440 16
[    0.000000] onole: colour VGA+80x25
[    0.000000] console [tty1] enabled
[    0.000000] console [ttyS0] enled
[    0.00000] sc: Detected 2495.998 MHz processor
[    4.645229] Calibrating delay loop (skipped) preset value.. 4991.99 BogoMIPS (lpj=9983992)
[    4.698510] pid_max: default: 32768 minimum: 301
[    4.734231] ACPI: Core revision 20150930
[    4.740134] ACPI: 2 ACPI AML tables successfully acquired and loaded
[    4.777788] Security Framework initialized
[    4.798190] Yama: becoming mindful.
[    4.799844] AppArmor: AppArmor initialized
[    4.802382] Dentry cache hash table entries: 262144 (order: 9, 2097152 bytes)
[    4.809964] Inode-cache hash table entries: 131072 (order: 8, 1048576 bytes)
[    4.812066] Mount-cache hash table entries: 4096 (order: 3, 32768 bytes)
[    4.815168] Mountpoint-cache hash table entries: 4096 (order: 3, 32768 bytes)
[    4.834376] Initializing cgroup subsys io
[    4.857578] Initializing cgroup subsys memory
[    4.878209] Initializing cgroup subsys devices
[    4.890519] Initializing cgroup subsys freezer
[    4.891744] Initializing cgroup subsys net_cls
[    4.892967] Initializing cgroup subsys perf_event
[    4.901859] Initializing cgroup subsys net_prio
[    4.911171] Initializing cgroup subsys hugetlb
[    4.919501] Initializing cgroup subsys pids
[    4.926522] CPU: Physical Processor ID: 0
[    4.933591] CPU: Processor Core ID: 0
[    4.935151] FEATURE SPEC_CTRL Not Present
[    4.942458] mce: CPU supports 0 MCE banks
[    4.946273] Last level iTLB entries: 4KB 64, 2MB 8, 4MB 8
[    4.954136] Last level dTLB entries: 4KB 64, 2MB 0, 4MB 0, 1GB 4
[    4.974784] Spectre V2 mitigation: Mitigation: Full generic retpoline
[    4.982751] Spectre V2 mitigation: Speculation control IBPB not-supported IBRS not-supported
[    5.013878] Spectre V2 mitigation: Filling RSB on context switch
[    5.023673] Freeing SMP alternatives memory: 32K
[    5.032572] ftrace: allocating 32195 entries in 126 pages
[    5.087431] smpboot: APIC(0) Converting physical 0 to logical package 0
[    5.097971] smpboot: Max logical packages: 1
[    5.114666] x2apic enabled
[    5.126370] Switched APIC routing to physical x2apic.
[    5.147739] ..TIMER: vector=0x30 apic1=0 pin1=2 apic2=-1 pin2=-1
[    5.265171] smpboot: CPU0: Intel(R) Core(TM) i7-7660U CPU @ 2.50GHz (family: 0x6, model: 0x8e, stepping: 0x9)
[    5.297448] Performance Events: unsupported p6 CPU model 142 no PMU driver, software events only.
[    5.303573] KVM setup paravirtual spinlock
[    5.325529] x86: Booting SMP configuration:
[    5.379143] .... node  #0, CPUs:      #1
[    5.382518] kvm-clock: cpu 1, msr 0:7ffe3041, secondary cpu clock
[    5.404414] mce: CPU supports 0 MCE banks
[    5.415565] x86: Booted up 1 node, 2 CPUs
[    5.419626] smpboot: Total of 2 processors activated (9983.99 BogoMIPS)
[    5.476817] devtmpfs: initialized
[    5.480045] evm: security.selinux
[    5.510708] evm: security.SMACK64
[    5.517760] evm: security.SMACK64EXEC
[    5.559645] evm: security.SMACK64TRANSMUTE
[    5.600918] evm: security.SMACK64MMAP
[    5.603271] evm: security.ima
[    5.604195] evm: security.capability
[    5.610824] clocksource: jiffies: mask: 0xffffffff max_cycles: 0xffffffff, max_idle_ns: 7645041785100000 ns
[    5.661727] futex hash table entries: 512 (order: 3, 32768 bytes)
[    5.665011] pinctrl core: initialized pinctrl subsystem
[    5.695393] RTC time: 14:17:59, date: 07/02/18
[    5.703722] NET: Registered protocol family 16
[    5.727367] cpuidle: using governor ladder
[    5.754745] cpuidle: using governor menu
[    5.775914] PCCT header not found.
[    5.795648] ACPI: bus type PCI registered
[    5.808079] acpiphp: ACPI Hot Plug PCI Controller Driver version: 0.5
[    5.842782] PCI: Using configuration type 1 for base access
[    5.878971] ACPI: Added _OSI(Module Device)
[    5.892972] ACPI: Added _OSI(Processor Device)
[    5.905327] ACPI: Added _OSI(3.0 _SCP Extensions)
[    5.924449] ACPI: Added _OSI(Processor Aggregator Device)
[    5.945838] ACPI: Executed 1 blocks of module-level executable AML code
[    5.964964] ACPI: Interpreter enabled
[    5.970004] ACPI: (supports S0 S5)
[    5.985538] ACPI: Using IOAPIC for interrupt routing
[    5.987493] PCI: Using host bridge windows from ACPI; if necessary, use "pci=nocrs" and report a bug
[    6.020687] ACPI: PCI Root Bridge [PCI0] (domain 0000 [bus 00-ff])
[    6.045018] acpi PNP0A03:00: _OSC: OS supports [ASPM ClockPM Segments MSI]
[    6.058745] acpi PNP0A03:00: _OSC: not requesting OS control; OS requires [ExtendedConfig ASPM ClockPM MSI]
[    6.087844] acpi PNP0A03:00: fail to add MMCONFIG information, can't access extended PCI configuration space under this bridge.
[    6.114343] PCI host bridge to bus 0000:00
[    6.122701] pci_bus 0000:00: root bus resource [io  0x0000-0x0cf7 window]
[    6.141904] pci_bus 0000:00: root bus resource [io  0x0d00-0xffff window]
[    6.152801] pci_bus 0000:00: root bus resource [mem 0x000a0000-0x000bffff window]
[    6.167049] pci_bus 0000:00: root bus resource [mem 0x80000000-0xfdffffff window]
[    6.194477] pci_bus 0000:00: root bus resource [bus 00-ff]
[    6.212065] pci 0000:00:01.1: legacy IDE quirk: reg 0x10: [io  0x01f0-0x01f7]
[    6.221289] pci 0000:00:01.1: legacy IDE quirk: reg 0x14: [io  0x03f6]
[    6.258632] pci 0000:00:01.1: legacy IDE quirk: reg 0x18: [io  0x0170-0x0177]
[    6.278006] pci 0000:00:01.1: legacy IDE quirk: reg 0x1c: [io  0x0376]
[    6.317995] pci 0000:00:07.0: quirk: [io  0x4000-0x403f] claimed by PIIX4 ACPI
[    6.337184] pci 0000:00:07.0: quirk: [io  0x4100-0x410f] claimed by PIIX4 SMB
[    6.357376] ACPI: PCI Interrupt Link [LNKA] (IRQs 5 9 10 *11)
[    6.382893] ACPI: PCI Interrupt Link [LNKB] (IRQs 5 9 *10 11)
[    6.429616] ACPI: PCI Interrupt Link [LNKC] (IRQs 5 *9 10 11)
[    6.437618] ACPI: PCI Interrupt Link [LNKD] (IRQs 5 9 10 *11)
[    6.446856] ACPI: Enabled 2 GPEs in block 00 to 07
[    6.478457] vgaarb: setting as boot device: PCI:0000:00:02.0
[    6.489452] vgaarb: device added: PCI:0000:00:02.0,decodes=io+mem,owns=io+mem,locks=none
[    6.506719] vgaarb: loaded
[    6.507712] vgaarb: bridge control possible 0000:00:02.0
[    6.518838] SCSI subsystem initialized
[    6.520309] ACPI: bus type USB registered
[    6.526059] usbcore: registered new interface driver usbfs
[    6.528593] usbcore: registered new interface driver hub
[    6.545958] usbcore: registered new device driver usb
[    6.552592] PCI: Using ACPI for IRQ routing
[    6.558587] NetLabel: Initializing
[    6.560630] NetLabel:  domain hash size = 128
[    6.569021] NetLabel:  protocols = UNLABELED CIPSOv4
[    6.572123] NetLabel:  unlabeled traffic allowed by default
[    6.583218] amd_nb: Cannot enumerate AMD northbridges
[    6.599541] clocksource: Switched to clocksource kvm-clock
[    6.6025]AppArmor: AppArmor Filesystem Eabed
[   .75593] pnp: PnP ACPI init
[   .8867] pnp: PnP ACPI: found 3 devices
[    .0343]clocksource: acpi_pm: as: xffffff max_ccles 0fffff, max_idle_ns: 208570102 ns
[    7.383482] NET: Registered protocol family 2

[   7.85173] TCP establishd hash table entries: 16384 (order: 5, 131072 bytes)
[   7.47392] TCP bind hash taleenri: 6384 (order: 6, 262144 bytes)
[    7.741772] TCP: Hash tables configurd established 16384 bind 16384)
[    .807994] UDP hash table entries: 1024 (order: 3, 32768 bytes)
[    78397] UDP-Lit hash table entries: 1024 (order: 3, 32768byes
[    8.158397] NET: Registered protocol family 1
[    8.15988] pci 0000:00:00.0: Limiting direct PCI/PCI transfers
[    8.0082] pci 000:00:01.0: Activating ISA DMA hang workarounds
[    8.293382] Unpacking initramfs...
[    8.536779] Freeing initrd memory: 15320K
[    8.582937] platform rtc_cmos: registered platform RTC device (no PNP device found)
[    8.594091] Scanning for low memory corruption every 60 seconds
[    8.605908] audit: initializing netlink subsys (disabled)
[    8.628136] audit: type=2000 audit(1530547246.014:1): initialized
[    8.638890] Initialise system trusted keyring
[    8.661340] HugeTLB registered 2 MB page size, pre-allocated 0 pages
[  8.688510] zbud: laded

[    8.791874] VFS: Dk uoasdqot.6.0
[   8.9995VF Duot-cache hash table entrie: 12(ode 0 496yts)
[   9.59033] squashfs: version 4.0 (2009/01/31) Phillip Lougher
[   5737ts: efined TSC clocksorccalibraio 26.60 MHz

[    9.579740]clksur: ts: mask: xffffffffff mx_yces 023b03e9,axide_: 440795215403 ns
[   10.803922] fuse init (API version 7.23)
[   10.829428] Key type big_key registered
[   10.855004] Allocating IMA MOK and blacklist keyrings.
[   10.898435] Key type asymmetric registered
[   10.947938] Asymmetric key parser 'x509' registered
[   10.951404] Block layer SCSI generic (bsg) driver version 0.4 loaded (major 249)
[   10.958258] io scheduler noop registered
[   10.993356] io scheduler deadline registered (default)
[   11.069693] io scheduler cfq registered
[   11.122258] pci_hotplug: PCI Hot Plug PCI Core version: 0.5
[   11.174729] pciehp: PCI Express Hot Plug Controller Driver version: 0.4
[   11.232366] ACPI: AC Adapter [AC] (off-line)
[   11.252291] input: Power Button as /devices/LNXSYSTM:00/LNXPWRBN:00/input/input0
[   11.281722] ACPI: Power Button [PWRF]
[   11.282943] input: Sleep Button as /devices/LNXSYSTM:00/LNXSLPBN:00/input/input1
[   11.338751] ACPI: Sleep Button [SLPF]
[   11.357072] GHES: HEST is not enabled!
[   11.400350] ACPI: Battery Slot [BAT0] (battery present)
[   11.409825] Serial: 8250/16550 driver, 32 ports, IRQ sharing enale
[ 11.5528]0002 tS0at I/O0x8 (irq = 4, base_bud= 15200) is a 16550A
[   12.042347] Linux agpgart interface v0.103
[   12.089146] loop: module loaded
[   12.098221] scsi host0: ata_piix
[   12.124128] scsi host1: ata_piix
[   12.159287] ata1: PATA max UDMA/33 cmd 0x1f0 ctl 0x3f6 bmdma 0xd000 irq 14
[   12.162988] ata2: PATA max UDMA/33 cmd 0x170 ctl 0x376 bmdma 0xd008 irq 15
[   12.175774] libphy: Fixed MDIO Bus: probed
[   12.178017] tun:Unvesa TUN/P evcedriver, 1.6
[[   12.467896] tun: (C) 1999-2004Ma Krasnyansky<maxk@qualcomm.com>
[   12.575739] PPP generic driver version 2.4.2
[   12.604322] ehci_hcd: USB 2.0 'Enhanced' Host Controller (EHCI) Driver
[   12.642384] ehci-pci: EHCI PCI platform driver
[   12.647975] ehci-platform: EHCI generic platform driver
[   12.700931] ohci_hcd: USB 1.1 'Open' Host Controller (OHCI) Driver
[   12.751954] ohci-pci: OHCI PCI platform driver
[   12.776251] ohci-platform: OHCI generic platform driver
[   12.808244] uhci_hcd: USB Universal Host Controller Interface driver
[   12.810949] i8042: PNP: PS/2 Controller [PNP0303:PS2K,PNP0f03:PS2M] at 0x60,0x64 irq 1,12
[   12.815296] serio: i8042 KBD port at 0x60,0x64 irq 1
[   12.836695] serio: i8042 AUX port at 0x60,0x64 irq 12
[   12.863664] mousedev: PS/2 mouse device common for all mice
[   12.900195] input: AT Translated Set 2 keyboard as /devices/platform/i8042/serio0/input/input2
[   12.937349] rtc_cmos rtc_cmos: rtc core: registered rtc_cmos as rtc0
[   12.953912] rtc_cmos rtc_cmos: alarms up to one day, 114 bytes nvram
[   12.963992] i2c /dev entries driver
[   12.974414] device-mapper: uevent: version 1.0.3
[   12.979951] device-mapper: ioctl: 4.34.0-ioctl (2015-10-28) initialised: dm-devel@redhat.com
[   13.002948] ledtrig-cpu: registered to indicate activity on CPUs
[   13.044114] NET: Registered protocol family 10
[   13.092731] NET: Registered protocol family 17
[   13.112063] Key type dns_resolver registered
[   13.155029] registered taskstats version 1
[   13.2332]oangomlein.509 certiices[  17034] ad X09ert 'Bilti atogenerated erl y:f84e663bf4ceb2027bf7b630'
[   14.802130] zswap: loaded using pool lzo/zbud
[   14.854375] Key type trusted registered
[   14.906656] Key type encrypted registered
[   14.928696] AppArmor: AppArmor sha1 policy hashing enabled
[   14.949167] ima: No TPM chip found, activating TPM-bypass!
[   14.965809] evm: HMAC attrs: 0x1
[   14.969247]  Magic numbe: 0:5928
[   15.152087tt ty1: asmahe

[   15.436035] rtc_cmos rtc_cmos: setting system clock to 2018-07-02 14:18:09 UTC (1530541089)
[   15.44184] OSED facility v0.16 2004-Jun-25, 0 devices found
[   15.560974] EDD information not available.
 [   15.563321] Freeing unused kernel memory: 1508K
[   16.040147] Write protecting the kernel read-only data: 14336k
[   16.042144] Freeing unused kernel memory: 1696K
[   16.226422] Freeing unused kernel memory: 100K
Loading, please wait...
starting version[   16.253736] random: udevadm: uninitialized urandom read (16 bytes read, 7 bits of entropy available)
 229
[   16.256836] random: systemd-udevd: uninitialized urandom read (16 bytes read, 7 bits of entropy available)
[   16.256908] random: systemd-udevd: uninitialized urandom read (16 bytes read, 7 bits of entropy available)
[   16.256919] random: systemd-udevd: uninitialized urandom read (16 bytes read, 7 bits of entropy available)
[   16.256931] random: systemd-udevd: uninitialized urandom read (16 bytes read, 7 bits of entropy available)
[   16.616115] random: udevadm: uninitialized urandom read (16 bytes read, 7 bits of entropy available)
[   16.734566] random: systemd-udevd: uninitialized urandom read (16 bytes read, 7 bits of entropy available)
[   16.791717] random: systemd-udevd: uninitialized urandom read (16 bytes read, 7 bits of entropy available)
[   16.848182] random: systemd-udevd: uninitialized urandom read (16 bytes read, 7 bits of entropy available)
[   16.849480] random: udevadm: uninitialized urandom read (16 bytes read, 7 bits of entropy available)
[   16.981087] e1000: Intel(R) PRO/1000 Network Driver - version 7.3.21-k8-NAPI
[   17.028153] e1000: Copyright (c) 1999-2006 Intel Corporation.
[   17.072510] Fusion MPT base driver 3.04.20
[   17.107035] Copyright (c) 1999-2008 LSI Corporation
[   17.132354] Fusion MPT SPI Host driver 3.04.20
[   17.175373] AVX2 version of gcm_enc/dec engaged.
[   17.183199] AES CTR mode by8 optimization enabled
[   17.338611] input: ImExPS/2 Generic Explorer Mouse as /devices/platform/i8042/serio1/input/input4
[   17.589768] e1000 0000:00:03.0 eth0: (PCI:33MHz:32-bit) 02:62:8c:65:d6:7a
[   17.605351] e1000 0000:00:03.0 eth0: Intel(R) PRO/1000 Network Connection
[   18.052620] e1000 0000:00:08.0 eth1: (PCI:33MHz:32-bit) 08:00:27:b0:2e:29
[   18.065570] e1000 0000:00:08.0 eth1: Intel(R) PRO/1000 Network Connection
[   18.070973] e1000 0000:00:03.0 enp0s3: renamed from eth0
[   18.091192] mptbase: ioc0: Initiating bringup
[   18.131894] e1000 0000:00:08.0 enp0s8: renamed from eth1
[   18.239429] ioc0: LSI53C1030 A0: Capabilities={Initiator}
[   20.070597] scsi host2: ioc0: LSI53C1030 A0, FwRev=00000000h, Ports=1, MaxQ=256, IRQ=20
[   21.585554] floppy0: no floppy controllers found
[   21.712956] scsi 2:0:0:0: Direct-Access     VBOX     HARDDISK         1.0  PQ: 0 ANSI: 5
[   21.815069] scsi target2:0:0: Beginning Domain Validation
[   21.891880] scsi target2:0:0: Domain Validation skipping write tests
[   21.924465] scsi target2:0:0: Ending Domain Validation
[   21.935242] scsi target2:0:0: asynchronous
[   21.941880] scsi 2:0:1:0: Direct-Access     VBOX     HARDDISK         1.0  PQ: 0 ANSI: 5
[   21.975727] scsi target2:0:1: Beginning Domain Validation
[   21.992770] scsi target2:0:1: Domain Validation skipping write tests
[   22.004663] scsi target2:0:1: Ending Domain Validation
[   22.025510] scsi target2:0:1: asynchronous
[   22.064389] sd 2:0:0:0: Attached scsi generic sg0 type 0
[   22.080783] sd 2:0:0:0: [sda] 20971520 512-byte logical blocks: (10.7 GB/10.0 GiB)
[   22.131725] sd 2:0:1:0: Attached scsi generic sg1 type 0
[   22.132001] sd 2:0:1:0: [sdb] 20480 512-byte logical blocks: (10.5 MB/10.0 MiB)
[   22.132184] sd 2:0:1:0: [sdb] Write Protect is off
[   22.132304] sd 2:0:1:0: [sdb] Incomplete mode parameter data
[   22.132305] sd 2:0:1:0: [sdb] Assuming drive cache: write through
[   22.139903] sd 2:0:0:0: [sda] Write Protect is off
[   22.139969] sd 2:0:0:0: [sda] Incomplete mode parameter data
[   22.139970] sd 2:0:0:0: [sda] Assuming drive cache: write through
[   22.145856]  sda: sda1
[   22.146692] sd 2:0:1:0: [sdb] Attached SCSI disk
[   22.146882] sd 2:0:0:0: [sda] Attached SCSI disk
Begin: Loading e[   23.713441] md: linear personality registered for level -1
ssential drivers ... [   23.748740] md: multipath personality registered for level -4
[   23.763026] md: raid0 personality registered for level 0
[   23.802557] md: raid1 personality registered for level 1
[   23.915846] raid6: sse2x1   gen()  6916 MB/s
[   23.999720] raid6: sse2x1   xor()  6745 MB/s
[   24.075667] raid6: sse2x2   gen() 11890 MB/s
[   24.215988] raid6: sse2x2   xor()  6677 MB/s
[   24.356217] raid6: sse2x4   gen()  7414 MB/s
[   24.447741] raid6: sse2x4   xor()  6129 MB/s
[   24.527708] raid6: avx2x1   gen() 11912 MB/s
[   24.630767] raid6: avx2x2   gen() 12611 MB/s
[   24.719766] raid6: avx2x4   gen() 11375 MB/s
[   24.741670] raid6: using algorithm avx2x2 gen() 12611 MB/s
[   24.772582] raid6: using avx2x2 recovery algorithm
[   24.858476] xor: automatically using best checksumming function:
[   24.940268]    avx       : 22546.000 MB/sec
[   24.960612] async_tx: api initialized (async)
[   25.005022] md: raid6 personality registered for level 6
[   25.040905] md: raid5 personality registered for level 5
[   25.069656] md: raid4 personality registered for level 4
[   25.091672] md: raid10 personality registered for level 10
done.
Begin: Running /scripts/init-premount ... done.
Begin: Mounting root file system ... Begin: Running /scripts/local-top ... done.
Begin:[   25.142762] Btrfs loaded
 Running /scripts/local-premount ... Scanning for Btrfs filesystems
done.
Warning: fsck not present, so sk[   25.210016] EXT4-fs (sda1): mounted filesystem with ordered data mode. Opts: (null)
ipping root file system
done.
Begin: Running /scripts/local-bottom ... done.
Begin: Running /scripts/init-bottom ... done.
[   25.390347] systemd[1]: systemd 229 running in system mode. (+PAM +AUDIT +SELINUX +IMA +APPARMOR +SMACK +SYSVINIT +UTMP +LIBCRYPTSETUP +GCRYPT +GNUTLS +ACL +XZ -LZ4 +SECCOMP +BLKID +ELFUTILS +KMOD -IDN)
[   25.458567] systemd[1]: Detected virtualization oracle.
[   25.479634] systemd[1]: Detected architecture x86-64.

Welcome to [1mUbuntu 16.04.4 LTS[0m!

[   25.524777] systemd[1]: Set hostname to <puppet-agent01>.
[   25.743999] systemd[1]: Reached target System Time Synchronized.
[[0;32m  OK  [0m] Reached target System Time Synchronized.
[   25.794315] systemd[1]: Listening on Device-mapper event daemon FIFOs.
[[0;32m  OK  [0m] Listening on Device-mapper event daemon FIFOs.
[   25.900884] systemd[1]: Started Forward Password Requests to Wall Directory Watch.
[[0;32m  OK  [0m] Started Forward Password Requests to Wall Directory Watch.
[   25.965250] systemd[1]: Listening on Journal Socket.
[[0;32m  OK  [0m] Listening on Journal Socket.
[   26.015888] systemd[1]: Listening on /dev/initctl Compatibility Named Pipe.
[[0;32m  OK  [0m] Listening on /dev/initctl Compatibility Named Pipe.
[   26.088659] systemd[1]: Listening on udev Control Socket.
[[0;32m  OK  [0m] Listening on udev Control Socket.
[   26.118781] systemd[1]: Created slice User and Session Slice.
[[0;32m  OK  [0m] Created slice User and Session Slice.
[   26.252071] systemd[1]: Listening on LVM2 metadata daemon socket.
[[0;32m  OK  [0m] Listening on LVM2 metadata daemon socket.
[   26.344176] systemd[1]: Listening on Syslog Socket.
[[0;32m  OK  [0m] Listening on Syslog Socket.
[   26.393442] systemd[1]: Reached target Encrypted Volumes.
[[0;32m  OK  [0m] Reached target Encrypted Volumes.
[   26.504334] systemd[1]: Started Trigger resolvconf update for networkd DNS.
[[0;32m  OK  [0m] Started Trigger resolvconf update for networkd DNS.
[   26.581572] systemd[1]: Created slice System Slice.
[[0;32m  OK  [0m] Created slice System Slice.
[   26.683915] systemd[1]: Starting Create list of required static device nodes for the current kernel...
[   26.684390] random: nonblocking pool is initialized
         Starting Create list of required st... nodes for the current kernel...
[   26.768358] systemd[1]: Reached target Slices.
[[0;32m  OK  [0m] Reached target Slices.
[  2.857] ystemd[1]: tatig Uncomplicated firewal...

         Starting Uncomplicated firewall...
[   27.170078] systemd[1]: Starting Set console keymap...
         Starting Set console keymap...
[   27.223762] systemd[1]: Mounting Debug File System...
         Mounting Debug File System...
[   27.254765] systemd[1]: Starting Monitoring of LVM2 mirrors, snapshots etc. using dmeventd or progress polling...
         Starting Monitoring of LVM2 mirrors... dmeventd or progress polling...
[   27.399955] systemd[1]: Mounting Huge Pages File System...
         Mounting Huge Pages File System...
[   27.572090] systemd[1]: Mounting POSIX Message Queue File System...
         Mounting POSIX Message Queue File System...
[   27.628938] systemd[1]: Set up automount Arbirary Executable File Formats Fle System Automount Point.
[[0;32m  OK  [0m] Set up automount Arbitrary Executab...ats File System Automount Point.
[  2.8112]syted[]: Listenng on JouralSocet/dv/og).

[[0;32m  OK  [0m] Listening on Journal Socket (/dev/log).
[  2.3410] ysem[1 Listenng on Journal Audit Socket.
[[0;32m  OK  [0m] Listening on Journal Audit Socket.
[   28.639868] systemd[1]: Starting Journal Service...
         Starting Journal Service...
[   .7668]ysem[1]:istein on ude Krnel Socket.
[[0;32m  OK  [0m] Listening on udev Kernel Socket.
[   29.258209] systemd[1]: Created slice system-serial\x2dgetty.slice.
[[0;32m  OK  [0m] Created slice system-serial\x2dgetty.slice.
[   29.276558] systemd[1]: Listening on LVM2 poll daemon socket.
[[0;32m  OK  [0m] Listening on LVM2 poll daemon socket.
[  29.299758] sysem[1: Reached target Swp.
[[0;32m  OK  [0m] Reached target Swap.
[   29.528464] systemd[1]: Starting Remount Root and Kernel File Systems...
         Starting Remount Root and Kernel File Systems...[   29.545937] EXT4-fs (sda1): re-mounted. Opts: (null)

[   29.604469] systemd[1]: Starting Nameserver information manager...
         Starting Nameserver information manager...
[   29.638670] systemd[1]: Starting Load Kernel Modules...
[   29.692393] Loading iSCS transorcls 2.0-87.

         Starting Load Kernel Modules...
[   29.972387] iscsi: registered transport (tcp)
[   30.040055] systemd[1]: Reached target User and Group Name Lookups.
[[0;32m  OK  [0m] Reached target User and Group Name Lookups.
[   30.084338] systemd[1]: Mounted POSIX Message Queue File System.
[[0;32m  OK  [0m] Mounted POSIX Message Queue File System.
[   30.133062] systemd[1]: Mounted Huge Pages File System.
[[0;32m  OK  [[   30.140312] iscsi: registered transport (iser)
0m] Mounted Huge Pages File System.
[   30.161331] systemd[1]: Mounted Debug File System.
[[0;32m  OK  [0m] Mounted Debug File System.
[   30.205716] systemd[1]: Started Journal Service.
[[0;32m  OK  [0m] Started Journal Service.
[[0;32m  OK  [0m] Started Create list of required sta...ce nodes for the current kernel.
[[0;32m  OK  [0m] Started Uncomplicated firewall.
[[0;32m  OK  [0m] Started Set console keymap.
[[0;32m  OK  [0m] Started Remount Root and Kernel File Systems.
[[0;32m  OK  [0m] Started Load Kernel Modules.
[[0;32m  OK  [0m] Started Nameserver information manager.
[[0;32m  OK  [0m] Started LVM2 metadata daemon.
         Mounting FUSE Control File System...
         Starting Apply Kernel Variables...
         Starting udev Coldplug all Devices...
         Starting Load/Save Random Seed...
         Starting Initial cloud-init job (pre-networking)...
         Starting Create Static Device Nodes in /dev...
         Starting Flush Journal to Persistent Storage...
[[0;32m  OK  [0m] Mounted FUSE Control File System.
[[0;32m  OK  [0m] Started Apply Kernel Variables.
[[0;32m  OK  [0m] Started Load/Save Random Seed.
[[0;32m  OK  [0m] Started Create Static Device Nodes in /dev.
[[0;32m  OK  [0m] Started udev Coldplug all Devices.
[[0;32m  OK  [0m] Started Flush Journal to Persistent Storage.
         Starting udev Kernel Device Manager...
[[0;32m  OK  [0m] Started udev Kernel Device Manager.
[[0;32m  OK  [0m] Started Dispatch Password Requests to Console Directory Watch.
[[0;32m  OK  [0m] Started Monitoring of LVM2 mirrors,...ng dmeventd or progress polling.
[[0;32m  OK  [0m] Reached target Local File Systems (Pre).
[[0;32m  OK  [0m] Reached target Local File Systems.
         Starting Create Volatile Files and Directories...
         Starting LSB: AppArmor initialization...
         Starting Set console font and keymap...
         Starting Tell Plymouth To Write Out Runtime Data...
[[0;32m  OK  [0m] Started Create Volatile Files and Directories.
[[0;32m  OK  [0m] Started Tell Plymouth To Write Out Runtime Data.
[[0;32m  OK  [0m] Found device /dev/ttyS0.
         Starting Update UTMP about System Boot/Shutdown...
[[0;32m  OK  [0m] Started Update UTMP about System Boot/Shutdown.
[[0;32m  OK  [0m] Found device 82540EM Gigabit Ethern...r (PRO/1000 MT Desktop Adapter).
[[0;32m  OK  [0m] Started LSB: AppArmor initialization.
[[0;32m  OK  [0m] Found device 82540EM Gigabit Ethern...r (PRO/1000 MT Desktop Adapter).
[   26.987067] cloud-init[458]: Cloud-init v. 18.2 running 'init-local' at Mon, 02 Jul 2018 14:18:26 +0000. Up 26.06 seconds.
[[0;32m  OK  [0m] Started Initial cloud-init job (pre-networking).
[[0;32m  OK  [0m] Listening on Load/Save RF Kill Switch Status /dev/rfkill Watch.
[[0;32m  OK  [0m] Reached target Network (Pre).
         Starting Raise network interfaces...
[[0;32m  OK  [0m] Started ifup for enp0s8.
[[0;32m  OK  [0m] Started ifup for enp0s3.
[[0;32m  OK  [0m] Started Set console font and keymap.
[[0;32m  OK  [0m] Created slice system-getty.slice.
[[0;32m  OK  [0m] Started Raise network interfaces.
         Starting Initial cloud-init job (metadata service crawler)...
[[0;32m  OK  [0m] Reached target Network.
[   29.176382] cloud-init[1108]: Cloud-init v. 18.2 running 'init' at Mon, 02 Jul 2018 14:18:28 +0000. Up 28.77 seconds.
[   29.237677] [cloud-init[0;32m  OK  [0m[1108]: ] ci-info: ++++++++++++++++++++++++++++++++++++++Net device info++++++++++++++++++++++++++++++++++++++Started Initial cloud-init job (metadata service crawler).

[   29.424707] [cloud-init[0;32m  OK  [0m[1108]: ] ci-info: +--------+------+-----------------------------+---------------+-------+-------------------+Reached target Network is Online.

[   29.524724]          cloud-initStarting iSCSI initiator daemon (iscsid)...[1108]: 
ci-info: | Device |  Up  |           Address           |      Mask     | Scope |     Hw-Address    |
[   29.616512] [[0;32m  OK  [0m] Reached target Cloud-config availability.
[[0;32m  OK  [0m] Reached target System Initialization.
[[0;32m  OK  [0m] Listening on UUID daemon activation socket.
cloud-init[1108]: ci-info: +--------+------+-----------------------------+---------------+-------+-------------------+
[   29.822350]          cloud-initStarting Socket activation for snappy daemon.[1108]: 
ci-info: | enp0s3 | True |          10.0.2.15          | 255.255.255.0 |   .   | 02:62:8c:65:d6:7a |
[   29.889196]          cloud-initStarting LXD - unix socket.[1108]: 
ci-info: | enp0s3 | True |  fe80::62:8cff:fe65:d67a/64 |       .       |  link | 02:62:8c:65:d6:7a |
[   30.016556] [cloud-init[0;32m  OK  [0m[1108]: ] ci-info: | enp0s8 | True |        192.168.56.101       | 255.255.255.0 |   .   | 08:00:27:b0:2e:29 |Started Daily apt download activities.

[[0;32m  OK  [0m] Started Daily apt upgrade and clean activities.
[[0;32m  OK  [0m] Listening on ACPID Listen Socket.
[   30.017255] cloud-init[1108]: ci-info: | enp0s8 | True | fe80::a00:27ff:feb0:2e29/64 |       .       |  link | 08:00:27:b0:2e:29 |
[   30.300649] [cloud-init[0;32m  OK  [0m[1108]: ] ci-info: |   lo   | True |          127.0.0.1          |   255.0.0.0   |   .   |         .         |Started ACPI Events Check.

[[0;32m  OK  [0m] Reached target Paths.
[[0;32m  OK  [0m] Started Daily Cleanup of Temporary Directories.
[[0;32m  OK  [0m] Reached target Timers.
[[0;32m  OK  [0m] Listening on D-Bus System Message Bus Socket.
[   30.301355] cloud-init[1108]: ci-info: |   lo   | True |           ::1/128           |       .       |  host |         .         |
[   30.812719] [cloud-init[0;32m  OK  [0m[1108]: ] ci-info: +--------+------+-----------------------------+---------------+-------+-------------------+Listening on Socket activation for snappy daemon.

[[0;32m  OK  [0m] Listening on LXD - unix socket.
[[0;32m  OK  [0m] Started iSCSI initiator daemon (iscsid).
[   30.813380] cloud-init[1108]: ci-info: ++++++++++++++++++++++++++++Route IPv4 info++++++++++++++++++++++++++++
[   31.114695]          cloud-initStarting Login to default iSCSI targets...[1108]: 
ci-info: +-------+--------------+----------+---------------+-----------+-------+
[   31.296476] [cloud-init[0;32m  OK  [0m[1108]: ] ci-info: | Route | Destination  | Gateway  |    Genmask    | Interface | Flags |Reached target Sockets.

[   31.297396] [cloud-init[0;32m  OK  [0m[1108]: ] ci-info: +-------+--------------+----------+---------------+-----------+-------+Reached target Basic System.

[   31.545074]          cloud-initStarting Accounts Service...[1108]: 
ci-info: |   0   |   0.0.0.0    | 10.0.2.2 |    0.0.0.0    |   enp0s3  |   UG  |
[   31.733200] cloud-init[1108]: ci-info: |   1   |   10.0.2.0   | 0.0.0.0  | 255.255.255.0 |   enp0s3  |   U   |
[[0;32m  OK  [0m] Started FUSE filesystem for LXC.
[   31.735336] cloud-init[1108]: ci-info: |   2   | 192.168.56.0 | 0.0.0.0  | 255.255.255.0 |   enp0s8  |   U   |
[   31.872710] [cloud-init[0;32m  OK  [0m[1108]: ] ci-info: +-------+--------------+----------+---------------+-----------+-------+Started D-Bus System Message Bus.

[[0;32m  OK  [0m] Started ACPI event daemon.
         Starting LSB: MD monitoring daemon...
[[0;32m  OK  [0m] Started Deferred execution scheduler.
[[0;32m  OK  [0m] Started Unattended Upgrades Shutdown.
         Starting The Marionette Collective...
         Starting System Logging Service...
         Starting Apply the settings specified in cloud-config...
[[0;32m  OK  [0m] Started Puppet agent.
         Starting /etc/rc.local Compatibility...
         Starting LXD - container startup/shutdown...
         Starting Virtualbox guest utils...
         Starting Login Service...
         Starting OpenBSD Secure Shell server...
         Starting LSB: Record successful boot for GRUB...
         Starting Snappy daemon...
[[0;32m  OK  [0m] Started Regular background program processing daemon.
[[0;32m  OK  [0m] Started System Logging Service.
[[0;32m  OK  [0m] Started OpenBSD Secure Shell server.
[[0;32m  OK  [0m] Started /etc/rc.local Compatibility.
[[0;32m  OK  [0m] Started LXD - container startup/shutdown.
[[0;32m  OK  [0m] Started Snappy daemon.
[[0;32m  OK  [0m] Started Login to default iSCSI targets.
[[0;32m  OK  [0m] Started LSB: MD monitoring daemon.
[[0;32m  OK  [0m] Started LSB: Record successful boot for GRUB.
         Starting Authenticate and Authorize Users to Run Privileged Tasks...
[[0;32m  OK  [0m] Reached target Remote File Systems (Pre).
[   34.180840] cloud-init[1194]: Cloud-init v. 18.2 running 'modules:config' at Mon, 02 Jul 2018 14:18:33 +0000. Up 33.57 seconds.
[[0;32m  OK  [0m] Reached target Remote File Systems.
         Starting LSB: daemon to balance interrupts for SMP systems...
         Starting LSB: Set the CPU Frequency Scaling governor to "ondemand"...
         Starting LSB: Controls chronyd NTP time daemon...
         Starting LSB: automatic crash report generation...
         Starting Permit User Sessions...
         Starting Wait until snapd is fully seeded...
[[0;32m  OK  [0m] Started The Marionette Collective.
[[0;32m  OK  [0m] Started Apply the settings specified in cloud-config.
[[0;32m  OK  [0m] Started Virtualbox guest utils.
[[0;32m  OK  [0m] Started Permit User Sessions.
[[0;32m  OK  [0m] Started Wait until snapd is fully seeded.
[[0;32m  OK  [0m] Started Login Service.
[[0;32m  OK  [0m] Started Authenticate and Authorize Users to Run Privileged Tasks.
[[0;32m  OK  [0m] Started Accounts Service.
[[0;32m  OK  [0m] Started LSB: daemon to balance interrupts for SMP systems.
[[0;32m  OK  [0m] Started LSB: Set the CPU Frequency Scaling governor to "ondemand".
         Starting Hold until boot process finishes up...
         Starting Terminate Plymouth Boot Screen...
[[0;32m  OK  [0m] Started LSB: automatic crash report generation.
[[0;32m  OK  [0m] Started Hold until boot process finishes up.
[[0;32m  OK  [0m] Started Terminate Plymouth Boot Screen.
[[0;32m  OK  [0m] Started Getty on tty1.
         Starting Set console scheme...
[[0;32m  OK  [0m] Started Serial Getty on ttyS0.
[[0;32m  OK  [0m] Reached target Login Prompts.
[[0;32m  OK  [0m] Started Set console scheme.
[[0;32m  OK  [0m] Started LSB: Controls chronyd NTP time daemon.
[[0;32m  OK  [0m] Reached target Multi-User System.
         Starting Execute cloud user/final scripts...
[[0;32m  OK  [0m] Reached target Graphical Interface.
         Starting Update UTMP about System Runlevel Changes...
[[0;32m  OK  [0m] Started Update UTMP about System Runlevel Changes.
[   38.459383] cloud-init[1380]: Cloud-init v. 18.2 running 'modules:final' at Mon, 02 Jul 2018 15:50:38 +0000. Up 38.23 seconds.
[   38.504906] cloud-init[1380]: Cloud-init v. 18.2 finished at Mon, 02 Jul 2018 15:50:38 +0000. Datasource DataSourceNoCloud [seed=/dev/sdb][dsmode=net].  Up 38.43 seconds
[[0;32m  OK  [0m] Started Execute cloud user/final scripts.
[[0;32m  OK  [0m] Reached target Cloud-init target.

Ubuntu 16.04.4 LTS puppet-agent01 ttyS0

puppet-agent01 login: [  623.769327] e1000 0000:00:03.0 enp0s3: Detected Tx Unit Hang
[  623.769327]   Tx Queue             <0>
[  623.769327]   TDH                  <ab>
[  623.769327]   TDT                  <ad>
[  623.769327]   next_to_use          <ad>
[  623.769327]   next_to_clean        <ab>
[  623.769327] buffer_info[next_to_clean]
[  623.769327]   time_stamp           <100013855>
[  623.769327]   next_to_watch        <ac>
[  623.769327]   jiffies              <100013bee>
[  623.769327]   next_to_watch.status <0>
[  626.409135] e1000 0000:00:03.0 enp0s3: Detected Tx Unit Hang
[  626.409135]   Tx Queue             <0>
[  626.409135]   TDH                  <ab>
[  626.409135]   TDT                  <ad>
[  626.409135]   next_to_use          <ad>
[  626.409135]   next_to_clean        <ab>
[  626.409135] buffer_info[next_to_clean]
[  626.409135]   time_stamp           <100013855>
[  626.409135]   next_to_watch        <ac>
[  626.409135]   jiffies              <100013e82>
[  626.409135]   next_to_watch.status <0>
[  628.080573] e1000 0000:00:03.0 enp0s3: Reset adapter
