[  0000000] Inialin cgroup subsys cpuset
[    0.000000] Initializing cgroup subsys cpu
[    0.000000] Initializing cgroup subsys cpuacct
[    0.000000] Linux version 4.4.0-119-generi(bld@lcy1-d6013) ccersio 5.40 16009(Ubun 54.0-6uuntu1164. ) #14UbtuSMPonpr2 168:4 C 208 buu 4.4.1114-genri4.114)
[  .0000] mmd line: BOOT_IMAGE=/boot/vmlinuz-4.4.0-119-generic root=LABEL=cloudimg-rootfs ro console=tty1 consoltt0
[  .0000]KENEsuported cpus:
[    0.000000]   Intl enuieIntel
[   0.000  AMD utntAMD
[    00000  Ceau CentarHls
[   00000 x86/fu:ste_offst[: 576,ste_izes[2: 56
[    0.000000] x86puSuportig AV feare 0x01: x8floati pntregistrs
[   .00000]86fpu:Suorng XSAE ate 0x2:'S regstrs'
[    0.000000] 86pu Supporting XSAVE feature 0x04: 'AVX egtes'
[    00000x86/fpu:Enle xste atres 7,onext sie  8 byts,si 'stanar fmat.
[   00000] x/f: Usngla' FPcoex swihe
    0.000]820:BI-pvide psical M ma
  0.00000]BI-e820: [mem0x000000000000000-0x000000000009fff usae[    0.00000]IOe820:me0x000000fc00-x00000009ffff] reserved
  0.0000] BIOS82 [em 00x000000f000-0x00000000000fffff] reseed
[    0.000000] BIOS-e820: [mem 0x0000000000100000-0x000000007ffeffff] usable
[    0.000000] BIOS-e820: [mem 0x000000007fff0000-0x000000007fffffff] ACPI data
[    0.000000] BIOS-e820: [mem 0x00000000fec0000-0x00000000fec00fff] reserved[    00000] OS82: [mem x0000fee00000-0x00000fe00ffrerved    0.000000] BIOS-e0: [em0x00000fc000x000000ffffff] esve
    0.000000] N (xecute Diable) protecton ative[  0.000] BIOS 2 pset.
    00000 Hypvir etecedKV
[  00000] 20lat_pf= 7ff0 m_ah_fn = 040000
[   .0000] MTRR: Disabled
[    0.000000] x86/PAT: MTRRs disabled, skipping PAT initialization too.
[    0.000000] CPU MTRRs all blank - virtualized system
  0.000000] x86/PAT: Configuration [0-7]: WB  WT  UC- UC  WB  WT  UC- UC  
[    0.000000] found SMP MP-table at [mem 0x0009fff0-0x0009fff] mappedatff8800000ff]
[    0.0000]caning 1 re fr ow mmo crupton
[  0.000000] RAMDISK: [mem 0x36ae4000-0x37569fff]
[    0.000000] ACPI: Early table cecsum vifatoon disbl
    0.000000] ACPI: RSDP 0x00000000000E0000 000024 (v02 VBOX  )
[    0.000000] ACPI: XSDT 0x000000007FFF0030 00003C (v01 VBOX   VBOXXSDT 00000001 ASL  00000061)
[    0.000000] ACPI: FACP 0x000000007FFF00F0 0000F4 (v04 VBOX   VBOXFACP 00000001 ASL  00000061)
[    0.000000] ACPI: DSDT 0x000000007FFF0470 0021FF (v02 VBOX   VBOXBIOS 00000002 INTL 20100528)
[    0.000000] ACPI: FACS 0x000000007FFF0200 000040
[    0.000000] ACPI: FACS 0x000000007FFF0200 000040
[    0.000000] ACI:PI 0x000007F0240 00005C (v02 VBOX   VBOXAPIC 00000001 ASL  00000061)
[    0.000000]AC: SSDT 0x000000007FFF02A0 0001CC (v01 VBOX   VBOXCPUT 00000002 INTL 20100528)
[    0.000000] No NUMA configuration found
[    0.000000] Faking a node at [mem 0x00000000000000-0x000007feff]    0.00] ODE_DAA( alocaedmem 0ffeb00x7efff]   0.000 kvm-cloc Ungmsrs4b4d and 4640
[  00000] kvmlo: pu 0, sr:7fe301,rimary cpu lok[   0000] vmlok:usin sedffse o35589225ycs
[  .0000] cocouce: m-ock: sk0xffffffffff max_cycle 0cd424db,ax_idl_n 8590514 n
[    0.000] ne rng:[   .000]   MA  [mem0x000000001000-0x00000000fff][   .000]   A3  [mem0x000001000000-0x00007fefff
  0.0000  orma  mp
[   0.0000]  Devce ety
  0.0000] vae zoe art for each node
[    0.000000] Earl memrynoe anes
  0.0000  od  0:[m 00000000100-000000009efff]
[   000000]   od  : [mm 0x00000000100000x0000007ffeffff]
[   0.000000] Initmem setup node 0 [mem 0x000000000000-x00007fffff][   0.0000] CPI:PMim IO or 0008  0.0000IOPIC[]:pic_id2,verio32addres fec000,GS 03
[  00000] ACPI: INT_SRC_OVR (bus 0 bus_irq 0 global_irq d dl)
[  00000]CP IT_SRC_OVR (bus 0 bus_irq 9 global_irq 9 low level)
[    0.000000 UingACPI (MADT) for SMPcofiguatn nfrmation    0.000000] smpboot: Allowing 2 CPUs, 0 hotpg CPU
[   0.0000] PM: Registered nosave memory: [mem 0x00000000-0x00000fff]
[    0.000000] PM: Registered nosave memory: [mem 0x0009f000-0x0009ffff]
[    0.000000] PM: Registered nosave memory: [mem 0x000a0000-0x000effff]
[    0.000000] PM: Registered nosave memory: [mem 0x000f0000-0x000fffff]
[    0.0000] 820: [mem 0x80000000-0xfebfffff] available for PCI devices
[    0.000000] Booting paravirtualized kernel on KVM
[    0.000000] clocksource: refined-jiffies: mask: 0xffffffff max_cycles: 0xffffffff, max_idle_ns: 7645519600211568 ns
[    0.00000] setupepu NRCP:5 nr_cpumask_bits:512 nr_cpu_ids:2 nr_node_ids:1
[    0.000000] PERCPU:mbde 34ages/cpu @ffff88007fc00000 s99544 r8192 d31528 u1048576
[    0.000000] PV qspinlk ash tlenties 2 (der: 0,09byes)[  00000Bult 1zolis inNo oer, obitgroupig n.Total pge: 1560
[    0.000000] Poliy ne: DMA32
[   0.000000] Kernel command line: BOOT_AGE=/bt/mlinuz-.40-19-generic rooLABEL=cludmg-rootfs ro console=tty1 console=ttyS0
[    0.000000] PID hash table entries: 4096 (order: 3, 32768 bytes)
[    0.000000] Memory: 2033940K/2096696K available (8532K kernel code, 1313K rwdata, 3996K rodata, 1508K init, 1316K bss, 62756K reserved, 0K cma-reserved)
[    0000000SLB: HWalign=64, Order=0-3, MinObjects=0 CUs2,Nodes=
   0.000000] Kernel/User page tables isolation: enabled
[    0.000000] Hierarchical RCU implementation.
[    0.000000] 	Build-time adjustment of leaf fanout to 64.
[    0.000000] 	RCU restricting CPUs from NR_CPUS=512 to nr_cpu_ids=2.
[    0.000000] RCU: Adjusting geometry for rcu_fanout_leaf=64, nr_cpu_ids=2
[    0.000000] NR_IRQS:33024 nr_irqs:440 16
[    0.000000] Console: colour VGA+ 80x25
[    0.000000] console [tty1] enabled
[    0.000000] console [ttyS0] enabled
[   000000] tsc: Detected 2495.998 MHz processor
[   11.802276] Calibrating delay loop (skipped) preset value.. 4991.99 BogoMIPS (lpj=9983992)
[   11.804532] pid_max: default: 32768 minimum: 301
[   11.836316] ACPI: Core revision 20150930
[   11.886790] ACPI: 2 ACPI AML tables successfully acquired and loaded
[   11.959125] Security Framework initialized
[   11.960203] Yama: becoming mindful.
[   11.961162] AppArmor: AppArmor initialized
[   11.963613] Dentry cache hash table entries: 262144 (order: 9, 2097152 bytes)
[   12.025348] Inode-cache hash table entries: 131072 (order: 8, 1048576 bytes)
[   12.098427] Mount-cache hash table entries: 4096 (order: 3, 32768 bytes)
[   12.206984] Mountpoint-cache hash table entries: 4096 (order: 3, 32768 bytes)
[   12.211904] Initializing cgroup subsys io
[   12.220514] Initializing cgroup subsys memory
[   12.226300] Initializing cgroup subsys devices
[   12.262616] Initializing cgroup subsys freezer
[   12.295330] Initializing cgroup subsys net_cls
[   12.316907] Initializing cgroup subsys perf_event
[   12.341104] Initializing cgroup subsys net_prio
[   12.343998] Initializing cgroup subsys hugetlb
[   12.346734] Initializing cgroup subsys pids
[   12.371073] CPU: Physical Processor ID: 0
[   12.383058] CPU: Processor Core ID: 0
[   12.387611] FEATURE SPEC_CTRL Not Present
[   12.411214] mce: CPU supports 0 MCE banks
[   12.416866] Last level iTLB entries: 4KB 64, 2MB 8, 4MB 8
[   12.427049] Last level dTLB entries: 4KB 64, 2MB 0, 4MB 0, 1GB 4
[   12.443824] Spectre V2 mitigation: Mitigation: Full generic retpoline
[   12.455790] Spectre V2 mitigation: Speculation control IBPB not-supported IBRS not-supported
[   12.464132] Spectre V2 mitigation: Filling RSB on context switch
[   12.488887] Freeing SMP alternatives memory: 32K
[   12.496928] ftrace: allocating 32195 entries in 126 pages
[   12.607993] smpboot: APIC(0) Converting physical 0 to logical package 0
[   12.626331] smpboot: Max logical packages: 1
[   12.627596] x2apic enabled
[   12.672954] Switched APIC routing to physical x2apic.
[   12.709781] ..TIMER: vector=0x30 apic1=0 pin1=2 apic2=-1 pin2=-1
[   12.818820] smpboot: CPU0: Intel(R) Core(TM) i7-7660U CPU @ 2.50GHz (family: 0x6, model: 0x8e, stepping: 0x9)
[   13.033583] Performance Events: unsupported p6 CPU model 142 no PMU driver, software events only.
[   13.207243] KVM setup paravirtual spinlock
[   13.277870] x86: Booting SMP configuration:
[   13.318439] .... node  #0, CPUs:      #1
[   13.399673] kvm-clock: cpu 1, msr 0:7ffe3041, secondary cpu clock
[   13.402566] mce: CPU supports 0 MCE banks
[   13.405421] x86: Booted up 1 node, 2 CPUs
[   13.460238] smpboot: Total of 2 processors activated (9983.99 BogoMIPS)
[   13.577663] devtmpfs: initialized
[   13.611913] evm: security.selinux
[   13.619696] evm: security.SMACK64
[   13.650944] evm: security.SMACK64EXEC
[   13.671480] evm: security.SMACK64TRANSMUTE
[   13.688332] evm: security.SMACK64MMAP
[   13.727116] evm: security.ima
[   13.772066] evm: security.capability
[   13.830659] clocksource: jiffies: mask: 0xffffffff max_cycles: 0xffffffff, max_idle_ns: 7645041785100000 ns
[   13.926255] futex hash table entries: 512 (order: 3, 32768 bytes)
[   13.986032] pinctrl core: initialized pinctrl subsystem
[   14.057326] RTC time:  6:45:16, date: 06/29/18
[   14.117040] NET: Registered protocol family 16
[   14.177035] cpuidle: using governor ladder
[   14.240748] cpuidle: using governor menu
[   14.293733] PCCT header not found.
[   14.327915] ACPI: bus type PCI registered
[   14.381181] acpiphp: ACPI Hot Plug PCI Controller Driver version: 0.5
[   14.477054] PCI: Using configuration type 1 for base access
[   14.564501] ACPI: Added _OSI(Module Device)
[   14.612250] ACPI: Added _OSI(Processor Device)
[   14.657935] ACPI: Added _OSI(3.0 _SCP Extensions)
[   14.717997] ACPI: Added _OSI(Processor Aggregator Device)
[   14.745432] ACPI: Executed 1 blocks of module-level executable AML code
[   14.793217] ACPI: Interpreter enabled
[   14.817144] ACPI: (supports S0 S5)
[   14.842534] ACPI: Using IOAPIC for interrupt routing
[   14.901215] PCI: Using host bridge windows from ACPI; if necessary, use "pci=nocrs" and report a bug
[   15.032318] ACPI: PCI Root Bridge [PCI0] (domain 0000 [bus 00-ff])
[   15.127789] acpi PNP0A03:00: _OSC: OS supports [ASPM ClockPM Segments MSI]
[   15.209341] acpi PNP0A03:00: _OSC: not requesting OS control; OS requires [ExtendedConfig ASPM ClockPM MSI]
[   15.329967] acpi PNP0A03:00: fail to add MMCONFIG information, can't access extended PCI configuration space under this bridge.
[   15.498912] PCI host bridge to bus 0000:00
[   15.562321] pci_bus 0000:00: root bus resource [io  0x0000-0x0cf7 window]
[   15.647082] pci_bus 0000:00: root bus resource [io  0x0d00-0xffff window]
[   15.738570] pci_bus 0000:00: root bus resource [mem 0x000a0000-0x000bffff window]
[   15.823728] pci_bus 0000:00: root bus resource [mem 0x80000000-0xfdffffff window]
[   15.895124] pci_bus 0000:00: root bus resource [bus 00-ff]
[   15.927833] pci 0000:00:01.1: legacy IDE quirk: reg 0x10: [io  0x01f0-0x01f7]
[   15.938735] pci 0000:00:01.1: legacy IDE quirk: reg 0x14: [io  0x03f6]
[   15.969466] pci 0000:00:01.1: legacy IDE quirk: reg 0x18: [io  0x0170-0x0177]
[   16.069653] pci 0000:00:01.1: legacy IDE quirk: reg 0x1c: [io  0x0376]
[   16.091798] pci 0000:00:07.0: quirk: [io  0x4000-0x403f] claimed by PIIX4 ACPI
[   16.160913] pci 0000:00:07.0: quirk: [io  0x4100-0x410f] claimed by PIIX4 SMB
[   16.177067] ACPI: PCI Interrupt Link [LNKA] (IRQs 5 9 10 *11)
[   16.247066] ACPI: PCI Interrupt Link [LNKB] (IRQs 5 9 *10 11)
[   16.329758] ACPI: PCI Interrupt Link [LNKC] (IRQs 5 *9 10 11)
[   16.407688] ACPI: PCI Interrupt Link [LNKD] (IRQs 5 9 10 *11)
[   16.473344] ACPI: Enabled 2 GPEs in block 00 to 07
[   16.536083] vgaarb: setting as boot device: PCI:0000:00:02.0
[   16.612929] vgaarb: device added: PCI:0000:00:02.0,decodes=io+mem,owns=io+mem,locks=none
[   16.707796] vgaarb: loaded
[   16.746765] vgaarb: bridge control possible 0000:00:02.0
[   16.834561] SCSI subsystem initialized
[   16.907272] ACPI: bus type USB registered
[   16.962049] usbcore: registered new interface driver usbfs
[   17.029200] usbcore: registered new interface driver hub
[   17.057235] usbcore: registered new device driver usb
[   17.074896] PCI: Using ACPI for IRQ routing
[   17.116863] NetLabel: Initializing
[   17.167469] NetLabel:  domain hash size = 128
[   17.241429] NetLabel:  protocols = UNLABELED CIPSOv4
[   17.288038] NetLabel:  unlabeled traffic allowed by default
[   17.355707] amd_nb: Cannot enumerate AMD northbridges
[   17.419573] clocksource: Switched to clocksource kvm-clock
[   .580] pAorAprm FesteEnle
[ 18669]pn P AI it
[   8.4353 p: P PIfod dece

[   18.875669] clocksource: acpi_pm: mask: 0xffffff max_cycles: 0xffffff, max_idle_ns: 2085701024 ns
[   19.204716] NET: Registered protocol family 2
[   19.255168] TCP established hash table entries: 16384 (order: 5, 131072 bytes)
[   19.285760] TCP bind hash table entries: 16384 (order: 6, 262144 bytes)
[   19.305043] TCP: Hash tables configured (established 16384 bind 16384)
[   19.323982] UDP hash table entries: 1024 (order: 3, 32768 bytes)
[   19.344005] UDP-Lite hash table entries: 1024 (order: 3, 32768 bytes)
[   19.357029] NET: Registered protocol family 1
[   19.385309] pci 0000:00:00.0: Limiting direct PCI/PCI transfers
[   19.496227] pci 0000:00:01.0: Activating ISA DMA hang workarounds
[   19.497937] Unpacking initramfs...
[   20.887200] Freeing initrd memory: 10776K
[   20.985366] platform rtc_cmos: registered platform RTC device (no PNP device found)
[   21.166262] Scanning for low memory corruption every 60 seconds
[   21.280026] audit: initializing netlink subsys (disabled)
[   21.372902] audit: type=2000 audit(1530254712.620:1): initialized
[   21.436337] Initialise system trusted keyring
[   21.493925] HugeTLB registered 2 MB page size, pre-allocated 0 pages
[   21.532694] zbud: loaded
[   21.540429] VFS: Disk quotas dquot_6.6.0
[   21.552576] VFS: Dquot-cache hash table entries: 512 (order 0, 4096 bytes)
[   21.563205] squashfs: version 4.0 (2009/01/31) Phillip Lougher
[   21.572871] fuse init (API version 7.23)
[   21.581905] Key type big_key registered
[   21.591460] Allocating IMA MOK and blacklist keyrings.
[   21.602179] Key type asymmetric registered
[   21.606860] Asymmetric key parser 'x509' registered
[   21.645822] Block layer SCSI generic (bsg) driver version 0.4 loaded (major 249)
[   21.741726] io scheduler noop registered
[   21.792973] io scheduler deadline registered (default)
[   21.895978] io scheduler cfq registered
[   21.965446] pci_hotplug: PCI Hot Plug PCI Core version: 0.5
[   22.058434] tsc: Refined TSC clocksource calibration: 2496.841 MHz
[   22.059969] clocksource: tsc: mask: 0xffffffffffffffff max_cycles: 0x23fd919e0ad, max_idle_ns: 440795264546 ns
[   22.064060] pciehp: PCI Express Hot Plug Controller Driver version: 0.4
ÿ[   22.064411] ACPI: AC Adapter [AC] (on-line)
[   22.064456] input: Power Button as /devices/LNXSYSTM:00/LNXPWRBN:00/input/input0
[   22.064459] ACPI: Power Button [PWRF]
[   22.064533] input: Sleep Button as /devices/LNXSYSTM:00/LNXSLPBN:00/input/input1
[   22.064534] ACPI: Sleep Button [SLPF]
[   22.065508] ACPI: Battery Slot [BAT0] (battery present)
[   22.065535] GHES: HEST is not enabled!
[   22.295976] Serial: 8250/16550 driver, 32 ports, IRQ sharing enabled
[   22.478137] 00:02: ttyS0 at I/O 0x3f8 (irq = 4, base_baud = 115200) is a 16550A
[   22.631825] Linux agpgart interface v0.103
[   22.690775] loop: module loaded
[   22.691815] scsi host0: ata_piix
[   22.691934] scsi host1: ata_piix
[   22.691961] ata1: PATA max UDMA/33 cmd 0x1f0 ctl 0x3f6 bmdma 0xd000 irq 14
[   22.691962] ata2: PATA max UDMA/33 cmd 0x170 ctl 0x376 bmdma 0xd008 irq 15
[   22.692074] libphy: Fixed MDIO Bus: probed
[   22.692077] tun: Universal TUN/TAP device driver, 1.6
[   22.692077] tun: (C) 1999-2004 Max Krasnyansky <maxk@qualcomm.com>
[   22.692704] PPP generic driver version 2.4.2
[   22.692842] ehci_hcd: USB 2.0 'Enhanced' Host Controller (EHCI) Driver
[   22.692847] ehci-pci: EHCI PCI platform driver
[   22.692867] ehci-platform: EHCI generic platform driver
[   22.692876] ohci_hcd: USB 1.1 'Open' Host Controller (OHCI) Driver
[   22.692879] ohci-pci: OHCI PCI platform driver
[   22.692886] ohci-platform: OHCI generic platform driver
[   22.692894] uhci_hcd: USB Universal Host Controller Interface driver
[   22.692981] i8042: PNP: PS/2 Controller [PNP0303:PS2K,PNP0f03:PS2M] at 0x60,0x64 irq 1,12
[   22.693544] serio: i8042 KBD port at 0x60,0x64 irq 1
[   22.693550] serio: i8042 AUX port at 0x60,0x64 irq 12
[   22.693714] mousedev: PS/2 mouse device common for all mice
[   22.694077] input: AT Translated Set 2 keyboard as /devices/platform/i8042/serio0/input/input2
[   22.694636] rtc_cmos rtc_cmos: rtc core: registered rtc_cmos as rtc0
[   22.694717] rtc_cmos rtc_cmos: alarms up to one day, 114 bytes nvram
[   22.694726] i2c /dev entries driver
[   22.694815] device-mapper: uevent: version 1.0.3
[   22.694895] device-mapper: ioctl: 4.34.0-ioctl (2015-10-28) initialised: dm-devel@redhat.com
[   22.694917] ledtrig-cpu: registered to indicate activity on CPUs
[   22.695812] NET: Registered protocol family 10
[   22.696137] NET: Registered protocol family 17
[   22.696149] Key type dns_resolver registered
[   22.696512] registered taskstats version 1
[   22.696526] Loading compiled-in X.509 certificates
[   22.697482] Loaded X.509 cert 'Build time autogenerated kernel key: f854e06633b5f496ced5b2e02c7b14f761b69302'
[   22.697504] zswap: loaded using pool lzo/zbud
[   22.699654] Key type trusted registered
[   22.703025] Key type encrypted registered
[   22.703031] AppArmor: AppArmor sha1 policy hashing enabled
[   22.703034] ima: No TPM chip found, activating TPM-bypass!
[   22.703052] evm: HMAC attrs: 0x1
[   22.703775]   Magic number: 6:51:773
[   22.739080] rtc_cmos rtc_cmos: setting system clock to 2018-06-29 06:45:25 UTC (1530254725)
[   22.739203] BIOS EDD facility v0.16 2004-Jun-25, 0 devices found
[   22.739203] EDD information not available.
[   25.288294] Freeing unused kernel memory: 1508K
[   26.232334] Write protecting the kernel read-only data: 14336k
[   26.368550] Freeing unused kernel memory: 1696K
[   26.437884] Freeing unused kernel memory: 100K
Loading, please [   26.527567] random: systemd-udevd: uninitialized urandom read (16 bytes read, 9 bits of entropy available)
wait...
startin[   26.528180] random: udevadm: uninitialized urandom read (16 bytes read, 9 bits of entropy available)
g version 229
[   26.528203] random: udevadm: uninitialized urandom read (16 bytes read, 9 bits of entropy available)
[   26.533980] random: udevadm: uninitialized urandom read (16 bytes read, 9 bits of entropy available)
[   26.534010] random: udevadm: uninitialized urandom read (16 bytes read, 9 bits of entropy available)
[   26.534101] random: udevadm: uninitialized urandom read (16 bytes read, 9 bits of entropy available)
[   26.534134] random: udevadm: uninitialized urandom read (16 bytes read, 9 bits of entropy available)
[   26.534168] random: udevadm: uninitialized urandom read (16 bytes read, 9 bits of entropy available)
[   26.534201] random: udevadm: uninitialized urandom read (16 bytes read, 9 bits of entropy available)
[   26.534232] random: udevadm: uninitialized urandom read (16 bytes read, 9 bits of entropy available)
[   27.670452] e1000: Intel(R) PRO/1000 Network Driver - version 7.3.21-k8-NAPI
[   27.693531] e1000: Copyright (c) 1999-2006 Intel Corporation.
[   27.719319] Fusion MPT base driver 3.04.20
[   27.726342] Copyright (c) 1999-2008 LSI Corporation
[   27.747908] AVX2 version of gcm_enc/dec engaged.
[   27.751093] Fusion MPT SPI Host driver 3.04.20
[   27.847907] AES CTR mode by8 optimization enabled
[   27.940723] input: ImExPS/2 Generic Explorer Mouse as /devices/platform/i8042/serio1/input/input4
[   28.202030] e1000 0000:00:03.0 eth0: (PCI:33MHz:32-bit) 02:62:8c:65:d6:7a
[   28.275300] e1000 0000:00:03.0 eth0: Intel(R) PRO/1000 Network Connection
[   28.817539] e1000 0000:00:08.0 eth1: (PCI:33MHz:32-bit) 08:00:27:37:ae:b9
[   29.756852] e1000 0000:00:08.0 eth1: Intel(R) PRO/1000 Network Connection
[   29.801458] mptbase: ioc0: Initiating bringup
[   29.801816] e1000 0000:00:08.0 enp0s8: renamed from eth1
[   29.995328] e1000 0000:00:03.0 enp0s3: renamed from eth0
[   30.180110] ioc0: LSI53C1030 A0: Capabilities={Initiator}
[   30.478629] scsi host2: ioc0: LSI53C1030 A0, FwRev=00000000h, Ports=1, MaxQ=256, IRQ=20
[   30.665674] scsi 2:0:0:0: Direct-Access     VBOX     HARDDISK         1.0  PQ: 0 ANSI: 5
[   30.802098] scsi target2:0:0: Beginning Domain Validation
[   30.888004] floppy0: no floppy controllers found
[   30.896912] scsi target2:0:0: Domain Validation skipping write tests
[   30.896913] scsi target2:0:0: Ending Domain Validation
[   30.896957] scsi target2:0:0: asynchronous
[   30.999950] scsi 2:0:1:0: Direct-Access     VBOX     HARDDISK         1.0  PQ: 0 ANSI: 5
[   30.999956] scsi target2:0:1: Beginning Domain Validation
[   31.001126] scsi target2:0:1: Domain Validation skipping write tests
[   31.001127] scsi target2:0:1: Ending Domain Validation
[   31.001173] scsi target2:0:1: asynchronous
[   31.010360] sd 2:0:0:0: Attached scsi generic sg0 type 0
[   31.010574] sd 2:0:0:0: [sda] 20971520 512-byte logical blocks: (10.7 GB/10.0 GiB)
[   31.010600] sd 2:0:1:0: Attached scsi generic sg1 type 0
[   31.010652] sd 2:0:1:0: [sdb] 20480 512-byte logical blocks: (10.5 MB/10.0 MiB)
[   31.011363] sd 2:0:1:0: [sdb] Write Protect is off
[   31.011377] sd 2:0:0:0: [sda] Write Protect is off
[   31.011452] sd 2:0:0:0: [sda] Incomplete mode parameter data
[   31.011453] sd 2:0:0:0: [sda] Assuming drive cache: write through
[   31.011462] sd 2:0:1:0: [sdb] Incomplete mode parameter data
[   31.011463] sd 2:0:1:0: [sdb] Assuming drive cache: write through
[   31.017691]  sda: sda1
[   31.018394] sd 2:0:1:0: [sdb] Attached SCSI disk
[   31.018396] sd 2:0:0:0: [sda] Attached SCSI disk
Begin: Loading e[   33.568820] md: linear personality registered for level -1
ssential drivers[   33.660506] md: multipath personality registered for level -4
 ... [   33.777982] md: raid0 personality registered for level 0
[   33.859663] md: raid1 personality registered for level 1
[   34.004637] raid6: sse2x1   gen()  6902 MB/s
[   34.193078] raid6: sse2x1   xor()  9863 MB/s
[   34.291852] raid6: sse2x2   gen() 15632 MB/s
[   34.443617] raid6: sse2x2   xor() 11795 MB/s
[   34.620183] raid6: sse2x4   gen() 18565 MB/s
[   34.763438] raid6: sse2x4   xor() 13108 MB/s
[   34.924477] raid6: avx2x1   gen() 26404 MB/s
[   35.079653] raid6: avx2x2   gen() 19736 MB/s
[   35.163881] raid6: avx2x4   gen() 25038 MB/s
[   35.213947] raid6: using algorithm avx2x1 gen() 26404 MB/s
[   35.217203] raid6: using avx2x2 recovery algorithm
[   35.219674] xor: automatically using best checksumming function:
[   35.315796]    avx       : 23748.000 MB/sec
[   35.366465] async_tx: api initialized (async)
[   35.425684] md: raid6 personality registered for level 6
[   35.474735] md: raid5 personality registered for level 5
[   35.508558] md: raid4 personality registered for level 4
[   35.523069] md: raid10 personality registered for level 10
done.
Begin: Running /scripts/init-premount ... done.
Begin: Mounting root file system ... Begin: Running /scripts/local-top ... done.
Begin: Running /script[   35.624707] Btrfs loaded
s/local-premount ... Scanning for Btrfs filesyst[   35.709393] EXT4-fs (sda1): mounted filesystem with ordered data mode. Opts: (null)
ems
done.
Warning: fsck not present, so skipping root file system
done.
Begin: Running /scripts/local-bottom ... done.
Begin: Running /scripts/init-bottom ... done.
[   35.892592] systemd[1]: systemd 229 running in system mode. (+PAM +AUDIT +SELINUX +IMA +APPARMOR +SMACK +SYSVINIT +UTMP +LIBCRYPTSETUP +GCRYPT +GNUTLS +ACL +XZ -LZ4 +SECCOMP +BLKID +ELFUTILS +KMOD -IDN)
[   36.206731] systemd[1]: Detected virtualization oracle.
[   36.257862] systemd[1]: Detected architecture x86-64.

Welcome to [1mUbuntu 16.04.4 LTS[0m!

[   36.475968] systemd[1]: Set hostname to <ubuntu>.
[   36.550546] systemd[1]: Initializing machine ID from random generator.
[   36.673396] systemd[1]: Installed transient /etc/machine-id file.
[   36.800665] random: nonblocking pool is initialized
[   36.943441] systemd[1]: Listening on Journal Socket (/dev/log).
[[0;32m  OK  [0m] Listening on Journal Socket (/dev/log).
[ 37336] systed[: sting ondev ControSoet

[[0;32m  OK  [0m] Listening on udev Control Socket.
[   7.04] std[: t  aomntrbra EcublFi Formats File System Automunt Point.
[[0;32m  OK  [0m] Set up automount Arbitrary Executab...ats File System Automount Point.
[  36858syem1]StteTrgerelvnfpde r twkdDNS.

[[0;32m  OK  [0m] Started Trigger resolvconf update for networkd DNS.
[   39.528382] systemd[1]: Reached target Encrypted Volumes.
[[0;32m  OK  [0m] Reached target Encrypted Volumes.
[   39.540419] systemd[1]: Listening on udev Kernel Socket.
[[0;32m  OK  [0m] Listening on udev Kernel Socket.
[   39.592440] systemd[1]: Creatd li Ur d ssn ic
[[0;32m  OK  [0m] Created slice User and Session Slice.
[ 40213]syem1] Reachd rg Sp.
[[0;32m  OK  [0m] Reached target Swap.
[  40.50461]ysmd]: Listenig o Dicmaerve demonFIs.

[[0;32m  OK  [0m] Listening on Device-mapper event daemon FIFOs.
[ 41445] systemd[1: taedorrdPassrd Reques  Wl retoryWach
[[0;32m  OK  [0m] Started Forward Password Requests to Wall Directory Watch.
[  4.804 ste[1: stinonVM pol dmosoet

[[0;32m  OK  [0m] Listening on LVM2 poll daemon socket.
[   2.64] ysmd]:Lieng n VMmeada em ske
[[0;32m  OK  [0m] Listening on LVM2 metadata daemon socket.
[ 43047]ysted[: Litengn sl Ske
[[0;32m  OK  [0m] Listening on Syslog Socket.
[ 43808]ysmd1]: Lstenig  /v/nitcl mpibitNamed ip.
[[0;32m  OK  [0m] Listening on /dev/initctl Compatibility Named Pipe.
[   4.01] std[: acd taget SyemimSyhrizd.

[[0;32m  OK  [0m] Reached target System Time Synchronized.
[ 454855] systmd]: Ltengn ural Audit Sockt.
[[0;32m  OK  [0m] Listening on Journal Audit Socket.
[   45.810356] systemd[1]: Listening on Journal Socket.
[[0;32m  OK  [0m] Listening on Journal Socket.
[ 4585883] syste[1 Cat sicSyemlice
[[0;32m  OK  [0m] Created slice System Slice.
[ 4633509sytemd[1]: Reached targett Slics.

[[0;32m  OK  [0m] Reached target Slices.
[   46.584199] systemd[1]: Mounting Huge Pages File System...
         Mounting Huge Pages File System...
[   46.657317] systemd[1]: Starting Create list of required static device nodes for the current kernel...
         Starting Create list of required st... nodes for the current kernel...
[   46.788423] systemd[1]: Starting Load Kernel Modules...
         Starting Load Ke[   46.828941] Loading iSCSI transport class v2.0-870.
rnel Modules...[   46.913799] iscsi: registered transport (tcp)

[   47.084533] systemd[1]: Starting Nameserver information manager...
         Starting Nameserver information manager...
[   47.101523] systemd[1]: Mounting Debug File System...
         Mounting Debug F[   47.120788] iscsi: registered transport (iser)
ile System...
[   7.95] std[1] Created slceysm-ri\xgey.ic
[[0;32m  OK  [0m] Created slice system-serial\x2dgetty.slice.
[   48.340215] systemd[1]: Mounting POSIX Message Queue File System...
         Mounting POSIX Message Queue File System...
[   48.488192] systemd[1]: Starting Uncomplicated firewall...
         Starting Uncomplicated firewall...
[   48.552690] systemd[1]: Starting Remount Root and Kernel File Systems...
         [   48.638792] EXT4-fs (sda1): re-mounted. Opts: (null)
Starting Remount Root and Kernel File Systems...
[   48.728845] systemd[1]: Starting Monitoring of LVM2 mirrors, snapshots etc. using dmeventd or progress polling...
         Starting Monitoring of LVM2 mirrors... dmeventd or progress polling...
[   48.948347] systemd[1]: Starting Journal Service...
         Starting Journal Service...
[   49.072727] systemd[1]: Starting Set console keymap...
         Starting Set console keymap...
[   49.174890] systemd[1]: Reached target User and Group Name Lookups.
[[0;32m  OK  [0m] Reached target User and Group Name Lookups.
[   .29064syem1]Mounted OSX MesagQue leSystm.

[[0;32m  OK  [0m] Mounted POSIX Message Queue File System.
[ 49.883 ste[1 Mnt Hge PgeFileysm.
[[0;32m  OK  [0m] Mounted Huge Pages File System.
[   505456syemd[: und ebug Fie st.
[[0;32m  OK  [0m] Mounted Debug File System.
[ 51057]ystemd[1]StteJornl Serve.

[[0;32m  OK  [0m] Started Journal Service.
[[0;32m  OK  [0m] Started Create list of required sta...ce nodes for the current kernel.
[[0;32m  OK  [0m] Started Load Kernel Modules.
[[0;32m  OK  [0m] Started Uncomplicated firewall.
[[0;32m  OK  [0m] Started Remount Root and Kernel File Systems.
[[0;32m  OK  [0m] Started Set console keymap.
[[0;32m  OK  [0m] Started Nameserver information manager.
[[0;32m  OK  [0m] Started LVM2 metadata daemon.
         Starting Load/Save Random Seed...
         Starting udev Coldplug all Devices...
         Starting Initial cloud-init job (pre-networking)...
         Mounting FUSE Control File System...
         Starting Apply Kernel Variables...
         Starting Create Static Device Nodes in /dev...
         Starting Flush Journal to Persistent Storage...
[[0;32m  OK  [0m] Mounted FUSE Control File System.
[[0;32m  OK  [0m] Started Load/Save Random Seed.
[[0;32m  OK  [0m] Started Apply Kernel Variables.
[[0;32m  OK  [0m] Started Create Static Device Nodes in /dev.
[[0;32m  OK  [0m] Started udev Coldplug all Devices.
[[0;32m  OK  [0m] Started Flush Journal to Persistent Storage.
         Starting udev Kernel Device Manager...
[[0;32m  OK  [0m] Started udev Kernel Device Manager.
[[0;32m  OK  [0m] Started Monitoring of LVM2 mirrors,...ng dmeventd or progress polling.
[[0;32m  OK  [0m] Reached target Local File Systems (Pre).
[[0;32m  OK  [0m] Reached target Local File Systems.
         Starting Tell Plymouth To Write Out Runtime Data...
         Starting Create Volatile Files and Directories...
[   36.128452] cloud-init[449]: Cloud-init v. 18.2 running 'init-local' at Fri, 29 Jun 2018 06:45:55 +0000. Up 35.85 seconds.
         Starting Commit a transient machine-id on disk...
         Starting LSB: AppArmor initialization...
         Starting Set console font and keymap...
[[0;32m  OK  [0m] Started Dispatch Password Requests to Console Directory Watch.
[[0;32m  OK  [0m] Started Tell Plymouth To Write Out Runtime Data.
[[0;32m  OK  [0m] Started Create Volatile Files and Directories.
[[0;32m  OK  [0m] Started Commit a transient machine-id on disk.
[[0;32m  OK  [0m] Started Set console font and keymap.
[[0;32m  OK  [0m] Started Initial cloud-init job (pre-networking).
[[0;32m  OK  [0m] Found device /dev/ttyS0.
[[0;32m  OK  [0m] Listening on Load/Save RF Kill Switch Status /dev/rfkill Watch.
[[0;32m  OK  [0m] Reached target Network (Pre).
[[0;32m  OK  [0m] Created slice system-getty.slice.
         Starting Update UTMP about System Boot/Shutdown...
[[0;32m  OK  [0m] Started Update UTMP about System Boot/Shutdown.
[[0;32m  OK  [0m] Started LSB: AppArmor initialization.
         Starting Raise network interfaces...
[[0;;2m  OK  [0m] Started Raise network interfaces.
         Starting Initial cloud-init job (metadata service crawler)...
[[0;32m  OK  [0m] Reached target Network.
[   39.893875] cloud-init[951]: Cloud-init v. 18.2 running 'init' at Fri, 29 Jun 2018 06:45:58 +0000. Up 39.43 seconds.
[   39.936262] [cloud-init[0;32m  OK  [0m[951]: ] ci-info: ++++++++++++++++++++++++++++++++++++++Net device info++++++++++++++++++++++++++++++++++++++Started Initial cloud-init job (metadata service crawler).

[   39.936843] cloud-init[951]: ci-info: +--------+-------+----------------------------+---------------+-------+-------------------+
[   40.221176] [cloud-init[0;32m  OK  [0m[951]: ] ci-info: | Device |   Up  |          Address           |      Mask     | Scope |     Hw-Address    |Reached target Cloud-config availability.

[   40.408890] [cloud-init[0;32m  OK  [0m[951]: ] ci-info: +--------+-------+----------------------------+---------------+-------+-------------------+Reached target System Initialization.

[[0;32m  OK  [0m] Listening on UUID daemon activation socket.
[   40.409840] cloud-init[951]: ci-info: | enp0s3 |  True |         10.0.2.15          | 255.255.255.0 |   .   | 02:62:8c:65:d6:7a |
[   40.808517] [cloud-init[0;32m  OK  [0m[951]: ] ci-info: | enp0s3 |  True | fe80::62:8cff:fe65:d67a/64 |       .       |  link | 02:62:8c:65:d6:7a |Started ACPI Events Check.

[[0;32m  OK  [0m] Reached target Paths.
[[0;32m  OK  [0m] Listening on ACPID Listen Socket.
[   40.809605] cloud-init[951]: ci-info: | enp0s8 | False |             .              |       .       |   .   | 08:00:27:37:ae:b9 |
[   41.088818] [cloud-init[0;32m  OK  [0m[951]: ] ci-info: |   lo   |  True |         127.0.0.1          |   255.0.0.0   |   .   |         .         |Started Daily apt download activities.

[   41.241746] [cloud-init[0;32m  OK  [0m[951]: ] ci-info: |   lo   |  True |          ::1/128           |       .       |  host |         .         |Started Daily apt upgrade and clean activities.

[   41.341692] [cloud-init[0;32m  OK  [0m] Started Timer to automatically refresh installed snaps.
[951]: ci-info: +--------+-------+----------------------------+---------------+-------+-------------------+
[   41.462291] cloud-init[951]: ci-info: +++++++++++++++++++++++++++Route IPv4 info++++++++++++++++++++++++++++
         Starting Socket activation for snappy daemon.
[   41.463058] [cloud-init[0;32m  OK  [0m[951]: ] Started Daily Cleanup of Temporary Directories.
ci-info: +-------+-------------+----------+---------------+-----------+-------+
[   41.633303] [cloud-init[0;32m  OK  [0m[951]: ] ci-info: | Route | Destination | Gateway  |    Genmask    | Interface | Flags |Reached target Timers.

[   41.633976] cloud-init[951]: ci-info: +-------+-------------+----------+---------------+-----------+-------+
[   41.711356] cloud-init         [951]: Starting LXD - unix socket.ci-info: |   0   |   0.0.0.0   | 10.0.2.2 |    0.0.0.0    |   enp0s3  |   UG  |

[   41.832415] [[0;32m  OK  [0m] Listening on D-Bus System Message Bus Socket.
cloud-init[951]: ci-info: |   1   |   10.0.2.0  | 0.0.0.0  | 255.255.255.0 |   enp0s3  |   U   |
[   41.888626] [cloud-init[0;32m  OK  [0m[951]: ] ci-info: +-------+-------------+----------+---------------+-----------+-------+Reached target Network is Online.

[   41.889337] cloud-init[951]: Generating public/private rsa key pair.
[   41.973083]          cloud-initStarting iSCSI initiator daemon (iscsid)...[951]: 
Your identification has been saved in /etc/ssh/ssh_host_rsa_key.
[   42.093010] cloud-init[951]: Your public key has been saved in /etc/ssh/ssh_host_rsa_key.pub.
[[0;32m  OK  [0m] Listening on Socket activation for snappy daemon.
[[0;32m  OK  [0m] Listening on LXD - unix socket.
[   42.093950] cloud-init[951]: The key fingerprint is:
[   42.212544] [cloud-init[0;32m  OK  [0m[951]: ] SHA256:k7km7b5ZoNRqXrpS9xSMX86O0cEtVmqiOzPg6UFhR20 root@ubuntu-xenialReached target Sockets.

[   42.213551] [cloud-init[0;32m  OK  [0m[951]: ] The key's randomart image is:Reached target Basic System.

[   42.244066] cloud-init[951]: +---[RSA 2048]----+
[   42.304745] [cloud-init[0;32m  OK  [0m[951]: ] |        ..       |Started ACPI event daemon.

[   42.305369] cloud-init[951]: |       .  E   .  |
[   42.346136] cloud-init[951]: |      o .+ . +   |
         Starting Pollinate to seed the pseudo random number generator...
[   42.378894] cloud-init[951]: |     . +.o+ O .  |
         Starting Accounts Service...
[   42.451712] cloud-init[951]: |      o So X o   |
[   42.485459] cloud-init[951]: |     oo+o++ +    |
[[0;32m  OK  [0m] Started Deferred execution scheduler.
[   42.503595] cloud-init[951]: |     o*+=+.+     |
         Starting LXD - container startup/shutdown...
[   42.557999] cloud-init[951]: |    .ooB=oo .    |
[   42.628357] cloud-init[951]: |     o=o==       |
[   42.628754] cloud-init[951]: +----[SHA256]-----+
         Starting LSB: Record successful boot for GRUB...
[   42.629196] cloud-init[951]: Generating public/private dsa key pair.
[   42.756783] cloud-init[951]: Your identification has been saved in /etc/ssh/ssh_host_dsa_key.
[   42.757584] cloud-init[951]: Your public key has been saved in /etc/ssh/ssh_host_dsa_key.pub.
[[0;32m  OK  [0m] Started D-Bus System Message Bus.
[   42.757788] cloud-init[951]: The key fingerprint is:
[   42.757895] cloud-init[951]: SHA256:tOixin3P97SA+1j6bHTeFOd5NrfeC9X7zDIsxCIuj0c root@ubuntu-xenial
[   42.976531] cloud-init[951]: The key's randomart image is:
[   42.976979] cloud-init[951]: +---[DSA 1024]----+
[[0;32m  OK  [0m] Started FUSE filesystem for LXC.
[   42.977347] cloud-init[951]: |                 |
[   43.068798] cloud-init[951]: |                 |
[   43.069277] cloud-init[951]: |        .        |
         Starting System Logging Service...
[   43.069559] cloud-init[951]: |       o .    . o|
[   43.163249] cloud-init[951]: |      o S  .   =o|
[   43.180472] cloud-init[951]: |     . oE.o + oo*|
[   43.181224] cloud-init[951]: |      oo.oo=.= o=|
         Starting Apply the settings specified in cloud-config...
[   43.181749] cloud-init[951]: |   o .ooo*ooo.*+o|
[   43.233397] cloud-init[951]: |  . o..=B=+.o..=*|
[[0;32m  OK  [0m] Started Regular background program processing daemon.
[   43.262937] cloud-init[951]: +----[SHA256]-----+
[   43.308519] cloud-init[951]: Generating public/private ecdsa key pair.
[   43.340726]          cloud-initStarting Login Service...[951]: 
Your identification has been saved in /etc/ssh/ssh_host_ecdsa_key.
         Starting /etc/rc.local Compatibility...
[   43.428794] cloud-init[951]: Your public key has been saved in /etc/ssh/ssh_host_ecdsa_key.pub.
         Starting LSB: MD monitoring daemon...
         Starting Virtualbox guest utils...
[[0;32m  OK  [0m] Started Unattended Upgrades Shutdown.
         Starting Snappy daemon...
[[0;32m  OK  [0m] Started System Logging Service.
[[0;32m  OK  [0m] Started iSCSI initiator daemon (iscsid).
[[0;32m  OK  [0m] Started LXD - container startup/shutdown.
[[0;32m  OK  [0m] Started /etc/rc.local Compatibility.
[   43.453130] cloud-init[951]: The key fingerprint is:
[   43.516205] cloud-init[951]: SHA256:fq11CaN5txsl5w4ckSaR/WR41Ryd2B3c3Yf8AHe//+w root@ubuntu-xenial
[   43.519676] cloud-init[951]: The key's randomart image is:
[[0;32m  OK  [0m] Started LSB: Record successful boot for GRUB.
[   43.526575] cloud-init[951]: +---[ECDSA 256]---+
[   43.573142] cloud-init[951]: |            o==*#|
[   43.582151] cloud-init[951]: |            .+**#|
[   43.596310] cloud-init[951]: |            . +Bo|
[   43.596399] cloud-init[951]: |             o .+|
[   43.596481] cloud-init[951]: |        S   o o.o|
[   43.596567] cloud-init[951]: |       .   + + B.|
[   43.597256] cloud-init[951]: |        . + + B o|
[   43.597297] cloud-init[951]: |         . + o *.|
[   43.597336] cloud-init[951]: |          .   ooE|
[   43.597381] cloud-init[951]: +----[SHA256]-----+
[   43.597497] cloud-init[951]: Generating public/private ed25519 key pair.
[   43.597541] cloud-init[951]: Your identification has been saved in /etc/ssh/ssh_host_ed25519_key.
[   43.597580] cloud-init[951]: Your public key has been saved in /etc/ssh/ssh_host_ed25519_key.pub.
[   43.597621] cloud-init[951]: The key fingerprint is:
[   43.597660] cloud-init[951]: SHA256:SbZWY2zHpVrcER0rmVdXIlg/mNBltcscomlRWLz3+4Y root@ubuntu-xenial
[   43.597703] cloud-init[951]: The key's randomart image is:
[   43.597746] cloud-init[951]: +--[ED25519 256]--+
[   43.597792] cloud-init[951]: |          .+*+B=B|
[   43.597829] cloud-init[951]: |         ..=o@oo*|
[   43.597862] cloud-init[951]: |        o *.O=== |
[   43.597905] cloud-init[951]: |       o * =+.*oo|
[   43.597946] cloud-init[951]: |        S .+  .+.|
[   43.597985] cloud-init[951]: |       .  .     .|
[   43.598026] cloud-init[951]: |               ..|
[   43.598063] cloud-init[951]: |              E..|
[   43.598387] cloud-init[951]: |               .o|
[   43.598434] cloud-init[951]: +----[SHA256]-----+
         Starting Authenticate and Authorize Users to Run Privileged Tasks...
[   43.967386] cloud-init[1120]: Generating locales (this might take a while)...
         Starting Login to default iSCSI targets...
[[0;32m  OK  [0m] Started Snappy daemon.
[[0;32m  OK  [0m] Started LSB: MD monitoring daemon.
[[0;32m  OK  [0m] Started Virtualbox guest utils.
[[0;32m  OK  [0m] Started Login Service.
[[0;32m  OK  [0m] Started Authenticate and Authorize Users to Run Privileged Tasks.
[[0;32m  OK  [0m] Started Accounts Service.
[[0;32m  OK  [0m] Started Login to default iSCSI targets.
[[0;32m  OK  [0m] Reached target Remote File Systems (Pre).
[[0;32m  OK  [0m] Reached target Remote File Systems.
         Starting LSB: daemon to balance interrupts for SMP systems...
         Starting Permit User Sessions...
         Starting LSB: automatic crash report generation...
         Starting LSB: Set the CPU Frequency Scaling governor to "ondemand"...
[[0;32m  OK  [0m] Started Permit User Sessions.
[[0;32m  OK  [0m] Started LSB: daemon to balance interrupts for SMP systems.
[[0;32m  OK  [0m] Started LSB: automatic crash report generation.
[[0;32m  OK  [0m] Started Pollinate to seed the pseudo random number generator.
[[0;32m  OK  [0m] Started LSB: Set the CPU Frequency Scaling governor to "ondemand".
         Starting OpenBSD Secure Shell server...
         Starting Terminate Plymouth Boot Screen...
         Starting Hold until boot process finishes up...
[[0;32m  OK  [0m] Started OpenBSD Secure Shell server.
[[0;32m  OK  [0m] Started Terminate Plymouth Boot Screen.
[[0;32m  OK  [0m] Started Hold until boot process finishes up.
         Starting Set console scheme...
[[0;32m  OK  [0m] Started Serial Getty on ttyS0.
[[0;32m  OK  [0m] Started Getty on tty1.
[[0;32m  OK  [0m] Reached target Login Prompts.
[[0;32m  OK  [0m] Reached target Multi-User System.
[[0;32m  OK  [0m] Reached target Graphical Interface.
[   44.983878] cloud-init[1120]:   en_US.UTF-8... done
[   45.045288]          cloud-initStarting Update UTMP about System Runlevel Changes...[1120]: 
Generation complete.
[[0;32m  OK  [0m] Started Set console scheme.
[[0;32m  OK  [0m] Created slice User Slice of vagrant.
[[0;32m  OK  [0m] Started Session 1 of user vagrant.
         Starting User Manager for UID 1000...
[[0;32m  OK  [0m] Started User Manager for UID 1000.
[   45.347526] cloud-init[1120]: Cloud-init v. 18.2 running 'modules:config' at Fri, 29 Jun 2018 06:46:03 +0000. Up 43.73 seconds.
[[0;32m  OK  [0m] Started Update UTMP about System Runlevel Changes.
[[0;32m  OK  [0m] Started Apply the settings specified in cloud-config.
         Starting Execute cloud user/final scripts...
ci-info: no authorized ssh keys fingerprints found for user ubuntu.
<14>Jun 29 06:46:05 ec2: 
<14>Jun 29 06:46:05 ec2: #############################################################
<14>Jun 29 06:46:05 ec2: -----BEGIN SSH HOST KEY FINGERPRINTS-----
<14>Jun 29 06:46:05 ec2: 1024 SHA256:tOixin3P97SA+1j6bHTeFOd5NrfeC9X7zDIsxCIuj0c root@ubuntu-xenial (DSA)
<14>Jun 29 06:46:05 ec2: 256 SHA256:fq11CaN5txsl5w4ckSaR/WR41Ryd2B3c3Yf8AHe//+w root@ubuntu-xenial (ECDSA)
<14>Jun 29 06:46:05 ec2: 256 SHA256:SbZWY2zHpVrcER0rmVdXIlg/mNBltcscomlRWLz3+4Y root@ubuntu-xenial (ED25519)
<14>Jun 29 06:46:05 ec2: 2048 SHA256:k7km7b5ZoNRqXrpS9xSMX86O0cEtVmqiOzPg6UFhR20 root@ubuntu-xenial (RSA)
<14>Jun 29 06:46:05 ec2: -----END SSH HOST KEY FINGERPRINTS-----
<14>Jun 29 06:46:05 ec2: #############################################################
-----BEGIN SSH HOST KEY KEYS-----
ecdsa-sha2-nistp256 AAAAE2VjZHNhLXNoYTItbmlzdHAyNTYAAAAIbmlzdHAyNTYAAABBBKA9gLUQWI82bGtNRiiw9GfPmhzYghCkkO7gze3qkyYdUIwg4EkyhVX+I4G2Cc+j/zdVrQk+6IzxpTUx5xTZ6qI= root@ubuntu-xenial
ssh-ed25519 AAAAC3NzaC1lZDI1NTE5AAAAIOKFf8kNMJwX3IHFAOec6ZP0ZemhCWQD3kdkFRlxTMYm root@ubuntu-xenial
ssh-rsa AAAAB3NzaC1yc2EAAAADAQABAAABAQDGufK8GDNZ7DHWnGgEZMVz+BTs3y1IuDUFgGNNZP47icO4ScpSAjWc5WpC88r9HZoLFOMdsI+EdeYcxjEAySxLlakw9ugVZVjjh19S69Eh43PtTai3UIae/YntNHEhSZtTJdMq3nwsCVNdBA5rWDjJvp8wdsscFVUrlSaZFM+OW9huKEUr2mV7XaY0ghAV7Ox6rtA4t0KiGzbqf8cs3MjM7IvbjLbdKBKtToJPn+kCMeH0XQkbaSpv2x6E79q8bpO+FbInH+iscFsU49/5BENM0FYfy2SSMnbqb5eUg/2PaCpOu+EUDbcJADKhNg3FaKPKa0axi77MeyR5WHmfZNVV root@ubuntu-xenial
-----END SSH HOST KEY KEYS-----
[   46.519465] cloud-init[1313]: Cloud-init v. 18.2 running 'modules:final' at Fri, 29 Jun 2018 06:46:05 +0000. Up 45.80 seconds.
[   46.538763] cloud-init[1313]: ci-info: no authorized ssh keys fingerprints found for user ubuntu.
[   46.576271] cloud-init[1313]: Cloud-init v. 18.2 finished at Fri, 29 Jun 2018 06:46:06 +0000. Datasource DataSourceNoCloud [seed=/dev/sdb][dsmode=net].  Up 46.51 seconds
[[0;32m  OK  [0m] Started Execute cloud user/final scripts.
[[0;32m  OK  [0m] Reached target Cloud-init target.

Ubuntu 16.04.4 LTS ubuntu-xenial ttyS0

ubuntu-xenial login:          Stoppa[[0;32m  OK  [0m] Stopped Daily apt upgrade and clean activities.
[[0;32m  OK  [0m] Stopped Daily apt download activities.
         Stopping OpenBSD Secure Shell server...
[[0;32m  OK  [0m] Stopped Apply the settings specified in cloud-config.
[[0;32m  OK  [0m] Stopped target Cloud-config availability.
         Stopping System Logging Service...
         Stopping Snappy daemon...
[[0;32m  OK  [0m] Closed Load/Save RF Kill Switch Status /dev/rfkill Watch.
[[0;32m  OK  [0m] Stopped Daily Cleanup of Temporary Directories.
         Stopping D-Bus System Message Bus...
[[0;32m  OK  [0m] Unmounted /var/lib/lxcfs.
[[0;32m  OK  [0m] Stopped ACPI event daemon.
[[0;32m  OK  [0m] Stopped Accounts Service.
[[0;32m  OK  [0m] Stopped Deferred execution scheduler.
[[0;32m  OK  [0m] Stopped System Logging Service.
[[0;32m  OK  [0m] Stopped Regular background program processing daemon.
[[0;32m  OK  [0m] Stopped Authenticate and Authorize Users to Run Privileged Tasks.
[[0;32m  OK  [0m] Stopped OpenBSD Secure Shell server.
[[0;32m  OK  [0m] Stopped Serial Getty on ttyS0.
[[0;32m  OK  [0m] Stopped Getty on tty1.
[[0;32m  OK  [0mm Stopped User Manager for UID 1000.
[[0;32m  OK  [0m] Stopped Session 2 of user vagrant.
[[0;32m  OK  [0m] Stopped Snappy daemon.
[[0;32m  OK  [0m] Stopped Puppet agent.
[[0;32m  OK  [0m] Stopped Session 3 of user vagrant.
[[0;32m  OK  [0m] Stopped Unattended Upgrades Shutdown.
[[0;32m  OK  [0m] Stopped D-Bus System Message Bus.
[[0;32m  OK  [0m] Stopped FUSE filesystem for LXC.
[[0;32m  OK  [0m] Stopped LSB: MD monitoring daemon.
[[0;32m  OK  [0m] Stopped LSB: Controls chronyd NTP time daemon.
[[0;32m  OK  [0m] Stopped LSB: automatic crash report generation.
[[0;32m  OK  [0m] Stopped LXD - container startup/shutdown.
[[0;32m  OK  [0m] Stopped LSB: Record successful boot for GRUB.
[[0;32m  OK  [0m] Stopped Virtualbox guest utils.
[[0;32m  OK  [0m] Stopped LSB: Set the CPU Frequency Scaling governor to "ondemand".
[[0;32m  OK  [0m] Stopped LSB: daemon to balance interrupts for SMP systems.
[[0;32m  OK  [0m] Stopped target System Time Synchronized.
[[0;32m  OK  [0m] Removed slice User Slice of vagrant.
         Stopping Login Service...
[[0;32m  OK  [0m] Removed slice system-getty.slice.
         Stopping Permit User Sessions...
[[0;32m  OK  [0m] Removed slice system-serial\x2dgetty.slice.
[[0;32m  OK  [0m] Stopped /etc/rc.local Compatibility.
[[0;32m  OK  [0m] Stopped Login Service.
[[0;32m  OK  [0m] Stopped Permit User Sessions.
[[0;32m  OK  [0m] Stopped target Remote File Systems.
[[0;32m  OK  [0m] Stopped target Remote File Systems (Pre).
         Stopping Login to default iSCSI targets...
[[0;32m  OK  [0m] Stopped target User and Group Name Lookups.
[[0;32m  OK  [0m] Stopped target Basic System.
[[0;32m  OK  [0m] Stopped target Paths.
[[0;32m  OK  [0m] Stopped ACPI Events Check.
[[0;32m  OK  [0m] Stopped Forward Password Requests to Wall Directory Watch.
[[0;32m  OK  [0m] Stopped Dispatch Password Requests to Console Directory Watch.
[[0;32m  OK  [0m] Stopped target Sockets.
[[0;32m  OK  [0m] Closed Socket activation for snappy daemon.
[[0;32m  OK  [0m] Closed LXD - unix socket.
[[0;32m  OK  [0m] Closed UUID daemon activation socket.
[[0;32m  OK  [0m] Closed ACPID Listen Socket.
[[0;32m  OK  [0m] Closed Syslog Socket.
[[0;32m  OK  [0m] Closed D-Bus System Message Bus Socket.
[[0;32m  OK  [0m] Stopped target Slices.
[[0;32m  OK  [0m] Removed slice User and Session Slice.
[[0;32m  OK  [0m] Stopped target System Initialization.
         Stopping Load/Save Random Seed...
         Stopping Update UTMP about System Boot/Shutdown...
[[0;32m  OK  [0m] Stopped target Swap.
[[0;32m  OK  [0m] Stopped target Encrypted Volumes.
[[0;32m  OK  [0m] Stopped Commit a transient machine-id on disk.
[[0;32m  OK  [0m] Stopped Load/Save Random Seed.
[[0;32m  OK  [0m] Stopped Update UTMP about System Boot/Shutdown.
[[0;32m  OK  [0m] Stopped Login to default iSCSI targets.
         Stopping iSCSI initiator daemon (iscsid)...
[[0;32m  OK  [0m] Stopped Create Volatile Files and Directories.
[[0;32m  OK  [0m] Stopped iSCSI initiator daemon (iscsid).
[[0;32m  OK  [0m] Stopped target Network is Online.
[[0;32m  OK  [0m] Stopped Initial cloud-init job (metadata service crawler).
[[0;32m  OK  [0m] Stopped target Network.
         Stopping Raise network interfaces...
[[0;32m  OK  [0m] Stopped Raise network interfaces.
[[0;32m  OK  [0m] Stopped target Network (Pre).
[[0;32m  OK  [0m] Stopped Initial cloud-init job (pre-networking).
[[0;32m  OK  [0m] Stopped Apply Kernel Variables.
[[0;32m  OK  [0m] Stopped Load Kernel Modules.
[[0;32m  OK  [0m] Stopped target Local File Systems.
         Unmounting /vagrant...
         Unmounting /run/user/1000...
[[0;32m  OK  [0m] Unmounted /vagrant.
[[0;32m  OK  [0m] Unmounted /run/user/1000.
[[0;32m  OK  [0m] Reached target Unmount All Filesystemss
[[0;32m  OK  [0m] Stopped target Local File Systems (Pre).
[[0;32m  OK  [0m] Stopped Create Static Device Nodes in /dev.
         Stopping Monitoring of LVM2 mirrors... dmeventd or progress polling...
[[0;32m  OK  [0m] Stopped Remount Root and Kernel File Systems.
[[0;32m  OK  [0m] Reached target Shutdown.
[  494.947729] reboot: Restarting system
[    00000] nitiliing cgroup subsys cpuset
[    0.000000] Initializing cgroup subsys cpu
[    0.000000] Initializing cgroup subsys cpuacct
[    0.000000] Linux version 4.4.0-119-generic (buildd@lcy01-amd64-013) (gcc version 5.4.0 20160609 (Ubuntu 5.4.0-6ubuntu1~16.04.9) ) #143-Ubuntu SMP MoApr 2 16:08:24 UTC 2018 (Ubuntu 4.4.0-119.143-generic 4.4.114)
[    0.000000] Command line: BOOT_IMAGE=/boot/vmlinuz-4.4.0-119-generic root=UUID=64ac3f76-5f69-4be9-a256-9b774ce859b ro console=tty1 console=ttyS0
[    0.000000] KERNEL supported cpus:
[    0.000000]   Intel GenuineIntel
[    0.000000]   AMD AuthenticAMD
[    0.000000]   Centaur CentaurHauls
[    0.0000]x86/fpu: xstate_offset[2]:  576, xstate_sze[2]:  26
[   00000] x8/f: Spporting XSAVE feature 0x01: 'x87 floating point registers'
[    0.000000] x8/fu: Spporting XSAE feature 0x02: 'SSE registe'[    0.00000] x86/fp: Supporting XSAVE featur 004: 'AVX registers'
[    0.000000] x86/fpu: nale xsate features 0x7, context siz is83 bytes, using standard' format.
[    00000] x86fp: sing 'lazy' FPU ontext switches.
[    0.000000] e820: BIOS-provided physical RAM map:
[   0.000000] IOS-e820: [mem0x00000000000000-0x000000000009fbff] usable
[    0.000000] BIOS-e820: [mem 0x000000000009fc00-0x0000000000fff]reserved
[    0.000000] BIOS-e820: [mem 0x00000000000f0000-0x0000000000ffff] reserved
[    0.000000] BIOS-e820: [mem 0x0000000010000-0x000000007ffeffff] usable
[    0.000000] BIOS-e820: [mem 0x000000007fff0000-0x000000007fffffff] ACPI data[   0.000000] BIOS-e820: [mem 0x00000000fec00000-0x00000000ec00fff] reserved
[    0.000000]BIOS-e820: [mem 0x00000000fee00000-0x00000000fee00fff] reserved
[    0.000000] BIOS-e820: [mem 0x00000000fffc0000-0x00000000ffffffff] reserved
[    0.000000] NX (Execute Disable) protection: active
[    0.000000] SMBIOS 2.5 present.
[    0.000000] Hypervisordetected: KVM
[    0.000000] e820: last_pfn = 0x7fff0 max_arch_pfn = 0x400000000
[    0.000000] MTRR: Disabled
[    0.000000] x86/PAT: MTRRs disabled, skippingPAT initialization too.
[    0.000000] CPU MTRRs all blak - virtualized system.
[    0.000000] x86/PAT: Configuration [0-7]: WB  WT  UC- UC  WB  WT  UC- UC  
[    0000000] found SMP MP-table at [mem 0x0009fff0-0x0009ffff] mapped at [ffff88000009fff0]
[    0.000000] Scanning 1 areas for lo memory corruption
[    0.000000] RAMDISK: [mem 0x36204000-0x370f9fff]
[    0.000000] ACPI: Early table checksum verification disabled
[    0.000000] ACPI: RSDP 0x00000000000E0000 000024 (v02 VBOX)
[    0.000000] ACPI: XSDT 0x000000007FFF0030 0000C v01 VBOX   VBOXXSDT 00000001 ASL  00000061)
[    0.000000] ACPI: FACP 0x000000007FFF0F000F4 (v04 VBOX   VBOXFACP 00000001 ASL  00000061)
[    0.000000] ACPI: DSDT 0x00000007FFF0470 02FF(v2 VBOX   VBOXBS 000002 INTL 20100528)
[    0.000000] ACPI: FACS 0x000000007FFF0200 000040
[    0.000000] ACPI: FAC 0x000000007FFF0200 000040
[    0.000000] ACPI: APIC 0x000000007FFF040 00005C (v02 VBO   VOXAPIC0000001 ASL  00000061)
[    0.000000] ACPI: SSDT 0x000000007FFF02A0 0001CC (v01 VBOX   VBOXCPUT 00000002 INTL 2010028)
[    0000000] No NUMA configuration found
[    0.000000] Faking a node at [mem 0x0000000000000000-0x000000007ffeffff]
[    0.000000] NODE_DATA(0) allocaate [mem 0x7ffeb000-0x7ffeffff]
[    0.000000] kvm-clock: Uin msrs 4b564d01 and 4b564d00
[    0.000000] km-oc: cp 0, msr 0:7ffe3001, primary cpu clock
    0.000000] kvm-clock: using sched offset of 502793122720cycls
[    0.000000] closoure: kvm-clock: mask: 0xfffffffffffffff max_cycles: 0xcd2edfb, max_idle_ns: 881590591483 s[    0.000000] Zone ranges:
[    0000000]   DMA      [em0x00000000001000-0x0000000000ffff]
[   0.000000]   DMA32    [mem 0x0000000001000000-0x000000007ffeffff]
[    0.00000]   Normal   empty
[    0.000000]   Devic   empty
[    0.000000] Movable zone start for each node
[    0.000000] Early memory node ranges
[    0.000000]   node   0: [mm x00000001000-0x000000000009efff]
[    0.000000]   node   0: [mem 0x0000000000100000-0x000000007ffeffff]
[    0.000000] Initmem setup node 0 [mem 0x0000000000001000-0x000000007ffeffff]
[    0.000000] ACPI: PM-Timer IO Port: 0x4008
[    0.000000] IOAPIC[0]: apicid2,vesin 32, addess 0xfec00000, GSI 0-23
[    0.00000 API: INT_SRC_OVR (bus 0 bus_irq 0 global_irq 2 dfl l)
[    0.000000] ACPI: INT_SRC_OV (bus 0 bus_irq 9 global_irq 9 low level)
[    0.000000] Using ACPI (MADT) for SMP configuration information
[    0.000000] smpboot: Allowing 2 CPUs, 0 hotplug CPUs
[    0.000000] PM: Registered nosave memory: [mem 0x00000000-0x00000fff]
[    0.000000] PM: Reiserd osave memory: [mem 0x0009f000-x0009ffff]
[    0.000000] PM: Registered nosave memory:[mm 0x000a0000-0x000effff]
[    0.000000] PM: Registered nosave memory: [mem 0x000f0000-0x000fffff]
[    0.000000] e820: [mem 0x80000000-0xfebfffff] availablefor PCI devices
[    0.000000] Booting paravirtualized kernel onVM
[    0.0000] clocksource: refined-jiffies: mask: 0xffffffff max_cycles: 0xffffffff, max_idle_ns: 764551960021168ns
[    0.000000] setup_percpu: NR_CPUS:512 nr_cpumsk_bits:512 nr_cpu_ids:2 nr_node_ids:1
[    0.000000] PERCPU: Embedded 34 pages/cpu fff88007fc00000 s99544 r8192 d31528 u1048576
[    0.000000] PV qspinlock hash table entries: 256 order: 0, 4096 bytes)
[    0.000000] Built 1 zonelists in Node order, mobility grouping on.  Total pages: 515960
[    0.000000] Policy zone: DMA32
[    0.000000] Kernel command line: BOOT_IMAGE=/boo/vmlinuz-4.4.0-119-generic root=UUID=64ac3f76-5f9-be9-a2569b774ce859b3 ro onsole=ty1 console=ttyS0
[    0.000000] PID hash table entries: 4096 (order: 3, 32768 bytes)
[    0.000000] Memory: 2029396K/2096696K available (8532K kernel code, 1313K rwdat 3996rodata, 1508K init, 1316K bss, 67300K reserved, 0 cma-reserved)
[    0.000000 SLUB: HWalign=6, Order=0-3, MinObjects=0, CPUs=2, Nodes=1
[    0.000000] Kernel/User page tables isolation: enabled
[    0.000000] Hierarchical RCU plmentation.
[    0.000000] 	Build-time adjustment of leaf fanout to 4.
[    0.000000] 	RCU restricting CPUs from R_CPUS=512 to nr_cpu_ids=2.
[    0.000000] RCU: Adjusting geometry for rcu_fanout_leaf=64, nr_cpu_ids=2
[    0.000000] NR_IRQS:33024 nr_irqs:440 16
[    0.000000] Console: colour VGA+ 80x25
[    0.000000] console [tty1] enabled
[    0.000000] console [ttyS0] enabled
[  0.000000] tsc: Detected 2495.998 MHz processor
[    3.053631] Calibrating delay loop (skipped) preset value.. 4991.99 BogoMIPS (lpj=9983992)
[    3.075290] pid_max: default: 32768 minimum: 301
[    3.076334] ACPI: Core revision 20150930
[    3.077875] ACPI: 2 ACPI AML tables successfully acquired and loaded
[    3.085049] Security Framework initialized
[    3.085902] Yama: becoming mindful.
[    3.086875] AppArmor: AppArmor initialized
[    3.095152] Dentry cache hash table entries: 262144 (order: 9, 2097152 bytes)
[    3.107039] Inode-cache hash table entries: 131072 (order: 8, 1048576 bytes)
[    3.119559] Mount-cache hash table entries: 4096 (order: 3, 32768 bytes)
[    3.131972] Mountpoint-cache hash table entries: 4096 (order: 3, 32768 bytes)
[    3.133756] Initializing cgroup subsys io
[    3.134686] Initializing cgroup subsys memory
[    3.135676] Initializing cgroup subsys devices
[    3.143987] Initializing cgroup subsys freezer
[    3.145035] Initializing cgroup subsys net_cls
[    3.146205] Initializing cgroup subsys perf_event
[    3.147491] Initializing cgroup subsys net_prio
[    3.148674] Initializing cgroup subsys hugetlb
[    3.149834] Initializing cgroup subsys pids
[    3.151487] CPU: Physical Processor ID: 0
[    3.162835] CPU: Processor Core ID: 0
[    3.183256] FEATURE SPEC_CTRL Not Present
[    3.197006] mce: CPU supports 0 MCE banks
[    3.215907] Last level iTLB entries: 4KB 64, 2MB 8, 4MB 8
[    3.217576] Last level dTLB entries: 4KB 64, 2MB 0, 4MB 0, 1GB 4
[    3.231366] Spectre V2 mitigation: Mitigation: Full generic retpoline
[    3.242068] Spectre V2 mitigation: Speculation control IBPB not-supported IBRS not-supported
[    3.244476] Spectre V2 mitigation: Filling RSB on context switch
[    3.278613] Freeing SMP alternatives memory: 32K
[    3.319615] ftrace: allocating 32195 entries in 126 pages
[    3.382834] smpboot: APIC(0) Converting physical 0 to logical package 0
[    3.415321] smpboot: Max logical packages: 1
[    3.431660] x2apic enabled
[    3.432649] Switched APIC routing to physical x2apic.
[    3.448709] ..TIMER: vector=0x30 apic1=0 pin1=2 apic2=-1 pin2=-1
[    3.562615] smpboot: CPU0: Intel(R) Core(TM) i7-7660U CPU @ 2.50GHz (family: 0x6, model: 0x8e, stepping: 0x9)
[    3.569172] Performance Events: unsupported p6 CPU model 142 no PMU driver, software events only.
[    3.596627] KVM setup paravirtual spinlock
[    3.598595] x86: Booting SMP configuration:
[    3.607158] .... node  #0, CPUs:      #1
[    3.608208] kvm-clock: cpu 1, msr 0:7ffe3041, secondary cpu clock
[    3.612022] mce: CPU supports 0 MCE banks
[    3.616279] x86: Booted up 1 node, 2 CPUs
[    3.617454] smpboot: Total of 2 processors activated (9983.99 BogoMIPS)
[    3.619434] devtmpfs: initialized
[    3.624284] evm: security.selinux
[    3.631957] evm: security.SMACK64
[    3.632920] evm: security.SMACK64EXEC
[    3.634039] evm: security.SMACK64TRANSMUTE
[    3.634901] evm: security.SMACK64MMAP
[    3.643980] evm: security.ima
[    3.644672] evm: security.capability
[    3.645639] clocksource: jiffies: mask: 0xffffffff max_cycles: 0xffffffff, max_idle_ns: 7645041785100000 ns
[    3.661796] futex hash table entries: 512 (order: 3, 32768 bytes)
[    3.669819] pinctrl core: initialized pinctrl subsystem
[    3.681388] RTC time:  6:53:25, date: 06/29/18
[    3.693079] NET: Registered protocol family 16
[    3.710363] cpuidle: using governor ladder
[    3.738077] cpuidle: using governor menu
[    3.770624] PCCT header not found.
[    3.771630] ACPI: bus type PCI registered
[    3.774039] acpiphp: ACPI Hot Plug PCI Controller Driver version: 0.5
[    3.775731] PCI: Using configuration type 1 for base access
[    3.790699] ACPI: Added _OSI(Module Device)
[    3.813803] ACPI: Added _OSI(Processor Device)
[    3.814982] ACPI: Added _OSI(3.0 _SCP Extensions)
[    3.818195] ACPI: Added _OSI(Processor Aggregator Device)
[    3.820690] ACPI: Executed 1 blocks of module-level executable AML code
[    3.834675] ACPI: Interpreter enabled
[    3.847124] ACPI: (supports S0 S5)
[    3.853613] ACPI: Using IOAPIC for interrupt routing
[    3.868159] PCI: Using host bridge windows from ACPI; if necessary, use "pci=nocrs" and report a bug
[    3.874385] ACPI: PCI Root Bridge [PCI0] (domain 0000 [bus 00-ff])
[    3.893963] acpi PNP0A03:00: _OSC: OS supports [ASPM ClockPM Segments MSI]
[    3.896049] acpi PNP0A03:00: _OSC: not requesting OS control; OS requires [ExtendedConfig ASPM ClockPM MSI]
[    3.919253] acpi PNP0A03:00: fail to add MMCONFIG information, can't access extended PCI configuration space under this bridge.
[    3.945046] PCI host bridge to bus 0000:00
[    3.946158] pci_bus 0000:00: root bus resource [io  0x0000-0x0cf7 window]
[    3.958914] pci_bus 0000:00: root bus resource [io  0x0d00-0xffff window]
[    3.965461] pci_bus 0000:00: root bus resource [mem 0x000a0000-0x000bffff window]
[    3.980469] pci_bus 0000:00: root bus resource [mem 0x80000000-0xfdffffff window]
[    3.998444] pci_bus 0000:00: root bus resource [bus 00-ff]
[    4.003317] pci 0000:00:01.1: legacy IDE quirk: reg 0x10: [io  0x01f0-0x01f7]
[    4.016390] pci 0000:00:01.1: legacy IDE quirk: reg 0x14: [io  0x03f6]
[    4.026363] pci 0000:00:01.1: legacy IDE quirk: reg 0x18: [io  0x0170-0x0177]
[    4.043971] pci 0000:00:01.1: legacy IDE quirk: reg 0x1c: [io  0x0376]
[    4.087868] pci 0000:00:07.0: quirk: [io  0x4000-0x403f] claimed by PIIX4 ACPI
[    4.104979] pci 0000:00:07.0: quirk: [io  0x4100-0x410f] claimed by PIIX4 SMB
[    4.121160] ACPI: PCI Interrupt Link [LNKA] (IRQs 5 9 10 *11)
[    4.163368] ACPI: PCI Interrupt Link [LNKB] (IRQs 5 9 *10 11)
[    4.172421] ACPI: PCI Interrupt Link [LNKC] (IRQs 5 *9 10 11)
[    4.206499] ACPI: PCI Interrupt Link [LNKD] (IRQs 5 9 10 *11)
[    4.239766] ACPI: Enabled 2 GPEs in block 00 to 07
[    4.264851] vgaarb: setting as boot device: PCI:0000:00:02.0
[    4.288594] vgaarb: device added: PCI:0000:00:02.0,decodes=io+mem,owns=io+mem,locks=none
[    4.343390] vgaarb: loaded
[    4.344238] vgaarb: bridge control possible 0000:00:02.0
[    4.347747] SCSI subsystem initialized
[    4.364227] ACPI: bus type USB registered
[    4.367907] usbcore: registered new interface driver usbfs
[    4.369608] usbcore: registered new interface driver hub
[    4.418130] usbcore: registered new device driver usb
[    4.451431] PCI: Using ACPI for IRQ routing
[    4.464367] NetLabel: Initializing
[    4.465135] NetLabel:  domain hash size = 128
[    4.466080] NetLabel:  protocols = UNLABELED CIPSOv4
[    4.478453] NetLabel:  unlabeled traffic allowed by default
[    4.483235] amd_nb: Cannot enumerate AMD northbridges
[    4.505704] clocksource: Switched to clocksource kvm-clock
[   4.2204ApArr: AppArmor Filsyte Eabed
[    4.851064] pnp: PnP ACPI init
[   .830] np PP API fnd devics
[    5.252659] clocksource: acpi_pm: mask: 0xffffff max_cycles: 0xffffff, max_idle_ns: 2085701024 ns
[    5.287233] NET: Registered protocol family 2
[    5.334721] TCP established hash table entries: 16384 (order: 5, 131072 bytes)
[    5.414661] TCP bind hash table entries: 16384 (order: 6, 262144 bytes)
[    5.435517] TCP: Hash tables configured (established 16384 bind 16384)
[    5.472487] UDP hash table entries: 1024 (order: 3, 32768 bytes)
[    5.540581] UDP-Lite hash table entries: 1024 (order: 3, 32768 bytes)
[    5.558722] NET: Registered protocol family 1
[    5.571876] pci 0000:00:00.0: Limiting direct PCI/PCI transfers
[    5.574374] pci 0000:00:01.0: Activating ISA DMA hang workarounds
[    5.575698] Unpacking initramfs...
[    5.773482] Freeing initrd memory: 15320K
[    5.814829] platform rtc_cmos: registered platform RTC device (no PNP device found)
[    5.819911] Scanning for low memory corruption every 60 seconds
[    5.844760] audit: initializing netlink subsys (disabled)
[    5.847817] audit: type=2000 audit(1530258312.551:1): initialized
[    5.854207] Initialise system trusted keyring
[    5.859793] HugeTLB registered 2 MB page size, pre-allocated 0 pages
[    5.862533] zbud: loaded
[    5.863966] VFS: Disk quotas dquot_6.6.0
[    5.870212] VFS: Dquot-cache hash table entries: 512 (order 0, 4096 bytes)
[    5.897145] squashfs: version 4.0 (2009/01/31) Phillip Lougher
[    5.902837] fuse init (API version 7.23)
[    5.905223] Key type big_key registered
[    5.913356] Allocating IMA MOK and blacklist keyrings.
[    5.935118] Key type asymmetric registered
[    5.937583] Asymmetric key parser 'x509' registered
[    5.957987] Block layer SCSI generic (bsg) driver version 0.4 loaded (major 249)
[    5.981330] io scheduler noop registered
[    5.992140] io scheduler deadline registered (default)
[    6.001690] io scheduler cfq registered
[    6.009284] pci_hotplug: PCI Hot Plug PCI Core version: 0.5
[    6.015056] pciehp: PCI Express Hot Plug Controller Driver version: 0.4
[    6.018424] ACPI: AC Adapter [AC] (off-line)
[    6.019712] input: Power Button as /devices/LNXSYSTM:00/LNXPWRBN:00/input/input0
[    6.025549] ACPI: Power Button [PWRF]
[    6.026665] input: Sleep Button as /devices/LNXSYSTM:00/LNXSLPBN:00/input/input1
[    6.032011] ACPI: Sleep Button [SLPF]
[    6.034509] GHES: HEST is not enabled!
[    6.035585] ACPI: Battery Slot [BAT0] (battery present)
[    6.044145] Serial: 8250/16550 driver, 32 ports, IRQ sharing enabled
[    6.068670] 00:02: ttyS0 at I/O 0x3f8 (irq = 4, base_baud = 115200) is a 16550A
[    6.095187] Linux agpgart interface v0.103
[    6.109080] loop: module loaded
[    6.114042] scsi host0: ata_piix
[    6.115095] scsi host1: ata_piix
[    6.123663] ata1: PATA max UDMA/33 cmd 0x1f0 ctl 0x3f6 bmdma 0xd000 irq 14
[    6.125362] ata2: PATA max UDMA/33 cmd 0x170 ctl 0x376 bmdma 0xd008 irq 15
[    6.134895] libphy: Fixed MDIO Bus: probed
[    6.163688] tun: Universal TUN/TAP device driver, 1.6
[    6.167165] tun: (C) 1999-2004 Max Krasnyansky <maxk@qualcomm.com>
[    6.177923] PPP generic driver version 2.4.2
[    6.180845] ehci_hcd: USB 2.0 'Enhanced' Host Controller (EHCI) Driver
[    6.182372] ehci-pci: EHCI PCI platform driver
[    6.216285] ehci-platform: EHCI generic platform driver
[    6.263973] ohci_hcd: USB 1.1 'Open' Host Controller (OHCI) Driver
[    6.279909] ohci-pci: OHCI PCI platform driver
[    6.291321] ohci-platform: OHCI generic platform driver
[    6.307805] uhci_hcd: USB Universal Host Controller Interface driver
[    6.309481] i8042: PNP: PS/2 Controller [PNP0303:PS2K,PNP0f03:PS2M] at 0x60,0x64 irq 1,12
[    6.328139] serio: i8042 KBD port at 0x60,0x64 irq 1
[    6.334255] serio: i8042 AUX port at 0x60,0x64 irq 12
[    6.343785] mousedev: PS/2 mouse device common for all mice
[    6.365151] input: AT Translated Set 2 keyboard as /devices/platform/i8042/serio0/input/input2
[    6.381868] rtc_cmos rtc_cmos: rtc core: registered rtc_cmos as rtc0
[    6.389800] rtc_cmos rtc_cmos: alarms up to one day, 114 bytes nvram
[    6.391393] i2c /dev entries driver
[    6.392407] device-mapper: uevent: version 1.0.3
[    6.393745] device-mapper: ioctl: 4.34.0-ioctl (2015-10-28) initialised: dm-devel@redhat.com
[    6.414551] ledtrig-cpu: registered to indicate activity on CPUs
[    6.427077] NET: Registered protocol family 10
[    6.439869] NET: Registered protocol family 17
[    6.441448] Key type dns_resolver registered
[    6.443752] registered taskstats version 1
[    6.460212] Loading compiled-in X.509 certificates
[    6.463255] Loaded X.509 cert 'Build time autogenerated kernel key: f854e06633b5f496ced5b2e02c7b14f761b69302'
[    6.466766] zswap: loaded using pool lzo/zbud
[    6.470173] Key type trusted registered
[    6.482377] Key type encrypted registered
[    6.500246] AppArmor: AppArmor sha1 policy hashing enabled
[    6.513905] ima: No TPM chip found, activating TPM-bypass!
[    6.519242] evm: HMAC attrs: 0x1
[    6.524486]   Magic number: 6:154:874
[    6.544997] rtc_cmos rtc_cmos: setting system clock to 2018-06-29 06:53:28 UTC (1530255208)
[    6.557802] BIOS EDD facility v0.16 2004-Jun-25, 0 devices found
[    6.567176] EDD information not available.
[    6.569670] Freeing unused kernel memory: 1508K
[    6.580445] Write protecting the kernel read-only data: 14336k
[    6.582417] Freeing unused kernel memory: 1696K
[    6.587915] Freeing unused kernel memory: 100K
Loading, please wait...
starting version[    6.600653] random: systemd-udevd: uninitialized urandom read (16 bytes read, 3 bits of entropy available)
 229
[    6.601232] random: udevadm: uninitialized urandom read (16 bytes read, 3 bits of entropy available)
[    6.601248] random: udevadm: uninitialized urandom read (16 bytes read, 3 bits of entropy available)
[    6.609105] random: udevadm: uninitialized urandom read (16 bytes read, 3 bits of entropy available)
[    6.609142] random: udevadm: uninitialized urandom read (16 bytes read, 3 bits of entropy available)
[    6.609257] random: udevadm: uninitialized urandom read (16 bytes read, 3 bits of entropy available)
[    6.609299] random: udevadm: uninitialized urandom read (16 bytes read, 3 bits of entropy available)
[    6.609340] random: udevadm: uninitialized urandom read (16 bytes read, 3 bits of entropy available)
[    6.609382] random: udevadm: uninitialized urandom read (16 bytes read, 3 bits of entropy available)
[    6.609426] random: udevadm: uninitialized urandom read (16 bytes read, 3 bits of entropy available)
[    6.792358] e1000: Intel(R) PRO/1000 Network Driver - version 7.3.21-k8-NAPI
[    6.815338] e1000: Copyright (c) 1999-2006 Intel Corporation.
[    6.816799] tsc: Refined TSC clocksource calibration: 2495.999 MHz
[    6.820957] clocksource: tsc: mask: 0xffffffffffffffff max_cycles: 0x23fa763a3d1, max_idle_ns: 440795313647 ns
[    6.829634] Fusion MPT base driver 3.04.20
[    6.830901] Copyright (c) 1999-2008 LSI Corporation
[    6.838791] Fusion MPT SPI Host driver 3.04.20
[    6.856878] AVX2 version of gcm_enc/dec engaged.
[    6.875117] AES CTR mode by8 optimization enabled
[    7.027470] input: ImExPS/2 Generic Explorer Mouse as /devices/platform/i8042/serio1/input/input4
[    7.220114] e1000 0000:00:03.0 eth0: (PCI:33MHz:32-bit) 02:62:8c:65:d6:7a
[    7.225482] e1000 0000:00:03.0 eth0: Intel(R) PRO/1000 Network Connection
[    7.251501] mptbase: ioc0: Initiating bringup
[    7.318521] ioc0: LSI53C1030 A0: Capabilities={Initiator}
[    7.488056] scsi host2: ioc0: LSI53C1030 A0, FwRev=00000000h, Ports=1, MaxQ=256, IRQ=20
[    7.610247] scsi 2:0:0:0: Direct-Access     VBOX     HARDDISK         1.0  PQ: 0 ANSI: 5
[    7.674934] scsi target2:0:0: Beginning Domain Validation
[    7.719488] scsi target2:0:0: Domain Validation skipping write tests
[    7.764360] scsi target2:0:0: Ending Domain Validation
[    7.833310] scsi target2:0:0: asynchronous
[    7.898053] scsi 2:0:1:0: Direct-Access     VBOX     HARDDISK         1.0  PQ: 0 ANSI: 5
[    7.901360] scsi target2:0:1: Beginning Domain Validation
[    7.904534] scsi target2:0:1: Domain Validation skipping write tests
[    7.933477] scsi target2:0:1: Ending Domain Validation
[    7.941545] scsi target2:0:1: asynchronous
[    7.966202] sd 2:0:0:0: Attached scsi generic sg0 type 0
[    7.972043] sd 2:0:0:0: [sda] 20971520 512-byte logical blocks: (10.7 GB/10.0 GiB)
[    7.977978] sd 2:0:0:0: [sda] Write Protect is off
[    7.979732] sd 2:0:1:0: Attached scsi generic sg1 type 0
[    7.981275] sd 2:0:0:0: [sda] Incomplete mode parameter data
[    7.986249] sd 2:0:0:0: [sda] Assuming drive cache: write through
[    8.024955] sd 2:0:1:0: [sdb] 20480 512-byte logical blocks: (10.5 MB/10.0 MiB)
[    8.028633] sd 2:0:1:0: [sdb] Write Protect is off
[    8.031197]  sda: sda1
[    8.031712] sd 2:0:0:0: [sda] Attached SCSI disk
[    8.044653] sd 2:0:1:0: [sdb] Incomplete mode parameter data
[    8.051232] sd 2:0:1:0: [sdb] Assuming drive cache: write through
[    8.064240] e1000 0000:00:08.0 eth1: (PCI:33MHz:32-bit) 08:00:27:37:ae:b9
[    8.065062] sd 2:0:1:0: [sdb] Attached SCSI disk
[    8.079818] e1000 0000:00:08.0 eth1: Intel(R) PRO/1000 Network Connection
[    8.082834] e1000 0000:00:03.0 enp0s3: renamed from eth0
[    8.115174] e1000 0000:00:08.0 enp0s8: renamed from eth1
[    9.850693] floppy0: no floppy controllers found
Begin: Loading e[   11.146894] md: linear personality registered for level -1
ssential drivers[   11.220798] md: multipath personality registered for level -4
 ... [   11.246321] md: raid0 personality registered for level 0
[   11.295595] md: raid1 personality registered for level 1
[   11.421859] raid6: sse2x1   gen() 12433 MB/s
[   11.496240] raid6: sse2x1   xor()  9298 MB/s
[   11.570252] raid6: sse2x2   gen() 13862 MB/s
[   11.682542] raid6: sse2x2   xor()  9924 MB/s
[   11.750050] raid6: sse2x4   gen() 16203 MB/s
[   11.830140] raid6: sse2x4   xor() 12070 MB/s
[   11.901871] raid6: avx2x1   gen() 24349 MB/s
[   11.997752] raid6: avx2x2   gen() 26232 MB/s
[   12.070092] raid6: avx2x4   gen() 28766 MB/s
[   12.113979] raid6: using algorithm avx2x4 gen() 28766 MB/s
[   12.115178] raid6: using avx2x2 recovery algorithm
[   12.117657] xor: automatically using best checksumming function:
[   12.181921]    avx       : 21467.000 MB/sec
[   12.192069] async_tx: api initialized (async)
[   12.199558] md: raid6 personality registered for level 6
[   12.201067] md: raid5 personality registered for level 5
[   12.212574] md: raid4 personality registered for level 4
[   12.232744] md: raid10 personality registered for level 10
done.
Begin: Running /scripts/init-premount ... done.
Begin: Mounting root file system ... Begin: Running /scripts/local-top ... done.
Begin: Running /scripts/local-[   12.266913] Btrfs loaded
premount ... Scanning for Btrfs filesystems
done.
Warning: fsck no[   12.319173] EXT4-fs (sda1): mounted filesystem with ordered data mode. Opts: (null)
t present, so skipping root file system
done.
Begin: Running /scripts/local-bottom ... done.
Begin: Running /scripts/init-bottom ... done.
[   12.529526] systemd[1]: systemd 229 running in system mode. (+PAM +AUDIT +SELINUX +IMA +APPARMOR +SMACK +SYSVINIT +UTMP +LIBCRYPTSETUP +GCRYPT +GNUTLS +ACL +XZ -LZ4 +SECCOMP +BLKID +ELFUTILS +KMOD -IDN)
[   12.590080] systemd[1]: Detected virtualization oracle.
[   12.604225] systemd[1]: Detected architecture x86-64.

Welcome to [1mUbuntu 16.04.4 LTS[0m!

[   12.622806] systemd[1]: Set hostname to <puppet-agent104>.
[   12.854216] systemd[1]: Reached target User and Group Name Lookups.
[[0;32m  OK  [0m] Reached target User and Group Name Lookups.
[   12.881148] systemd[1]: Created slice System Slice.
[[0;32m  OK  [0m] Created slice System Slice.
[   12.901293] systemd[1]: Created slice system-serial\x2dgetty.slice.
[[0;32m  OK  [0m] Created slice system-serial\x2dgetty.slice.
[   12.929292] systemd[1]: Set up automount Arbitrary Executable File Formats File System Automount Point.
[[0;32m  OK  [0m] Set up automount Arbitrary Executab...ats File System Automount Point.
[   12.933748] systemd[1]: Listening on Syslog Socket.
[[0;32m  OK  [0m] Listening on Syslog Socket.
[   12.955385] systemd[1]: Listening on Journal Audit Socket.
[[0;32m  OK  [0m] Listening on Journal Audit Socket.
[   12.998253] systemd[1]: Started Trigger resolvconf update for networkd DNS.
[[0;32m  OK  [0m] Started Trigger resolvconf update for networkd DNS.
[   13.022184] systemd[1]: Listening on Journal Socket.
[[0;32m  OK  [0m] Listening on Journal Socket.
[   13.058440] systemd[1]: Mounting POSIX Message Queue File System...
         Mounting POSIX Message Queue File System...
[   13.079662] systemd[1]: Starting Nameserver information manager...
         Starting Nameserver information manager...
[   13.099046] systemd[1]: Starting Remount Root and Kernel File Systems...
[   13.102454] EXT4-fs (sda1): re-mounted. Opts: (null)
         Starting Remount Root and Kernel File Systems...
[   13.158136] systemd[1]: Mounting Huge Pages File System...
         Mounting Huge Pages File System...
[   13.182506] systemd[1]: Created slice User and Session Slice.
[[0;32m  OK  [0m] Created slice User and Session Slice.
[   13.230420] systemd[1]: Reached target System Time Synchronized.
[[0;32m  OK  [0m] Reached target System Time Synchronized.
[   13.290578] systemd[1]: Mounting Debug File System...
         Mounting Debug File System...
[   13.354520] systemd[1]: Started Forward Password Requests to Wall Directory Watch.
[[0;32m  OK  [0m] Started Forward Password Requests to Wall Directory Watch.
[   13.454047] systemd[1]: Starting Set console keymap...
         Starting Set console keymap...
[   13.488243] random: nonblocking pool is initialized
[   13.490294] systemd[1]: Starting Create list of required static device nodes for the current kernel...
         Starting Create list of required st... nodes for the current kernel...
[   13.529060] systemd[1]: Listening on LVM2 poll daemon socket.
[[0;32m  OK  [0m] Listening on LVM2 poll daemon socket.
[   13.570233] systemd[1]: Starting Uncomplicated firewall...
         Starting Uncomplicated firewall...
[   13.598558] systemd[1]: Listening on Journal Socket (/dev/log).
[[0;32m  OK  [0m] Listening on Journal Socket (/dev/log).
[   13.654498] systemd[1]: Listening on /dev/initctl Compatibility Named Pipe.
[[0;32m  OK  [0m] Listening on /dev/initctl Compatibility Named Pipe.
[   13.726341] systemd[1]: Starting Journal Service...
         Starting Journal Service...
[   13.756419] systemd[1]: Listening on Device-mapper event daemon FIFOs.
[[0;32m  OK  [0m] Listening on Device-mapper event daemon FIFOs.
[   13.814378] systemd[1]: Starting Load Kernel Modules...
[   13.842243] Loading iSCSI transport class v2.0-870.
         Starting Load Kernel Mo[   13.851010] iscsi: registered transport (tcp)
dules...
[   13.912463] systemd[1]: Listening on udev Kernel Socket.
[[0;32m  OK  [0m] Listening on udev Kernel Socket.
[   13.974061] systemd[1]: Listening on LVM2 metadata daemon socket.
[   14.022533] iscsi: registered transport (iser)
[[0;32m  OK  [0m] Listening on LVM2 metadata daemon socket.
[   14.046599] systemd[1]: Starting Monitoring of LVM2 mirrors, snapshots etc. using dmeventd or progress polling...
         Starting Monitoring of LVM2 mirrors... dmeventd or progress polling...
[   14.144535] systemd[1]: Reached target Swap.
[[0;32m  OK  [0m] Reached target Swap.
[   14.148886] systemd[1]: Reached target Slices.
[[0;32m  OK  [0m] Reached target Slices.
[   14.151422] systemd[1]: Listening on udev Control Socket.
[[0;32m  OK  [0m] Listening on udev Control Socket.
[   14.173946] systemd[1]: Reached target Encrypted Volumes.
[[0;32m  OK  [0m] Reached target Encrypted Volumes.
[   14.219027] systemd[1]: Mounted POSIX Message Queue File System.
[[0;32m  OK  [0m] Mounted POSIX Message Queue File System.
[   14.238471] systemd[1]: Mounted Huge Pages File System.
[[0;32m  OK  [0m] Mounted Huge Pages File System.
[   14.248991] systemd[1]: Mounted Debug File System.
[[0;32m  OK  [0m] Mounted Debug File System.
[   14.255289] systemd[1]: Started Journal Service.
[[0;32m  OK  [0m] Started Journal Service.
[[0;32m  OK  [0m] Started Remount Root and Kernel File Systems.
[[0;32m  OK  [0m] Started Set console keymap.
[[0;32m  OK  [0m] Started Create list of required sta...ce nodes for the current kernel.
[[0;32m  OK  [0m] Started Uncomplicated firewall.
[[0;32m  OK  [0m] Started Load Kernel Modules.
[[0;32m  OK  [0m] Started Nameserver information manager.
[[0;32m  OK  [0m] Started LVM2 metadata daemon.
         Starting Apply Kernel Variables...
         Mounting FUSE Control File System...
         Starting Create Static Device Nodes in /dev...
         Starting udev Coldplug all Devices...
         Starting Initial cloud-init job (pre-networking)...
         Starting Load/Save Random Seed...
         Starting Flush Journal to Persistent Storage...
[[0;32m  OK  [0m] Mounted FUSE Control File System.
[[0;32m  OK  [0m] Started Apply Kernel Variables.
[[0;32m  OK  [0m] Started Create Static Device Nodes in /dev.
[[0;32m  OK  [0m] Started Monitoring of LVM2 mirrors,...ng dmeventd or progress polling.
[[0;32m  OK  [0m] Started Load/Save Random Seed.
[[0;32m  OK  [0m] Started Flush Journal to Persistent Storage.
[[0;32m  OK  [0m] Started udev Coldplug all Devices.
         Starting udev Kernel Device Manager...
[[0;32m  OK  [0m] Started udev Kernel Device Manager.
[[0;32m  OK  [0m] Reached target Local File Systems (Pre).
[[0;32m  OK  [0m] Reached target Local File Systems.
         Starting Set console font and keymap...
         Starting Tell Plymouth To Write Out Runtime Data...
         Starting Create Volatile Files and Directories...
         Starting LSB: AppArmor initialization...
[[0;32m  OK  [0m] Started Dispatch Password Requests to Console Directory Watch.
[[0;32m  OK  [0m] Started Tell Plymouth To Write Out Runtime Data.
[[0;32m  OK  [0m] Started Create Volatile Files and Directories.
[[0;32m  OK  [0m] Found device /dev/ttyS0.
         Starting Update UTMP about System Boot/Shutdown...
[[0;32m  OK  [0m] Started Update UTMP about System Boot/Shutdown.
[[0;32m  OK  [0m] Started LSB: AppArmor initialization.
[   11.727020] cloud-init[464]: Cloud-init v. 18.2 running 'init-local' at Fri, 29 Jun 2018 06:53:37 +0000. Up 11.43 seconds.
[[0;1;31mFAILED[0m] Failed to start Set console font and keymap.
See 'systemctl status console-setup.service' for details.
[[0;32m  OK  [0m] Started Initial cloud-init job (pre-networking).
[[0;32m  OK  [0m] Listening on Load/Save RF Kill Switch Status /dev/rfkill Watch.
[[0;32m  OK  [0m] Reached target Network (Pre).
[[0;32m  OK  [0m] Started ifup for enp0s3.
[[0;32m  OK  [0m] Created slice system-getty.slice.
         Starting Raise network interfaces...
[[0;32m  OK  [0m] Started ifup for enp0s8.
[[0;32m  OK  [0m] Found device 82540EM Gigabit Ethern...r (PRO/1000 MT Desktop Adapter).
[[0;32m  OK  [0m] Started Raise network interfaces.
         Starting Initial cloud-init job (metadata service crawler)...
[[0;32m  OK  [0m] Reached target Network.
[   14.617096] cloud-init[1078]: Cloud-init v. 18.2 running 'init' at Fri, 29 Jun 2018 06:53:40 +0000. Up 14.36 seconds.
[   14.776811] [cloud-init[0;32m  OK  [0m[1078]: ] ci-info: ++++++++++++++++++++++++++++++++++++++Net device info++++++++++++++++++++++++++++++++++++++Started Initial cloud-init job (metadata service crawler).

[   14.777665] cloud-init[1078]: ci-info: +--------+------+-----------------------------+---------------+-------+-------------------+
[   15.132829] [cloud-init[1078]: [0;32m  OK  [0mci-info: | Device |  Up  |           Address           |      Mask     | Scope |     Hw-Address    |] 
Reached target Network is Online.
[   15.133534] cloud-init[1078]: ci-info: +--------+------+-----------------------------+---------------+-------+-------------------+
[   15.504826]          cloud-initStarting iSCSI initiator daemon (iscsid)...[1078]: 
ci-info: | enp0s3 | True |          10.0.2.15          | 255.255.255.0 |   .   | 02:62:8c:65:d6:7a |
[   15.616989] [cloud-init[0;32m  OK  [0m[1078]: ] ci-info: | enp0s3 | True |  fe80::62:8cff:fe65:d67a/64 |       .       |  link | 02:62:8c:65:d6:7a |Reached target System Initialization.

[   15.617659] [cloud-init[0;32m  OK  [0m[1078]: ] ci-info: | enp0s8 | True |        192.168.55.104       | 255.255.255.0 |   .   | 08:00:27:37:ae:b9 |Listening on UUID daemon activation socket.

[   15.717088] cloud-init[1078]: ci-info: | enp0s8 | True | fe80::a00:27ff:fe37:aeb9/64 |       .       |  link | 08:00:27:37:ae:b9 |
[   15.952325] [cloud-init[0;32m  OK  [0m[1078]: ] ci-info: |   lo   | True |          127.0.0.1          |   255.0.0.0   |   .   |         .         |Started Daily apt download activities.

[   16.080371] [cloud-init[0;32m  OK  [0m[1078]: ] ci-info: |   lo   | True |           ::1/128           |       .       |  host |         .         |Started ACPI Events Check.

[   16.200687] [cloud-init[0;32m  OK  [0m[1078]: ] ci-info: +--------+------+-----------------------------+---------------+-------+-------------------+Reached target Paths.

[   16.265247] [cloud-init[0;32m  OK  [0m[1078]: ] ci-info: ++++++++++++++++++++++++++++Route IPv4 info++++++++++++++++++++++++++++Listening on D-Bus System Message Bus Socket.

         Starting Socket activation for snappy daemon.
[   16.265877] cloud-init[1078]: ci-info: +-------+--------------+----------+---------------+-----------+-------+
[   16.476727]          cloud-initStarting LXD - unix socket.[1078]: 
ci-info: | Route | Destination  | Gateway  |    Genmask    | Interface | Flags |
[   16.592361] [cloud-init[0;32m  OK  [0m[1078]: ] ci-info: +-------+--------------+----------+---------------+-----------+-------+Started Daily Cleanup of Temporary Directories.

[[0;32m  OK  [0m] Started Daily apt upgrade and clean activities.
[[0;32m  OK  [0m] Reached target Timers.
[   16.592951] cloud-init[1078]: ci-info: |   0   |   0.0.0.0    | 10.0.2.2 |    0.0.0.0    |   enp0s3  |   UG  |
[   16.828651] [cloud-init[0;32m  OK  [0m[1078]: ] ci-info: |   1   |   10.0.2.0   | 0.0.0.0  | 255.255.255.0 |   enp0s3  |   U   |Listening on ACPID Listen Socket.

[[0;32m  OK  [0m] Reached target Cloud-config availability.
[   16.829353] cloud-init[1078]: ci-info: |   2   | 192.168.55.0 | 0.0.0.0  | 255.255.255.0 |   enp0s8  |   U   |
[   17.008777] [cloud-init[0;32m  OK  [0m[1078]: ] ci-info: +-------+--------------+----------+---------------+-----------+-------+Listening on Socket activation for snappy daemon.

[[0;32m  OK  [0m] Listening on LXD - unix socket.
[[0;32m  OK  [0m] Started iSCSI initiator daemon (iscsid).
         Starting Login to default iSCSI targets...
[[0;32m  OK  [0m] Reached target Sockets.
[[0;32m  OK  [0m] Reached target Basic System.
         Starting LSB: Record successful boot for GRUB...
[[0;32m  OK  [0m] Started Unattended Upgrades Shutdown.
[[0;32m  OK  [0m] Started FUSE filesystem for LXC.
         Starting Virtualbox guest utils...
[[0;32m  OK  [0m] Started D-Bus System Message Bus.
         Starting Snappy daemon...
[[0;32m  OK  [0m] Started ACPI event daemon.
         Starting Apply the settings specified in cloud-config...
         Starting Login Service...
         Starting The Marionette Collective...
         Starting LXD - container startup/shutdown...
         Starting Accounts Service...
         Starting LSB: MD monitoring daemon...
[[0;32m  OK  [0m] Started Puppet agent.
         Starting /etc/rc.local Compatibility...
[[0;32m  OK  [0m] Started Deferred execution scheduler.
[[0;32m  OK  [0m] Started Regular background program processing daemon.
         Starting System Logging Service...
         Starting OpenBSD Secure Shell server...
[[0;32m  OK  [0m] Started Snappy daemon.
[[0;32m  OK  [0m] Started System Logging Service.
[[0;32m  OK  [0m] Started OpenBSD Secure Shell server.
[[0;32m  OK  [0m] Started LXD - container startup/shutdown.
[[0;32m  OK  [0m] Started /etc/rc.local Compatibility.
[[0;32m  OK  [0m] Started LSB: Record successful boot for GRUB.
[   18.351467] cloud-init[1162]: Cloud-init v. 18.2 running 'modules:config' at Fri, 29 Jun 2018 06:53:44 +0000. Up 18.21 seconds.
[[0;32m  OK  [0m] Started Login to default iSCSI targets.
[[0;32m  OK  [0m] Started Apply the settings specified in cloud-config.
[[0;32m  OK  [0m] Started LSB: MD monitoring daemon.
[[0;32m  OK  [0m] Started Login Service.
[[0;32m  OK  [0m] Started Virtualbox guest utils.
[[0;32m  OK  [0m] Started The Marionette Collective.
         Starting Authenticate and Authorize Users to Run Privileged Tasks...
[[0;32m  OK  [0m] Reached target Remote File Systems (Pre).
[[0;32m  OK  [0m] Reached target Remote File Systems.
         Starting LSB: automatic crash report generation...
         Starting LSB: daemon to balance interrupts for SMP systems...
         Starting LSB: Set the CPU Frequency Scaling governor to "ondemand"...
         Starting Permit User Sessions...
         Starting LSB: Controls chronyd NTP time daemon...
         Starting Wait until snapd is fully seeded...
[[0;32m  OK  [0m] Started Permit User Sessions.
[[0;32m  OK  [0m] Started Wait until snapd is fully seeded.
[[0;32m  OK  [0m] Started Authenticate and Authorize Users to Run Privileged Tasks.
[[0;32m  OK  [0m] Started Accounts Service.
[[0;32m  OK  [0m] Started LSB: Set the CPU Frequency Scaling governor to "ondemand".
[[0;32m  OK  [0m] Started LSB: automatic crash report generation.
[[0;32m  OK  [0m] Started LSB: daemon to balance interrupts for SMP systems.
         Starting Hold until boot process finishes up...
         Starting Terminate Plymouth Boot Screen...
[[0;32m  OK  [0m] Started Hold until boot process finishes up.
[[0;32m  OK  [0m] Started Terminate Plymouth Boot Screen.
         Starting Set console scheme...
[[0;32m  OK  [0m] Started Getty on tty1.
[[0;32m  OK  [0m] Started Serial Getty on ttyS0.
[[0;32m  OK  [0m] Reached target Login Prompts.
[[0;32m  OK  [0m] Started Set console scheme.
[[0;32m  OK  [0m] Started LSB: Controls chronyd NTP time daemon.
[[0;32m  OK  [0m] Reached target Multi-User System.
[[0;32m  OK  [0m] Reached target Graphical Interface.
         Starting Update UTMP about System Runlevel Changes...
         Starting Execute cloud user/final scripts...
[[0;32m  OK  [0m] Started Update UTMP about System Runlevel Changes.
[   21.768756] cloud-init[1355]: Cloud-init v. 18.2 running 'modules:final' at Fri, 29 Jun 2018 07:37:13 +0000. Up 21.67 seconds.
[[0;32m  OK  [0m] Started Execute cloud user/final scripts.
[[0;32m  OK  [0m] Reached target Cloud-init target.
[   21.853059] cloud-init[1355]: Cloud-init v. 18.2 finished at Fri, 29 Jun 2018 07:37:13 +0000. Datasource DataSourceNoCloud [seed=/dev/sdb][dsmode=net].  Up 21.76 seconds

Ubuntu 16.04.4 LTS puppet-agent104 ttyS0

puppet-agent104 login: [ 3188.712656] e1000 0000:00:03.0 enp0s3: Detected Tx Unit Hang
[ 3188.712656]   Tx Queue             <0>
[ 3188.712656]   TDH                  <ae>
[ 3188.712656]   TDT                  <b0>
[ 3188.712656]   next_to_use          <b0>
[ 3188.712656]   next_to_clean        <ae>
[ 3188.712656] buffer_info[next_to_clean]
[ 3188.712656]   time_stamp           <1000afe4e>
[ 3188.712656]   next_to_watch        <af>
[ 3188.712656]   jiffies              <1000b01f9>
[ 3188.712656]   next_to_watch.status <0>
[ 3190.916657] e1000 0000:00:03.0 enp0s3: Reset adapter
[[0;32m  OK  [0m] Closed Load/Save RF Kill Switch Status /dev/rfkill Watch.
[[0;32m  OK  [0[[0;32m  OK  [0m] Stopped Deferred execution scheduler.
[[0;32m  OK  [0m] Stopped ACPI event daemon.
[[0;32m  OK  [0m] Stopped Snappy daemon.
[[0;32m  OK  [0m] Stopped Accounts Service.
[[0;32m  OK  [0m] Stopped Regular background program processing daemon.
[[0;32m  OK  [0m] Stopped System Logging Service.
[[0;32m  OK  [0m] Stopped OpenBSD Secure Shell server.
[[0;32m  OK  [0m] Stopped The Marionette Collective.
[[0;32m  OK  [0m] Stopped Authenticate and Authorize Users to Run Privileged Tasks.
[[0;32m  OK  [0m] Stopped Getty on tty1.
[[0;32m  OK  [0m] Stopped Serial Getty on ttyS0.
[[0;32m  OK  [0m] Stopped User Manager for UID 1000.
[[0;32m  OK  [0m] Stopped Puppet agent.
[[0;32m  OK  [0m] Stopped D-Bus System Message Bus.
[[0;32m  OK  [0m] Stopped Session 1 of user vagrant.
[[0;32m  OK  [0m] Stopped Unattended Upgrades Shutdown.
[[0;32m  OK  [0m] Stopped FUSE filesystem for LXC.
[[0;32m  OK  [0m] Unmounted /var/lib/lxcfs.
[[0;32m  OK  [0m] Stopped LXD - container startup/shutdown.
[[0;32m  OK  [0m] Stopped LSB: Set the CPU Frequency Scaling governor to "ondemand".
[[0;32m  OK  [0m] Stopped LSB: automatic crash report generation.
[[0;32m  OK  [0m] Stopped LSB: Controls chronyd NTP time daemon.
[[0;32m  OK  [0m] Stopped Virtualbox guest utils.
[[0;32m  OK  [0m] Stopped LSB: MD monitoring daemon.
[[0;32m  OK  [0m] Stopped LSB: Record successful boot for GRUB.
[[0;32m  OK  [0m] Stopped LSB: daemon to balance interrupts for SMP systems.
[[0;32m  OK  [0m] Stopped target System Time Synchronized.
[[0;32m  OK  [0m] Removed slice User Slice of vagrant.
         Stopping Login Service...
[[0;32m  OK  [0m] Removed slice system-serial\x2dgetty.slice.
[[0;32m  OK  [0m] Stopped /etc/rc.local Compatibility.
[[0;32m  OK  [0m] Removed slice system-getty.slice.
         Stopping Permit User Sessions...
[[0;32m  OK  [0m] Stopped Login Service.
[[0;32m  OK  [0m] Stopped Permit User Sessions.
[[0;32m  OK  [0m] Stopped target Remote File Systems.
[[0;32m  OK  [0m] Stopped target Remote File Systems (Pre).
         Stopping Login to default iSCSI targets...
[[0;32m  OK  [0m] Stopped target Basic System.
[[0;32m  OK  [0m] Stopped target Paths.
[[0;32m  OK  [0m] Stopped Forward Password Requests to Wall Directory Watch.
[[0;32m  OK  [0m] Stopped ACPI Events Check.
[[0;32m  OK  [0m] Stopped Dispatch Password Requests to Console Directory Watch.
[[0;32m  OK  [0m] Stopped target Slices.
[[0;32m  OK  [0m] Removed slice User and Session Slice.
[[0;32m  OK  [0m] Stopped target Sockets.
[[0;32m  OK  [0m] Closed Syslog Socket.
[[0;32m  OK  [0m] Closed LXD - unix socket.
[[0;32m  OK  [0m] Closed Socket activation for snappy daemon.
[[0;32m  OK  [0m] Closed UUID daemon activation socket.
[[0;32m  OK  [0m] Closed ACPID Listen Socket.
[[0;32m  OK  [0m] Closed D-Bus System Message Bus Socket.
[[0;32m  OK  [0m] Stopped target System Initialization.
[[0;32m  OK  [0m] Stopped target Swap.
         Stopping Load/Save Random Seed...
         Stopping Update UTMP about System Boot/Shutdown...
[[0;32m  OK  [0m] Stopped target Encrypted Volumes.
[[0;32m  OK  [0m] Stopped target User and Group Name Lookups.
[[0;32m  OK  [0m] Stopped Load/Save Random Seed.
[[0;32m  OK  [0m] Stopped Update UTMP about System Boot/Shutdown.
[[0;32m  OK  [0m] Stopped Login to default iSCSI targets.
         Stopping iSCSI initiator daemon (iscsid)...
[[0;32m  OK  [0m] Stopped Create Volatile Files and Directories.
[[0;32m  OK  [0m] Stopped iSCSI initiator daemon (iscsid).
[[0;32m  OK  [0m] Stopped target Network is Online.
[[0;32m  OK  [0m] Stopped Initial cloud-init job (metadata service crawler).
[[0;32m  OK  [0m] Stopped target Network.
         Stopping Raise network interfaces...
[[0;32m  OK  [0m] Stopped Raise network interfaces.
[[0;32m  OK  [0m] Stopped Apply Kernel Variables.
[[0;32m  OK  [0m] Stopped target Network (Pre).
[[0;32m  OK  [0m] Stopped Initial cloud-init job (pre-networking).
[[0;32m  OK  [0m] Stopped target Local File Systems.
         Unmounting /run/user/1000...
[[0;32m  OK  [0m] Stopped Load Kernel Modules.
[[0;32m  OK  [0m] Unmounted /run/user/1000.
[[0;32m  OK  [0m] Reached target Unmount All Filesystems.
[[0;32m  OK  [0m] Stopped target Local File Systems (Pre).
         Stopping Monitoring of LVM2 mirrors... dmeventd or progress polling...
[[0;32m  OK  [0m] Stopped Create Static Device Nodes in /dev.
[[0;32m  OK  [0m] Stopped Remount Root and Kernel File Systems.
[[0;32m  OK  [0m] Reached target Shutdown.
[ 3908.579927] reboot: Restarting system
[    0.000000] Initializing cgroup subsys cpuset
[    0.0000] Initlizig ro subsys pu[    00000] Initializing cgroup subsys cpuacct
[  00000]Lix ersin 4.-119-enri(bildd@cy1-d6-013) (gcc vrsn .4.200609 (Ubunt5..0-6unt1~16.0.9) ) #43UbntSM Mn Ap2 6:8:24 C 18 (Ubnt 44.-119.3-enerc 4..1)
[    0.00] ommandli: OOT_IMGE/botvmliz-.40-119-generic root=UUID=64ac3f76-5f69-4be9-a256-9b77ce9b ro cnslett conletyS0[  0.000 KRNEsupoted us
[   0.00]  IteGeineIte
[   0.00000  MD AthtiMD
  0.00000] Ceau CentarHls
[  .00000] 86pu: xsteofet[2: 76 xstae_ze[2]  6[   0.000] x86fp Supportng XSAVEfetu 001'x floin pintreisters
  0.0000] x6/fp: Spotin XSAE eaure0x02: SSEegisters'
[    0.000000] x86/fpu: Supporting XSAVE feature 0x04: 'AVX registers'
[    0.0000] x6/fu: Enaed xstate atures 0x7, cntxt size is 832 bytes, usig standard'fomat.
[    00000 x86fp: Usin'lzy FPUcotet witces
   0.000 e82: OSprovde pyscal RAma
    .000] IOS-20: [mm x00000000000-0x0000000009bf usale[   0000] BI-e20: [mem x00000009f00-00000000000ffff rered
[  0.00000] BIOS-e820: [mem 0x000000000f000-0x0000000000fffff] reserved
[    0.000000] BIOS-e820: [mem 0x0000000000100000-0x00000007ffefff usabe[   000000] IOSe80: [m x0000007ff0000-0x00000007fffff API data
[    0.000000] BIOS-e20: mem 0x000000ec00000-0x00000000fec0fff] reerved
[   0.000] BIOS-e820: [mem 000000fe00-0x000000f00fff] reserved
[    0.000000] BIOS-e820: [mem 0x00000000ff000-0000000fffff] reerd[  0.0000] NX (EecteDibbl potction: atie[   00000] SMBIO 25 resent.
[    0.00000] Hypviordeteed KM
[    0000000]e80: last_pfn = 0x7fff0 ax_arc_pn  040000000
   0000000 MRR Dsabled[   0.00000] x86/PAT: MTRRs disabled, skipping PAT initialization too.
[    0.00000] CPU MTRRs all ban - vtuliedssysem
[    .00000] 6/AT: nfguation 0-]:WB W  C-UC WB WTUC UC  
[    0.00000]fondSMP MPtaleat [em0x00ff0-0x00ff] mappd t fff880009ff0
[  000000]canig 1 arasfo lw memoy orupion
[    0.000000] RADIK:[mm 0x36400-x370f9fff]]
   000000]ACI:Ealy tae heksum vefiaton dabed
[   .0000] AI:RSP 0x000000000000 000024 (v0VBX )
[  0.0000] ACPI: XSDT0x000007FFF030 000 (v01 VOX  BOXXT 00001 SL  00000061)
[    0.000000] ACPI: FACP 0x000000007FFF00F0 0000F4 (v04 VBOX   VBOXFACP 00000001 ASL  000001)
[    .000000] ACPI: DSDT 0x000000007FFF0470 0021FF (v0 VOX  VBOXBIS 0000002INL 201028
[    00000] CPI: FAC 000000007FFF0200 000040
[    0.000000] ACPI: FACS 0x00000007FFF0200 0040
[    0.000000] ACPI: APIC 0x000000007FFF0240 00005C (v02 VBOX   VBOXAPI 0000001 ASL  00000061)
[    0.000000] ACPI: SSDT 0x000000007FFF02A0 0001CC (v01 VBOX   VBOXCPUT 00000002 INTL 20100528)
[    0.000000] No NUM cnfguratin oud
[    0.000000] Faking a node at [mem 0x0000000000000000-0x000000007ffeffff]
[    00000] NODE_DATA(0) alcated [mem 0x7ffeb000-0x7ffeffff]
[    0.000000] kvm-clock: Using msrs 4b564d01 and 4b564d00
[    0.000000] kvm-clock: cpu 0, msr 0:7ffe3001, primary cpu clock
